Archive member included to satisfy reference by file (symbol)

/home/ryan/Documents/Gitlab/embedded-systems-development-milestones/libopencm3/lib/libopencm3_stm32l4.a(flash_common_all.o)
                              Build/esos_stm32l4_tick.o (flash_prefetch_enable)
/home/ryan/Documents/Gitlab/embedded-systems-development-milestones/libopencm3/lib/libopencm3_stm32l4.a(flash_common_idcache.o)
                              Build/esos_stm32l4_tick.o (flash_dcache_enable)
/home/ryan/Documents/Gitlab/embedded-systems-development-milestones/libopencm3/lib/libopencm3_stm32l4.a(gpio_common_all.o)
                              Build/barrier.o (gpio_toggle)
/home/ryan/Documents/Gitlab/embedded-systems-development-milestones/libopencm3/lib/libopencm3_stm32l4.a(gpio_common_f0234.o)
                              Build/barrier.o (gpio_mode_setup)
/home/ryan/Documents/Gitlab/embedded-systems-development-milestones/libopencm3/lib/libopencm3_stm32l4.a(rcc.o)
                              Build/esos_stm32l4_tick.o (rcc_wait_for_sysclk_status)
/home/ryan/Documents/Gitlab/embedded-systems-development-milestones/libopencm3/lib/libopencm3_stm32l4.a(rcc_common_all.o)
                              Build/barrier.o (rcc_periph_clock_enable)
/home/ryan/Documents/Gitlab/embedded-systems-development-milestones/libopencm3/lib/libopencm3_stm32l4.a(rng_common_v1.o)
                              Build/esos_stm32l4_utils.o (rng_enable)
/home/ryan/Documents/Gitlab/embedded-systems-development-milestones/libopencm3/lib/libopencm3_stm32l4.a(usart_common_all.o)
                              Build/esos_stm32l4_rs232.o (usart_set_baudrate)
/home/ryan/Documents/Gitlab/embedded-systems-development-milestones/libopencm3/lib/libopencm3_stm32l4.a(usart_common_v2.o)
                              Build/esos_stm32l4_rs232.o (usart_send)
/home/ryan/Documents/Gitlab/embedded-systems-development-milestones/libopencm3/lib/libopencm3_stm32l4.a(vector.o)
                              (reset_handler)
/home/ryan/Documents/Gitlab/embedded-systems-development-milestones/libopencm3/lib/libopencm3_stm32l4.a(systick.o)
                              Build/esos_stm32l4_tick.o (systick_set_reload)
/home/ryan/Documents/Gitlab/embedded-systems-development-milestones/libopencm3/lib/libopencm3_stm32l4.a(nvic.o)
                              Build/esos_stm32l4_rs232.o (nvic_enable_irq)
/home/ryan/Documents/Gitlab/embedded-systems-development-milestones/libopencm3/lib/libopencm3_stm32l4.a(assert.o)
                              /home/ryan/Documents/Gitlab/embedded-systems-development-milestones/libopencm3/lib/libopencm3_stm32l4.a(rcc.o) (cm3_assert_failed)

Discarded input sections

 .text          0x0000000000000000        0x0 Build/barrier.o
 .data          0x0000000000000000        0x0 Build/barrier.o
 .bss           0x0000000000000000        0x0 Build/barrier.o
 .text          0x0000000000000000        0x0 Build/esos.o
 .data          0x0000000000000000        0x0 Build/esos.o
 .bss           0x0000000000000000        0x0 Build/esos.o
 .text.esos_GetTaskHandle
                0x0000000000000000       0x40 Build/esos.o
 .text.esos_GetTaskHandleFromID
                0x0000000000000000       0x40 Build/esos.o
 .text.esos_GetMaxNumberTasks
                0x0000000000000000        0x4 Build/esos.o
 .text.esos_RegisterTimer
                0x0000000000000000       0x60 Build/esos.o
 .text.esos_UnregisterTimer
                0x0000000000000000       0x44 Build/esos.o
 .text.esos_GetTimerHandle
                0x0000000000000000       0x40 Build/esos.o
 .text.esos_ChangeTimerPeriod
                0x0000000000000000       0x28 Build/esos.o
 .bss.__esos_u32UserFlags
                0x0000000000000000        0x4 Build/esos.o
 .text          0x0000000000000000        0x0 Build/esos_cb.o
 .data          0x0000000000000000        0x0 Build/esos_cb.o
 .bss           0x0000000000000000        0x0 Build/esos_cb.o
 .text.__esos_CB_WriteUINT16
                0x0000000000000000       0x52 Build/esos_cb.o
 .text.__esos_CB_WriteUINT32
                0x0000000000000000       0xa2 Build/esos_cb.o
 .text.__esos_CB_WriteUINT8Buffer
                0x0000000000000000       0x44 Build/esos_cb.o
 .text.__esos_CB_ReadUINT16
                0x0000000000000000       0x3c Build/esos_cb.o
 .text.__esos_CB_ReadUINT32
                0x0000000000000000       0x70 Build/esos_cb.o
 .text.__esos_CB_ReadUINT8Buffer
                0x0000000000000000       0x3c Build/esos_cb.o
 .text          0x0000000000000000        0x0 Build/esos_utils.o
 .data          0x0000000000000000        0x0 Build/esos_utils.o
 .bss           0x0000000000000000        0x0 Build/esos_utils.o
 .text.esos_taskname_hash_u16
                0x0000000000000000       0x30 Build/esos_utils.o
 .text.esos_buffer_hash_u32
                0x0000000000000000       0x38 Build/esos_utils.o
 .text.esos_string_hash_u32
                0x0000000000000000       0x34 Build/esos_utils.o
 .text.esos_hash_u32_to_u16
[...]
Memory Configuration

Name             Origin             Length             Attributes
rom              0x0000000008000000 0x000000000003e800 xr
ram              0x0000000020000000 0x0000000000028000 xrw
*default*        0x0000000000000000 0xffffffffffffffff

Linker script and memory map

LOAD Build/barrier.o
LOAD Build/esos.o
LOAD Build/esos_cb.o
LOAD Build/esos_utils.o
LOAD Build/esos_comm.o
LOAD Build/esos_mail.o
LOAD Build/esos_stm32l4_tick.o
LOAD Build/esos_stm32l4_utils.o
LOAD Build/esos_stm32l4_rs232.o
LOAD /home/ryan/Documents/Gitlab/embedded-systems-development-milestones/ARM/gcc-arm-none-eabi-10.3-2021.10/bin/../lib/gcc/arm-none-eabi/10.3.1/../../../../arm-none-eabi/lib/thumb/v7e-m+fp/hard/libc_nano.a
LOAD /home/ryan/Documents/Gitlab/embedded-systems-development-milestones/ARM/gcc-arm-none-eabi-10.3-2021.10/bin/../lib/gcc/arm-none-eabi/10.3.1/../../../../arm-none-eabi/lib/thumb/v7e-m+fp/hard/libm.a
LOAD /home/ryan/Documents/Gitlab/embedded-systems-development-milestones/ARM/gcc-arm-none-eabi-10.3-2021.10/bin/../lib/gcc/arm-none-eabi/10.3.1/../../../../arm-none-eabi/lib/thumb/v7e-m+fp/hard/libnosys.a
LOAD /home/ryan/Documents/Gitlab/embedded-systems-development-milestones/libopencm3/lib/libopencm3_stm32l4.a
START GROUP
LOAD /home/ryan/Documents/Gitlab/embedded-systems-development-milestones/ARM/gcc-arm-none-eabi-10.3-2021.10/bin/../lib/gcc/arm-none-eabi/10.3.1/thumb/v7e-m+fp/hard/libgcc.a
LOAD /home/ryan/Documents/Gitlab/embedded-systems-development-milestones/ARM/gcc-arm-none-eabi-10.3-2021.10/bin/../lib/gcc/arm-none-eabi/10.3.1/../../../../arm-none-eabi/lib/thumb/v7e-m+fp/hard/libc_nano.a
END GROUP
START GROUP
LOAD /home/ryan/Documents/Gitlab/embedded-systems-development-milestones/ARM/gcc-arm-none-eabi-10.3-2021.10/bin/../lib/gcc/arm-none-eabi/10.3.1/thumb/v7e-m+fp/hard/libgcc.a
LOAD /home/ryan/Documents/Gitlab/embedded-systems-development-milestones/ARM/gcc-arm-none-eabi-10.3-2021.10/bin/../lib/gcc/arm-none-eabi/10.3.1/../../../../arm-none-eabi/lib/thumb/v7e-m+fp/hard/libc_nano.a
LOAD /home/ryan/Documents/Gitlab/embedded-systems-development-milestones/ARM/gcc-arm-none-eabi-10.3-2021.10/bin/../lib/gcc/arm-none-eabi/10.3.1/../../../../arm-none-eabi/lib/thumb/v7e-m+fp/hard/libnosys.a
END GROUP
START GROUP
LOAD /home/ryan/Documents/Gitlab/embedded-systems-development-milestones/ARM/gcc-arm-none-eabi-10.3-2021.10/bin/../lib/gcc/arm-none-eabi/10.3.1/thumb/v7e-m+fp/hard/libgcc.a
LOAD /home/ryan/Documents/Gitlab/embedded-systems-development-milestones/ARM/gcc-arm-none-eabi-10.3-2021.10/bin/../lib/gcc/arm-none-eabi/10.3.1/../../../../arm-none-eabi/lib/thumb/v7e-m+fp/hard/libc_nano.a
LOAD /home/ryan/Documents/Gitlab/embedded-systems-development-milestones/ARM/gcc-arm-none-eabi-10.3-2021.10/bin/../lib/gcc/arm-none-eabi/10.3.1/../../../../arm-none-eabi/lib/thumb/v7e-m+fp/hard/libnosys.a
END GROUP

.text           0x0000000008000000     0x2bd4
 *(.vectors)
 .vectors       0x0000000008000000      0x1ac /home/ryan/Documents/Gitlab/embedded-systems-development-milestones/libopencm3/lib/libopencm3_stm32l4.a(vector.o)
                0x0000000008000000                vector_table
 *(.text*)
 .text.led_heartbeat
                0x00000000080001ac       0x72 Build/barrier.o
                0x00000000080001ac                led_heartbeat
 *fill*         0x000000000800021e        0x2 
 .text.consumer1
                0x0000000008000220      0x42c Build/barrier.o
                0x0000000008000220                consumer1
 .text.consumer2
                0x000000000800064c      0x464 Build/barrier.o
                0x000000000800064c                consumer2
 .text.consumer3
                0x0000000008000ab0      0x400 Build/barrier.o
                0x0000000008000ab0                consumer3
 .text.consumer4
                0x0000000008000eb0      0x400 Build/barrier.o
                0x0000000008000eb0                consumer4
 .text.consumer5
                0x00000000080012b0      0x400 Build/barrier.o
                0x00000000080012b0                consumer5
 .text.consumer6
                0x00000000080016b0      0x400 Build/barrier.o
                0x00000000080016b0                consumer6
 .text.create_consumer_producers
                0x0000000008001ab0       0x2c Build/barrier.o
                0x0000000008001ab0                create_consumer_producers
 .text.Initialize
                0x0000000008001adc      0x2c4 Build/barrier.o
                0x0000000008001adc                Initialize
 .text.init_hw  0x0000000008001da0       0x18 Build/barrier.o
                0x0000000008001da0                init_hw
 .text.init_sw  0x0000000008001db8       0x3c Build/barrier.o
                0x0000000008001db8                init_sw
 .text.user_init
                0x0000000008001df4       0x5c Build/barrier.o
                0x0000000008001df4                user_init
 .text.esos_RegisterTask
                0x0000000008001e50       0xe0 Build/esos.o
                0x0000000008001e50                esos_RegisterTask
 .text.esos_UnregisterTask
                0x0000000008001f30       0x54 Build/esos.o
                0x0000000008001f30                esos_UnregisterTask
 .text.esos_GetFreeChildTaskStruct
                0x0000000008001f84       0x2c Build/esos.o
                0x0000000008001f84                esos_GetFreeChildTaskStruct
 .text.__esos_hasTickDurationPassed
                0x0000000008001fb0       0x1e Build/esos.o
                0x0000000008001fb0                __esos_hasTickDurationPassed
 *fill*         0x0000000008001fce        0x2 
 .text.__esos_tmrSvcsExecute
                0x0000000008001fd0       0x5c Build/esos.o
                0x0000000008001fd0                __esos_tmrSvcsExecute
 .text.__esosInit
                0x000000000800202c       0xc0 Build/esos.o
                0x000000000800202c                __esosInit
 .text.main     0x00000000080020ec       0xa8 Build/esos.o
                0x00000000080020ec                main
 .text.__esos_CB_Init
                0x0000000008002194        0xc Build/esos_cb.o
                0x0000000008002194                __esos_CB_Init
 .text.__esos_CB_WriteUINT8
                0x00000000080021a0       0x24 Build/esos_cb.o
                0x00000000080021a0                __esos_CB_WriteUINT8
 .text.__esos_CB_OverwriteUINT8
                0x00000000080021c4       0x34 Build/esos_cb.o
                0x00000000080021c4                __esos_CB_OverwriteUINT8
 .text.__esos_CB_ReadUINT8
                0x00000000080021f8       0x1e Build/esos_cb.o
                0x00000000080021f8                __esos_CB_ReadUINT8
 *fill*         0x0000000008002216        0x2 
 .text.__esos_set_PRNG_U32Seed
                0x0000000008002218        0xc Build/esos_utils.o
                0x0000000008002218                __esos_set_PRNG_U32Seed
 .text.__esos_get_PRNG_RandomUint32
                0x0000000008002224       0x48 Build/esos_utils.o
                0x0000000008002224                __esos_get_PRNG_RandomUint32
 .text.esos_GetRandomUint32
                0x000000000800226c        0x8 Build/esos_utils.o
                0x000000000800226c                esos_GetRandomUint32
 .text.__esos_InitCommSystem
                0x0000000008002274       0x40 Build/esos_comm.o
                0x0000000008002274                __esos_InitCommSystem
 .text.__esos_OutChar
                0x00000000080022b4       0x74 Build/esos_comm.o
                0x00000000080022b4                __esos_OutChar
 .text.__esos_OutString
                0x0000000008002328       0x84 Build/esos_comm.o
                0x0000000008002328                __esos_OutString
 .text.__esos_getBuffer
                0x00000000080023ac       0x98 Build/esos_comm.o
                0x00000000080023ac                __esos_getBuffer
 .text.__esos_InitMailbox
                0x0000000008002444        0xc Build/esos_mail.o
                0x0000000008002444                __esos_InitMailbox
 .text.__esos_hw_InitSystemTick
                0x0000000008002450       0xb4 Build/esos_stm32l4_tick.o
                0x0000000008002450                __esos_hw_InitSystemTick
 .text.__esos_hw_GetSystemTickCount
                0x0000000008002504        0xc Build/esos_stm32l4_tick.o
                0x0000000008002504                __esos_hw_GetSystemTickCount
 .text.sys_tick_handler
                0x0000000008002510       0x14 Build/esos_stm32l4_tick.o
                0x0000000008002510                sys_tick_handler
 .text.__esos_hw_PRNG_u32
                0x0000000008002524        0x8 Build/esos_stm32l4_utils.o
                0x0000000008002524                __esos_hw_PRNG_u32
 .text.__esos_hw_config_PRNG
                0x000000000800252c        0x8 Build/esos_stm32l4_utils.o
                0x000000000800252c                __esos_hw_config_PRNG
 .text.__esos_hw_signal_start_tx
                0x0000000008002534       0x44 Build/esos_stm32l4_rs232.o
                0x0000000008002534                __esos_hw_signal_start_tx
 .text.usart2_isr
                0x0000000008002578       0x9c Build/esos_stm32l4_rs232.o
                0x0000000008002578                usart2_isr
 .text.__esos_configUART1
                0x0000000008002614       0xa0 Build/esos_stm32l4_rs232.o
                0x0000000008002614                __esos_configUART1
 .text.__esos_hw_InitCommSystem
                0x00000000080026b4        0xc Build/esos_stm32l4_rs232.o
                0x00000000080026b4                __esos_hw_InitCommSystem
 .text.flash_prefetch_enable
                0x00000000080026c0       0x10 /home/ryan/Documents/Gitlab/embedded-systems-development-milestones/libopencm3/lib/libopencm3_stm32l4.a(flash_common_all.o)
                0x00000000080026c0                flash_prefetch_enable
 .text.flash_set_ws
                0x00000000080026d0       0x14 /home/ryan/Documents/Gitlab/embedded-systems-development-milestones/libopencm3/lib/libopencm3_stm32l4.a(flash_common_all.o)
                0x00000000080026d0                flash_set_ws
 .text.flash_dcache_enable
                0x00000000080026e4       0x10 /home/ryan/Documents/Gitlab/embedded-systems-development-milestones/libopencm3/lib/libopencm3_stm32l4.a(flash_common_idcache.o)
                0x00000000080026e4                flash_dcache_enable
 .text.flash_icache_enable
                0x00000000080026f4       0x10 /home/ryan/Documents/Gitlab/embedded-systems-development-milestones/libopencm3/lib/libopencm3_stm32l4.a(flash_common_idcache.o)
                0x00000000080026f4                flash_icache_enable
 .text.gpio_toggle
                0x0000000008002704       0x12 /home/ryan/Documents/Gitlab/embedded-systems-development-milestones/libopencm3/lib/libopencm3_stm32l4.a(gpio_common_all.o)
                0x0000000008002704                gpio_toggle
 .text.gpio_mode_setup
                0x0000000008002716       0x40 /home/ryan/Documents/Gitlab/embedded-systems-development-milestones/libopencm3/lib/libopencm3_stm32l4.a(gpio_common_f0234.o)
                0x0000000008002716                gpio_mode_setup
 .text.gpio_set_output_options
                0x0000000008002756       0x36 /home/ryan/Documents/Gitlab/embedded-systems-development-milestones/libopencm3/lib/libopencm3_stm32l4.a(gpio_common_f0234.o)
                0x0000000008002756                gpio_set_output_options
 .text.gpio_set_af
                0x000000000800278c       0x58 /home/ryan/Documents/Gitlab/embedded-systems-development-milestones/libopencm3/lib/libopencm3_stm32l4.a(gpio_common_f0234.o)
                0x000000000800278c                gpio_set_af
 .text.rcc_wait_for_sysclk_status
                0x00000000080027e4       0x48 /home/ryan/Documents/Gitlab/embedded-systems-development-milestones/libopencm3/lib/libopencm3_stm32l4.a(rcc.o)
                0x00000000080027e4                rcc_wait_for_sysclk_status
 .text.rcc_osc_on
                0x000000000800282c       0x70 /home/ryan/Documents/Gitlab/embedded-systems-development-milestones/libopencm3/lib/libopencm3_stm32l4.a(rcc.o)
                0x000000000800282c                rcc_osc_on
 .text.rcc_set_sysclk_source
                0x000000000800289c       0x14 /home/ryan/Documents/Gitlab/embedded-systems-development-milestones/libopencm3/lib/libopencm3_stm32l4.a(rcc.o)
                0x000000000800289c                rcc_set_sysclk_source
 .text.rcc_set_main_pll
                0x00000000080028b0       0x28 /home/ryan/Documents/Gitlab/embedded-systems-development-milestones/libopencm3/lib/libopencm3_stm32l4.a(rcc.o)
                0x00000000080028b0                rcc_set_main_pll
 .text.rcc_periph_clock_enable
                0x00000000080028d8       0x1c /home/ryan/Documents/Gitlab/embedded-systems-development-milestones/libopencm3/lib/libopencm3_stm32l4.a(rcc_common_all.o)
                0x00000000080028d8                rcc_periph_clock_enable
 .text.rng_enable
                0x00000000080028f4       0x14 /home/ryan/Documents/Gitlab/embedded-systems-development-milestones/libopencm3/lib/libopencm3_stm32l4.a(rng_common_v1.o)
                0x00000000080028f4                rng_enable
 .text.usart_set_baudrate
                0x0000000008002908       0x4c /home/ryan/Documents/Gitlab/embedded-systems-development-milestones/libopencm3/lib/libopencm3_stm32l4.a(usart_common_all.o)
                0x0000000008002908                usart_set_baudrate
 .text.usart_set_databits
                0x0000000008002954       0x12 /home/ryan/Documents/Gitlab/embedded-systems-development-milestones/libopencm3/lib/libopencm3_stm32l4.a(usart_common_all.o)
                0x0000000008002954                usart_set_databits
 .text.usart_set_stopbits
                0x0000000008002966        0xc /home/ryan/Documents/Gitlab/embedded-systems-development-milestones/libopencm3/lib/libopencm3_stm32l4.a(usart_common_all.o)
                0x0000000008002966                usart_set_stopbits
 .text.usart_set_parity
                0x0000000008002972        0xc /home/ryan/Documents/Gitlab/embedded-systems-development-milestones/libopencm3/lib/libopencm3_stm32l4.a(usart_common_all.o)
                0x0000000008002972                usart_set_parity
 .text.usart_set_mode
                0x000000000800297e        0xc /home/ryan/Documents/Gitlab/embedded-systems-development-milestones/libopencm3/lib/libopencm3_stm32l4.a(usart_common_all.o)
                0x000000000800297e                usart_set_mode
 .text.usart_set_flow_control
                0x000000000800298a        0xc /home/ryan/Documents/Gitlab/embedded-systems-development-milestones/libopencm3/lib/libopencm3_stm32l4.a(usart_common_all.o)
                0x000000000800298a                usart_set_flow_control
 .text.usart_enable
                0x0000000008002996        0xa /home/ryan/Documents/Gitlab/embedded-systems-development-milestones/libopencm3/lib/libopencm3_stm32l4.a(usart_common_all.o)
                0x0000000008002996                usart_enable
 .text.usart_enable_rx_interrupt
                0x00000000080029a0        0xa /home/ryan/Documents/Gitlab/embedded-systems-development-milestones/libopencm3/lib/libopencm3_stm32l4.a(usart_common_all.o)
                0x00000000080029a0                usart_enable_rx_interrupt
 .text.usart_enable_tx_interrupt
                0x00000000080029aa        0xa /home/ryan/Documents/Gitlab/embedded-systems-development-milestones/libopencm3/lib/libopencm3_stm32l4.a(usart_common_all.o)
                0x00000000080029aa                usart_enable_tx_interrupt
 .text.usart_disable_tx_interrupt
                0x00000000080029b4        0xa /home/ryan/Documents/Gitlab/embedded-systems-development-milestones/libopencm3/lib/libopencm3_stm32l4.a(usart_common_all.o)
                0x00000000080029b4                usart_disable_tx_interrupt
 .text.usart_send
                0x00000000080029be        0x8 /home/ryan/Documents/Gitlab/embedded-systems-development-milestones/libopencm3/lib/libopencm3_stm32l4.a(usart_common_v2.o)
                0x00000000080029be                usart_send
 .text.usart_recv
                0x00000000080029c6        0x8 /home/ryan/Documents/Gitlab/embedded-systems-development-milestones/libopencm3/lib/libopencm3_stm32l4.a(usart_common_v2.o)
                0x00000000080029c6                usart_recv
 .text.blocking_handler
                0x00000000080029ce        0x2 /home/ryan/Documents/Gitlab/embedded-systems-development-milestones/libopencm3/lib/libopencm3_stm32l4.a(vector.o)
                0x00000000080029ce                i2c4_ev_isr
                0x00000000080029ce                usart3_isr
                0x00000000080029ce                swpmi1_isr
                0x00000000080029ce                tim7_isr
                0x00000000080029ce                dma2d_isr
                0x00000000080029ce                rng_isr
                0x00000000080029ce                adc1_2_isr
                0x00000000080029ce                i2c4_er_isr
                0x00000000080029ce                blocking_handler
                0x00000000080029ce                tsc_isr
                0x00000000080029ce                tim5_isr
                0x00000000080029ce                rtc_wkup_isr
                0x00000000080029ce                otg_fs_isr
                0x00000000080029ce                tim1_up_tim16_isr
                0x00000000080029ce                spi1_isr
                0x00000000080029ce                i2c3_er_isr
                0x00000000080029ce                dma2_channel7_isr
                0x00000000080029ce                exti2_isr
                0x00000000080029ce                dma1_channel6_isr
                0x00000000080029ce                dma1_channel5_isr
                0x00000000080029ce                dma2_channel5_isr
                0x00000000080029ce                tamp_stamp_isr
                0x00000000080029ce                fmc_isr
                0x00000000080029ce                can1_rx1_isr
                0x00000000080029ce                usart1_isr
                0x00000000080029ce                i2c3_ev_isr
                0x00000000080029ce                usage_fault_handler
                0x00000000080029ce                tim8_trg_com_isr
                0x00000000080029ce                can2_rx0_isr
                0x00000000080029ce                tim1_trg_com_tim17_isr
                0x00000000080029ce                can2_rx1_isr
                0x00000000080029ce                can1_sce_isr
                0x00000000080029ce                tim1_cc_isr
                0x00000000080029ce                can1_tx_isr
                0x00000000080029ce                dma1_channel4_isr
                0x00000000080029ce                tim8_brk_isr
                0x00000000080029ce                dma2_channel4_isr
                0x00000000080029ce                lptim1_isr
                0x00000000080029ce                lpuart1_isr
                0x00000000080029ce                can1_rx0_isr
                0x00000000080029ce                rcc_isr
                0x00000000080029ce                flash_isr
                0x00000000080029ce                uart4_isr
                0x00000000080029ce                rtc_alarm_isr
                0x00000000080029ce                exti15_10_isr
                0x00000000080029ce                hard_fault_handler
                0x00000000080029ce                exti1_isr
                0x00000000080029ce                i2c1_ev_isr
                0x00000000080029ce                dma2_channel1_isr
                0x00000000080029ce                dfsdm2_isr
                0x00000000080029ce                spi2_isr
                0x00000000080029ce                aes_isr
                0x00000000080029ce                tim8_up_isr
                0x00000000080029ce                tim6_dacunder_isr
                0x00000000080029ce                dma2_channel6_isr
                0x00000000080029ce                dma2_channel2_isr
                0x00000000080029ce                exti3_isr
                0x00000000080029ce                adc3_isr
                0x00000000080029ce                tim3_isr
                0x00000000080029ce                sai1_isr
                0x00000000080029ce                fpu_isr
                0x00000000080029ce                i2c2_er_isr
                0x00000000080029ce                i2c2_ev_isr
                0x00000000080029ce                uart5_isr
                0x00000000080029ce                dma1_channel1_isr
                0x00000000080029ce                exti4_isr
                0x00000000080029ce                dfsdm3_isr
                0x00000000080029ce                comp_isr
                0x00000000080029ce                mem_manage_handler
                0x00000000080029ce                can2_tx_isr
                0x00000000080029ce                lptim2_isr
                0x00000000080029ce                lcd_isr
                0x00000000080029ce                exti9_5_isr
                0x00000000080029ce                dma2_channel3_isr
                0x00000000080029ce                dfsdm1_isr
                0x00000000080029ce                dma1_channel7_isr
                0x00000000080029ce                pvd_pvm_isr
                0x00000000080029ce                can2_sce_isr
                0x00000000080029ce                tim4_isr
                0x00000000080029ce                sai2_isr
                0x00000000080029ce                dma1_channel2_isr
                0x00000000080029ce                i2c1_er_isr
                0x00000000080029ce                tim8_cc_isr
                0x00000000080029ce                dcmi_isr
                0x00000000080029ce                hash_crs_isr
                0x00000000080029ce                bus_fault_handler
                0x00000000080029ce                wwdg_isr
                0x00000000080029ce                tim1_brk_tim15_isr
                0x00000000080029ce                dma1_channel3_isr
                0x00000000080029ce                sdmmc1_isr
                0x00000000080029ce                spi3_isr
                0x00000000080029ce                quadspi_isr
                0x00000000080029ce                dfsdm0_isr
                0x00000000080029ce                tim2_isr
                0x00000000080029ce                exti0_isr
 .text.null_handler
                0x00000000080029d0        0x2 /home/ryan/Documents/Gitlab/embedded-systems-development-milestones/libopencm3/lib/libopencm3_stm32l4.a(vector.o)
                0x00000000080029d0                null_handler
                0x00000000080029d0                sv_call_handler
                0x00000000080029d0                pend_sv_handler
                0x00000000080029d0                debug_monitor_handler
                0x00000000080029d0                nmi_handler
 *fill*         0x00000000080029d2        0x2 
 .text.reset_handler
                0x00000000080029d4       0xa0 /home/ryan/Documents/Gitlab/embedded-systems-development-milestones/libopencm3/lib/libopencm3_stm32l4.a(vector.o)
                0x00000000080029d4                reset_handler
 .text.systick_set_reload
                0x0000000008002a74        0xc /home/ryan/Documents/Gitlab/embedded-systems-development-milestones/libopencm3/lib/libopencm3_stm32l4.a(systick.o)
                0x0000000008002a74                systick_set_reload
 .text.systick_set_clocksource
                0x0000000008002a80       0x14 /home/ryan/Documents/Gitlab/embedded-systems-development-milestones/libopencm3/lib/libopencm3_stm32l4.a(systick.o)
                0x0000000008002a80                systick_set_clocksource
 .text.systick_interrupt_enable
                0x0000000008002a94        0xe /home/ryan/Documents/Gitlab/embedded-systems-development-milestones/libopencm3/lib/libopencm3_stm32l4.a(systick.o)
                0x0000000008002a94                systick_interrupt_enable
 .text.systick_counter_enable
                0x0000000008002aa2        0xe /home/ryan/Documents/Gitlab/embedded-systems-development-milestones/libopencm3/lib/libopencm3_stm32l4.a(systick.o)
                0x0000000008002aa2                systick_counter_enable
 .text.nvic_enable_irq
                0x0000000008002ab0       0x1c /home/ryan/Documents/Gitlab/embedded-systems-development-milestones/libopencm3/lib/libopencm3_stm32l4.a(nvic.o)
                0x0000000008002ab0                nvic_enable_irq
                0x0000000008002acc                . = ALIGN (0x4)
 *(.rodata*)
 .rodata.consumer1.str1.4
                0x0000000008002acc       0x28 Build/barrier.o
 .rodata.consumer2.str1.4
                0x0000000008002af4       0x1b Build/barrier.o
 *fill*         0x0000000008002b0f        0x1 
 .rodata.consumer3.str1.4
                0x0000000008002b10       0x1b Build/barrier.o
 *fill*         0x0000000008002b2b        0x1 
 .rodata.consumer4.str1.4
                0x0000000008002b2c       0x1b Build/barrier.o
 *fill*         0x0000000008002b47        0x1 
 .rodata.consumer5.str1.4
                0x0000000008002b48       0x1b Build/barrier.o
 *fill*         0x0000000008002b63        0x1 
 .rodata.consumer6.str1.4
                0x0000000008002b64       0x1b Build/barrier.o
 *fill*         0x0000000008002b7f        0x1 
 .rodata.Initialize.str1.4
                0x0000000008002b80       0x52 Build/barrier.o
                                         0x56 (size before relaxing)
                0x0000000008002bd4                . = ALIGN (0x4)
 *fill*         0x0000000008002bd2        0x2 

.glue_7         0x0000000008002bd4        0x0
 .glue_7        0x0000000008002bd4        0x0 linker stubs

.glue_7t        0x0000000008002bd4        0x0
 .glue_7t       0x0000000008002bd4        0x0 linker stubs

.vfp11_veneer   0x0000000008002bd4        0x0
 .vfp11_veneer  0x0000000008002bd4        0x0 linker stubs

.v4_bx          0x0000000008002bd4        0x0
 .v4_bx         0x0000000008002bd4        0x0 linker stubs

.iplt           0x0000000008002bd4        0x0
 .iplt          0x0000000008002bd4        0x0 Build/barrier.o

.rel.dyn        0x0000000008002bd4        0x0
 .rel.iplt      0x0000000008002bd4        0x0 Build/barrier.o

.preinit_array  0x0000000008002bd4        0x0
                0x0000000008002bd4                . = ALIGN (0x4)
                0x0000000008002bd4                __preinit_array_start = .
 *(.preinit_array)
                0x0000000008002bd4                __preinit_array_end = .

.init_array     0x0000000008002bd4        0x0
                0x0000000008002bd4                . = ALIGN (0x4)
                0x0000000008002bd4                __init_array_start = .
 *(SORT_BY_NAME(.init_array.*))
 *(.init_array)
                0x0000000008002bd4                __init_array_end = .

.fini_array     0x0000000008002bd4        0x0
                0x0000000008002bd4                . = ALIGN (0x4)
                0x0000000008002bd4                __fini_array_start = .
 *(.fini_array)
 *(SORT_BY_NAME(.fini_array.*))
                0x0000000008002bd4                __fini_array_end = .

.ARM.extab
 *(.ARM.extab*)

.ARM.exidx      0x0000000008002bd4        0x0
                0x0000000008002bd4                __exidx_start = .
 *(.ARM.exidx*)
                0x0000000008002bd4                __exidx_end = .
                0x0000000008002bd4                . = ALIGN (0x4)
                0x0000000008002bd4                _etext = .

.noinit
 *(.noinit*)
                0x0000000008002bd4                . = ALIGN (0x4)

.data           0x0000000020000000       0x10 load address 0x0000000008002bd4
                0x0000000020000000                _data = .
 *(.data*)
 .data.u8_max_threads
                0x0000000020000000        0x1 Build/barrier.o
                0x0000000020000000                u8_max_threads
 .data.u8_numConsumers.1
                0x0000000020000001        0x1 Build/barrier.o
 *fill*         0x0000000020000002        0x2 
 .data.rcc_ahb_frequency
                0x0000000020000004        0x4 /home/ryan/Documents/Gitlab/embedded-systems-development-milestones/libopencm3/lib/libopencm3_stm32l4.a(rcc.o)
                0x0000000020000004                rcc_ahb_frequency
 .data.rcc_apb1_frequency
                0x0000000020000008        0x4 /home/ryan/Documents/Gitlab/embedded-systems-development-milestones/libopencm3/lib/libopencm3_stm32l4.a(rcc.o)
                0x0000000020000008                rcc_apb1_frequency
 .data.rcc_apb2_frequency
                0x000000002000000c        0x4 /home/ryan/Documents/Gitlab/embedded-systems-development-milestones/libopencm3/lib/libopencm3_stm32l4.a(rcc.o)
                0x000000002000000c                rcc_apb2_frequency
 *(.ramtext*)
                0x0000000020000010                . = ALIGN (0x4)
                0x0000000020000010                _edata = .
                0x0000000008002bd4                _data_loadaddr = LOADADDR (.data)

.igot.plt       0x0000000020000010        0x0 load address 0x0000000008002be4
 .igot.plt      0x0000000020000010        0x0 Build/barrier.o

.bss            0x0000000020000010     0x1978 load address 0x0000000008002be4
 *(.bss*)
 .bss.Consumer1
                0x0000000020000010        0x2 Build/barrier.o
                0x0000000020000010                Consumer1
 *fill*         0x0000000020000012        0x2 
 .bss.Consumer2
                0x0000000020000014        0x2 Build/barrier.o
                0x0000000020000014                Consumer2
 *fill*         0x0000000020000016        0x2 
 .bss.Consumer3
                0x0000000020000018        0x2 Build/barrier.o
                0x0000000020000018                Consumer3
 *fill*         0x000000002000001a        0x2 
 .bss.Consumer4
                0x000000002000001c        0x2 Build/barrier.o
                0x000000002000001c                Consumer4
 *fill*         0x000000002000001e        0x2 
 .bss.Consumer5
                0x0000000020000020        0x2 Build/barrier.o
                0x0000000020000020                Consumer5
 *fill*         0x0000000020000022        0x2 
 .bss.Consumer6
                0x0000000020000024        0x2 Build/barrier.o
                0x0000000020000024                Consumer6
 *fill*         0x0000000020000026        0x2 
 .bss.th_child.0
                0x0000000020000028        0x4 Build/barrier.o
 .bss.threads   0x000000002000002c        0x2 Build/barrier.o
                0x000000002000002c                threads
 .bss.u8_passed_programs
                0x000000002000002e        0x1 Build/barrier.o
                0x000000002000002e                u8_passed_programs
 *fill*         0x000000002000002f        0x1 
 .bss.__astChildTaskPool
                0x0000000020000030      0x300 Build/esos.o
                0x0000000020000030                __astChildTaskPool
 .bss.__astCircularBuffers
                0x0000000020000330      0x180 Build/esos.o
                0x0000000020000330                __astCircularBuffers
 .bss.__astMailbox
                0x00000000200004b0      0x100 Build/esos.o
                0x00000000200004b0                __astMailbox
 .bss.__astTmrSvcs
                0x00000000200005b0       0xc0 Build/esos.o
                0x00000000200005b0                __astTmrSvcs
 .bss.__astUserTaskPool
                0x0000000020000670      0x300 Build/esos.o
                0x0000000020000670                __astUserTaskPool
 .bss.__au8UserTaskStructIndex
                0x0000000020000970       0x20 Build/esos.o
                0x0000000020000970                __au8UserTaskStructIndex
 .bss.__au8_MBData
                0x0000000020000990      0xf00 Build/esos.o
                0x0000000020000990                __au8_MBData
 .bss.__esos_u32SystemFlags
                0x0000000020001890        0x4 Build/esos.o
                0x0000000020001890                __esos_u32SystemFlags
 .bss.__esos_u32TmrActiveFlags
                0x0000000020001894        0x4 Build/esos.o
                0x0000000020001894                __esos_u32TmrActiveFlags
 .bss.__esos_u8TmrSvcsRegistered
                0x0000000020001898        0x1 Build/esos.o
                0x0000000020001898                __esos_u8TmrSvcsRegistered
 *fill*         0x0000000020001899        0x1 
 .bss.__u16NumTasksEverCreated
                0x000000002000189a        0x2 Build/esos.o
                0x000000002000189a                __u16NumTasksEverCreated
 .bss.__u8ChildTasksRegistered
                0x000000002000189c        0x1 Build/esos.o
                0x000000002000189c                __u8ChildTasksRegistered
 .bss.__u8UserTasksRegistered
                0x000000002000189d        0x1 Build/esos.o
                0x000000002000189d                __u8UserTasksRegistered
 *fill*         0x000000002000189e        0x2 
 .bss.__u32_esos_PRNG_Seed
                0x00000000200018a0        0x4 Build/esos_utils.o
                0x00000000200018a0                __u32_esos_PRNG_Seed
 .bss.__esos_comm_rx_buff
                0x00000000200018a4       0x40 Build/esos_comm.o
                0x00000000200018a4                __esos_comm_rx_buff
 .bss.__esos_comm_tx_buff
                0x00000000200018e4       0x40 Build/esos_comm.o
                0x00000000200018e4                __esos_comm_tx_buff
 .bss.__pst_CB_Rx
                0x0000000020001924        0x4 Build/esos_comm.o
                0x0000000020001924                __pst_CB_Rx
 .bss.__pst_CB_Tx
                0x0000000020001928        0x4 Build/esos_comm.o
                0x0000000020001928                __pst_CB_Tx
 .bss.__stChildTaskRx
                0x000000002000192c       0x18 Build/esos_comm.o
                0x000000002000192c                __stChildTaskRx
 .bss.__stChildTaskTx
                0x0000000020001944       0x18 Build/esos_comm.o
                0x0000000020001944                __stChildTaskTx
 .bss.__st_CB_Rx
                0x000000002000195c        0xc Build/esos_comm.o
                0x000000002000195c                __st_CB_Rx
 .bss.__st_CB_Tx
                0x0000000020001968        0xc Build/esos_comm.o
                0x0000000020001968                __st_CB_Tx
 .bss.pau8_LocalPtr.2
                0x0000000020001974        0x4 Build/esos_comm.o
 .bss.psz_local.4
                0x0000000020001978        0x4 Build/esos_comm.o
 .bss.u8_LocalSize.3
                0x000000002000197c        0x1 Build/esos_comm.o
 .bss.u8_i.1    0x000000002000197d        0x1 Build/esos_comm.o
 .bss.u8_localChar.11
                0x000000002000197e        0x1 Build/esos_comm.o
 *fill*         0x000000002000197f        0x1 
 .bss.esos_tick_count
                0x0000000020001980        0x4 Build/esos_stm32l4_tick.o
                0x0000000020001980                esos_tick_count
 .bss.u8_uartRXbuf
                0x0000000020001984        0x1 Build/esos_stm32l4_rs232.o
                0x0000000020001984                u8_uartRXbuf
 .bss.u8_uartTXbuf
                0x0000000020001985        0x1 Build/esos_stm32l4_rs232.o
                0x0000000020001985                u8_uartTXbuf
 *(COMMON)
                0x0000000020001988                . = ALIGN (0x4)
 *fill*         0x0000000020001986        0x2 
                0x0000000020001988                _ebss = .

/DISCARD/
 *(.eh_frame)
                0x0000000020001988                . = ALIGN (0x4)
                0x0000000020001988                end = .
                0x0000000020028000                PROVIDE (_stack = (ORIGIN (ram) + LENGTH (ram)))
OUTPUT(Build/barrier.elf elf32-littlearm)
LOAD linker stubs

.debug_info     0x0000000000000000     0x65b1
 .debug_info    0x0000000000000000      0x9f2 Build/barrier.o
 .debug_info    0x00000000000009f2      0xa5b Build/esos.o
 .debug_info    0x000000000000144d      0x491 Build/esos_cb.o
 .debug_info    0x00000000000018de      0x2f2 Build/esos_utils.o
 .debug_info    0x0000000000001bd0      0x9b6 Build/esos_comm.o
 .debug_info    0x0000000000002586      0x52c Build/esos_mail.o
 .debug_info    0x0000000000002ab2      0x73b Build/esos_stm32l4_tick.o
 .debug_info    0x00000000000031ed      0x129 Build/esos_stm32l4_utils.o
 .debug_info    0x0000000000003316      0x92b Build/esos_stm32l4_rs232.o
 .debug_info    0x0000000000003c41       0xfc /home/ryan/Documents/Gitlab/embedded-systems-development-milestones/libopencm3/lib/libopencm3_stm32l4.a(flash_common_all.o)
 .debug_info    0x0000000000003d3d       0xf4 /home/ryan/Documents/Gitlab/embedded-systems-development-milestones/libopencm3/lib/libopencm3_stm32l4.a(flash_common_idcache.o)
 .debug_info    0x0000000000003e31      0x266 /home/ryan/Documents/Gitlab/embedded-systems-development-milestones/libopencm3/lib/libopencm3_stm32l4.a(gpio_common_all.o)
 .debug_info    0x0000000000004097      0x233 /home/ryan/Documents/Gitlab/embedded-systems-development-milestones/libopencm3/lib/libopencm3_stm32l4.a(gpio_common_f0234.o)
 .debug_info    0x00000000000042ca      0x7c7 /home/ryan/Documents/Gitlab/embedded-systems-development-milestones/libopencm3/lib/libopencm3_stm32l4.a(rcc.o)
 .debug_info    0x0000000000004a91      0x847 /home/ryan/Documents/Gitlab/embedded-systems-development-milestones/libopencm3/lib/libopencm3_stm32l4.a(rcc_common_all.o)
 .debug_info    0x00000000000052d8      0x1a4 /home/ryan/Documents/Gitlab/embedded-systems-development-milestones/libopencm3/lib/libopencm3_stm32l4.a(rng_common_v1.o)
 .debug_info    0x000000000000547c      0x5c4 /home/ryan/Documents/Gitlab/embedded-systems-development-milestones/libopencm3/lib/libopencm3_stm32l4.a(usart_common_all.o)
 .debug_info    0x0000000000005a40      0x3ae /home/ryan/Documents/Gitlab/embedded-systems-development-milestones/libopencm3/lib/libopencm3_stm32l4.a(usart_common_v2.o)
 .debug_info    0x0000000000005dee      0x2f2 /home/ryan/Documents/Gitlab/embedded-systems-development-milestones/libopencm3/lib/libopencm3_stm32l4.a(vector.o)
 .debug_info    0x00000000000060e0      0x280 /home/ryan/Documents/Gitlab/embedded-systems-development-milestones/libopencm3/lib/libopencm3_stm32l4.a(systick.o)
 .debug_info    0x0000000000006360      0x251 /home/ryan/Documents/Gitlab/embedded-systems-development-milestones/libopencm3/lib/libopencm3_stm32l4.a(nvic.o)

.debug_abbrev   0x0000000000000000     0x1c10
 .debug_abbrev  0x0000000000000000      0x20a Build/barrier.o
 .debug_abbrev  0x000000000000020a      0x2c9 Build/esos.o
 .debug_abbrev  0x00000000000004d3      0x12d Build/esos_cb.o
 .debug_abbrev  0x0000000000000600      0x158 Build/esos_utils.o
 .debug_abbrev  0x0000000000000758      0x202 Build/esos_comm.o
 .debug_abbrev  0x000000000000095a      0x17f Build/esos_mail.o
 .debug_abbrev  0x0000000000000ad9      0x150 Build/esos_stm32l4_tick.o
 .debug_abbrev  0x0000000000000c29       0xc1 Build/esos_stm32l4_utils.o
 .debug_abbrev  0x0000000000000cea      0x1b5 Build/esos_stm32l4_rs232.o
 .debug_abbrev  0x0000000000000e9f       0x9a /home/ryan/Documents/Gitlab/embedded-systems-development-milestones/libopencm3/lib/libopencm3_stm32l4.a(flash_common_all.o)
 .debug_abbrev  0x0000000000000f39       0x56 /home/ryan/Documents/Gitlab/embedded-systems-development-milestones/libopencm3/lib/libopencm3_stm32l4.a(flash_common_idcache.o)
 .debug_abbrev  0x0000000000000f8f      0x116 /home/ryan/Documents/Gitlab/embedded-systems-development-milestones/libopencm3/lib/libopencm3_stm32l4.a(gpio_common_all.o)
 .debug_abbrev  0x00000000000010a5       0xbf /home/ryan/Documents/Gitlab/embedded-systems-development-milestones/libopencm3/lib/libopencm3_stm32l4.a(gpio_common_f0234.o)
 .debug_abbrev  0x0000000000001164      0x251 /home/ryan/Documents/Gitlab/embedded-systems-development-milestones/libopencm3/lib/libopencm3_stm32l4.a(rcc.o)
 .debug_abbrev  0x00000000000013b5      0x177 /home/ryan/Documents/Gitlab/embedded-systems-development-milestones/libopencm3/lib/libopencm3_stm32l4.a(rcc_common_all.o)
 .debug_abbrev  0x000000000000152c      0x12e /home/ryan/Documents/Gitlab/embedded-systems-development-milestones/libopencm3/lib/libopencm3_stm32l4.a(rng_common_v1.o)
 .debug_abbrev  0x000000000000165a      0x129 /home/ryan/Documents/Gitlab/embedded-systems-development-milestones/libopencm3/lib/libopencm3_stm32l4.a(usart_common_all.o)
 .debug_abbrev  0x0000000000001783      0x128 /home/ryan/Documents/Gitlab/embedded-systems-development-milestones/libopencm3/lib/libopencm3_stm32l4.a(usart_common_v2.o)
 .debug_abbrev  0x00000000000018ab      0x15b /home/ryan/Documents/Gitlab/embedded-systems-development-milestones/libopencm3/lib/libopencm3_stm32l4.a(vector.o)
 .debug_abbrev  0x0000000000001a06      0x155 /home/ryan/Documents/Gitlab/embedded-systems-development-milestones/libopencm3/lib/libopencm3_stm32l4.a(systick.o)
 .debug_abbrev  0x0000000000001b5b       0xb5 /home/ryan/Documents/Gitlab/embedded-systems-development-milestones/libopencm3/lib/libopencm3_stm32l4.a(nvic.o)

.debug_loc      0x0000000000000000     0x313b
 .debug_loc     0x0000000000000000      0x361 Build/barrier.o
 .debug_loc     0x0000000000000361      0xa8c Build/esos.o
 .debug_loc     0x0000000000000ded      0x3bf Build/esos_cb.o
 .debug_loc     0x00000000000011ac      0x24d Build/esos_utils.o
 .debug_loc     0x00000000000013f9      0x72c Build/esos_comm.o
 .debug_loc     0x0000000000001b25      0x20d Build/esos_mail.o
 .debug_loc     0x0000000000001d32       0x58 Build/esos_stm32l4_tick.o
 .debug_loc     0x0000000000001d8a       0x40 Build/esos_stm32l4_utils.o
 .debug_loc     0x0000000000001dca       0xb2 Build/esos_stm32l4_rs232.o
 .debug_loc     0x0000000000001e7c       0x47 /home/ryan/Documents/Gitlab/embedded-systems-development-milestones/libopencm3/lib/libopencm3_stm32l4.a(flash_common_all.o)
 .debug_loc     0x0000000000001ec3       0xbe /home/ryan/Documents/Gitlab/embedded-systems-development-milestones/libopencm3/lib/libopencm3_stm32l4.a(gpio_common_all.o)
 .debug_loc     0x0000000000001f81      0x14f /home/ryan/Documents/Gitlab/embedded-systems-development-milestones/libopencm3/lib/libopencm3_stm32l4.a(gpio_common_f0234.o)
 .debug_loc     0x00000000000020d0      0x7c7 /home/ryan/Documents/Gitlab/embedded-systems-development-milestones/libopencm3/lib/libopencm3_stm32l4.a(rcc.o)
 .debug_loc     0x0000000000002897      0x120 /home/ryan/Documents/Gitlab/embedded-systems-development-milestones/libopencm3/lib/libopencm3_stm32l4.a(rcc_common_all.o)
 .debug_loc     0x00000000000029b7       0xbb /home/ryan/Documents/Gitlab/embedded-systems-development-milestones/libopencm3/lib/libopencm3_stm32l4.a(rng_common_v1.o)
 .debug_loc     0x0000000000002a72      0x1e2 /home/ryan/Documents/Gitlab/embedded-systems-development-milestones/libopencm3/lib/libopencm3_stm32l4.a(usart_common_all.o)
 .debug_loc     0x0000000000002c54       0xe0 /home/ryan/Documents/Gitlab/embedded-systems-development-milestones/libopencm3/lib/libopencm3_stm32l4.a(usart_common_v2.o)
 .debug_loc     0x0000000000002d34      0x128 /home/ryan/Documents/Gitlab/embedded-systems-development-milestones/libopencm3/lib/libopencm3_stm32l4.a(vector.o)
 .debug_loc     0x0000000000002e5c      0x192 /home/ryan/Documents/Gitlab/embedded-systems-development-milestones/libopencm3/lib/libopencm3_stm32l4.a(systick.o)
 .debug_loc     0x0000000000002fee      0x14d /home/ryan/Documents/Gitlab/embedded-systems-development-milestones/libopencm3/lib/libopencm3_stm32l4.a(nvic.o)

.debug_aranges  0x0000000000000000      0x880
 .debug_aranges
                0x0000000000000000       0x78 Build/barrier.o
 .debug_aranges
                0x0000000000000078       0x88 Build/esos.o
 .debug_aranges
                0x0000000000000100       0x68 Build/esos_cb.o
 .debug_aranges
                0x0000000000000168       0x50 Build/esos_utils.o
 .debug_aranges
                0x00000000000001b8       0x88 Build/esos_comm.o
 .debug_aranges
                0x0000000000000240       0x30 Build/esos_mail.o
 .debug_aranges
                0x0000000000000270       0x40 Build/esos_stm32l4_tick.o
 .debug_aranges
                0x00000000000002b0       0x30 Build/esos_stm32l4_utils.o
 .debug_aranges
                0x00000000000002e0       0x58 Build/esos_stm32l4_rs232.o
 .debug_aranges
                0x0000000000000338       0x38 /home/ryan/Documents/Gitlab/embedded-systems-development-milestones/libopencm3/lib/libopencm3_stm32l4.a(flash_common_all.o)
 .debug_aranges
                0x0000000000000370       0x48 /home/ryan/Documents/Gitlab/embedded-systems-development-milestones/libopencm3/lib/libopencm3_stm32l4.a(flash_common_idcache.o)
 .debug_aranges
                0x00000000000003b8       0x50 /home/ryan/Documents/Gitlab/embedded-systems-development-milestones/libopencm3/lib/libopencm3_stm32l4.a(gpio_common_all.o)
 .debug_aranges
                0x0000000000000408       0x30 /home/ryan/Documents/Gitlab/embedded-systems-development-milestones/libopencm3/lib/libopencm3_stm32l4.a(gpio_common_f0234.o)
 .debug_aranges
                0x0000000000000438      0x118 /home/ryan/Documents/Gitlab/embedded-systems-development-milestones/libopencm3/lib/libopencm3_stm32l4.a(rcc.o)
 .debug_aranges
                0x0000000000000550       0x60 /home/ryan/Documents/Gitlab/embedded-systems-development-milestones/libopencm3/lib/libopencm3_stm32l4.a(rcc_common_all.o)
 .debug_aranges
                0x00000000000005b0       0x48 /home/ryan/Documents/Gitlab/embedded-systems-development-milestones/libopencm3/lib/libopencm3_stm32l4.a(rng_common_v1.o)
 .debug_aranges
                0x00000000000005f8       0xd8 /home/ryan/Documents/Gitlab/embedded-systems-development-milestones/libopencm3/lib/libopencm3_stm32l4.a(usart_common_all.o)
 .debug_aranges
                0x00000000000006d0       0xa8 /home/ryan/Documents/Gitlab/embedded-systems-development-milestones/libopencm3/lib/libopencm3_stm32l4.a(usart_common_v2.o)
 .debug_aranges
                0x0000000000000778       0x30 /home/ryan/Documents/Gitlab/embedded-systems-development-milestones/libopencm3/lib/libopencm3_stm32l4.a(vector.o)
 .debug_aranges
                0x00000000000007a8       0x78 /home/ryan/Documents/Gitlab/embedded-systems-development-milestones/libopencm3/lib/libopencm3_stm32l4.a(systick.o)
 .debug_aranges
                0x0000000000000820       0x60 /home/ryan/Documents/Gitlab/embedded-systems-development-milestones/libopencm3/lib/libopencm3_stm32l4.a(nvic.o)

.debug_ranges   0x0000000000000000      0x7a8
 .debug_ranges  0x0000000000000000       0x80 Build/barrier.o
 .debug_ranges  0x0000000000000080       0x78 Build/esos.o
 .debug_ranges  0x00000000000000f8       0x58 Build/esos_cb.o
 .debug_ranges  0x0000000000000150       0x40 Build/esos_utils.o
 .debug_ranges  0x0000000000000190       0x78 Build/esos_comm.o
 .debug_ranges  0x0000000000000208       0x20 Build/esos_mail.o
 .debug_ranges  0x0000000000000228       0x30 Build/esos_stm32l4_tick.o
 .debug_ranges  0x0000000000000258       0x20 Build/esos_stm32l4_utils.o
 .debug_ranges  0x0000000000000278       0x48 Build/esos_stm32l4_rs232.o
 .debug_ranges  0x00000000000002c0       0x28 /home/ryan/Documents/Gitlab/embedded-systems-development-milestones/libopencm3/lib/libopencm3_stm32l4.a(flash_common_all.o)
 .debug_ranges  0x00000000000002e8       0x38 /home/ryan/Documents/Gitlab/embedded-systems-development-milestones/libopencm3/lib/libopencm3_stm32l4.a(flash_common_idcache.o)
 .debug_ranges  0x0000000000000320       0x40 /home/ryan/Documents/Gitlab/embedded-systems-development-milestones/libopencm3/lib/libopencm3_stm32l4.a(gpio_common_all.o)
 .debug_ranges  0x0000000000000360       0x20 /home/ryan/Documents/Gitlab/embedded-systems-development-milestones/libopencm3/lib/libopencm3_stm32l4.a(gpio_common_f0234.o)
 .debug_ranges  0x0000000000000380      0x138 /home/ryan/Documents/Gitlab/embedded-systems-development-milestones/libopencm3/lib/libopencm3_stm32l4.a(rcc.o)
 .debug_ranges  0x00000000000004b8       0x50 /home/ryan/Documents/Gitlab/embedded-systems-development-milestones/libopencm3/lib/libopencm3_stm32l4.a(rcc_common_all.o)
 .debug_ranges  0x0000000000000508       0x50 /home/ryan/Documents/Gitlab/embedded-systems-development-milestones/libopencm3/lib/libopencm3_stm32l4.a(rng_common_v1.o)
 .debug_ranges  0x0000000000000558       0xc8 /home/ryan/Documents/Gitlab/embedded-systems-development-milestones/libopencm3/lib/libopencm3_stm32l4.a(usart_common_all.o)
 .debug_ranges  0x0000000000000620       0x98 /home/ryan/Documents/Gitlab/embedded-systems-development-milestones/libopencm3/lib/libopencm3_stm32l4.a(usart_common_v2.o)
 .debug_ranges  0x00000000000006b8       0x20 /home/ryan/Documents/Gitlab/embedded-systems-development-milestones/libopencm3/lib/libopencm3_stm32l4.a(vector.o)
 .debug_ranges  0x00000000000006d8       0x80 /home/ryan/Documents/Gitlab/embedded-systems-development-milestones/libopencm3/lib/libopencm3_stm32l4.a(systick.o)
 .debug_ranges  0x0000000000000758       0x50 /home/ryan/Documents/Gitlab/embedded-systems-development-milestones/libopencm3/lib/libopencm3_stm32l4.a(nvic.o)

.debug_line     0x0000000000000000     0x8a07
 .debug_line    0x0000000000000000     0x1cb9 Build/barrier.o
 .debug_line    0x0000000000001cb9      0x96f Build/esos.o
 .debug_line    0x0000000000002628      0x549 Build/esos_cb.o
 .debug_line    0x0000000000002b71      0x37b Build/esos_utils.o
 .debug_line    0x0000000000002eec      0xaa8 Build/esos_comm.o
 .debug_line    0x0000000000003994      0x4bc Build/esos_mail.o
 .debug_line    0x0000000000003e50      0x40c Build/esos_stm32l4_tick.o
 .debug_line    0x000000000000425c      0x29b Build/esos_stm32l4_utils.o
 .debug_line    0x00000000000044f7      0x52d Build/esos_stm32l4_rs232.o
 .debug_line    0x0000000000004a24      0x3fa /home/ryan/Documents/Gitlab/embedded-systems-development-milestones/libopencm3/lib/libopencm3_stm32l4.a(flash_common_all.o)
 .debug_line    0x0000000000004e1e      0x413 /home/ryan/Documents/Gitlab/embedded-systems-development-milestones/libopencm3/lib/libopencm3_stm32l4.a(flash_common_idcache.o)
 .debug_line    0x0000000000005231      0x470 /home/ryan/Documents/Gitlab/embedded-systems-development-milestones/libopencm3/lib/libopencm3_stm32l4.a(gpio_common_all.o)
 .debug_line    0x00000000000056a1      0x558 /home/ryan/Documents/Gitlab/embedded-systems-development-milestones/libopencm3/lib/libopencm3_stm32l4.a(gpio_common_f0234.o)
 .debug_line    0x0000000000005bf9      0xadb /home/ryan/Documents/Gitlab/embedded-systems-development-milestones/libopencm3/lib/libopencm3_stm32l4.a(rcc.o)
 .debug_line    0x00000000000066d4      0x4aa /home/ryan/Documents/Gitlab/embedded-systems-development-milestones/libopencm3/lib/libopencm3_stm32l4.a(rcc_common_all.o)
 .debug_line    0x0000000000006b7e      0x49a /home/ryan/Documents/Gitlab/embedded-systems-development-milestones/libopencm3/lib/libopencm3_stm32l4.a(rng_common_v1.o)
 .debug_line    0x0000000000007018      0x6ef /home/ryan/Documents/Gitlab/embedded-systems-development-milestones/libopencm3/lib/libopencm3_stm32l4.a(usart_common_all.o)
 .debug_line    0x0000000000007707      0x593 /home/ryan/Documents/Gitlab/embedded-systems-development-milestones/libopencm3/lib/libopencm3_stm32l4.a(usart_common_v2.o)
 .debug_line    0x0000000000007c9a      0x4ec /home/ryan/Documents/Gitlab/embedded-systems-development-milestones/libopencm3/lib/libopencm3_stm32l4.a(vector.o)
 .debug_line    0x0000000000008186      0x438 /home/ryan/Documents/Gitlab/embedded-systems-development-milestones/libopencm3/lib/libopencm3_stm32l4.a(systick.o)
 .debug_line    0x00000000000085be      0x449 /home/ryan/Documents/Gitlab/embedded-systems-development-milestones/libopencm3/lib/libopencm3_stm32l4.a(nvic.o)

.debug_str      0x0000000000000000    0x11bb8
 .debug_str     0x0000000000000000      0x424 Build/barrier.o
                                        0x4e5 (size before relaxing)
 .debug_str     0x0000000000000424      0x3a7 Build/esos.o
                                        0x6a4 (size before relaxing)
 .debug_str     0x00000000000007cb      0x169 Build/esos_cb.o
                                        0x362 (size before relaxing)
 .debug_str     0x0000000000000934      0x109 Build/esos_utils.o
                                        0x2c8 (size before relaxing)
 .debug_str     0x0000000000000a3d      0x237 Build/esos_comm.o
                                        0x56a (size before relaxing)
 .debug_str     0x0000000000000c74      0x128 Build/esos_mail.o
                                        0x478 (size before relaxing)
 .debug_str     0x0000000000000d9c      0x675 Build/esos_stm32l4_tick.o
                                        0x869 (size before relaxing)
 .debug_str     0x0000000000001411       0x6c Build/esos_stm32l4_utils.o
                                        0x245 (size before relaxing)
 .debug_str     0x000000000000147d      0x21a Build/esos_stm32l4_rs232.o
                                        0x93d (size before relaxing)
 .debug_str     0x0000000000001697     0x5cf7 /home/ryan/Documents/Gitlab/embedded-systems-development-milestones/libopencm3/lib/libopencm3_stm32l4.a(flash_common_all.o)
                                       0x5e89 (size before relaxing)
 .debug_str     0x000000000000738e       0x71 /home/ryan/Documents/Gitlab/embedded-systems-development-milestones/libopencm3/lib/libopencm3_stm32l4.a(flash_common_idcache.o)
                                       0x5eab (size before relaxing)
 .debug_str     0x00000000000073ff     0x1664 /home/ryan/Documents/Gitlab/embedded-systems-development-milestones/libopencm3/lib/libopencm3_stm32l4.a(gpio_common_all.o)
                                       0x6578 (size before relaxing)
 .debug_str     0x0000000000008a63       0x61 /home/ryan/Documents/Gitlab/embedded-systems-development-milestones/libopencm3/lib/libopencm3_stm32l4.a(gpio_common_f0234.o)
                                       0x659a (size before relaxing)
 .debug_str     0x0000000000008ac4     0x3b3e /home/ryan/Documents/Gitlab/embedded-systems-development-milestones/libopencm3/lib/libopencm3_stm32l4.a(rcc.o)
                                       0x8b31 (size before relaxing)
 .debug_str     0x000000000000c602      0x3c3 /home/ryan/Documents/Gitlab/embedded-systems-development-milestones/libopencm3/lib/libopencm3_stm32l4.a(rcc_common_all.o)
                                       0x8f8d (size before relaxing)
 .debug_str     0x000000000000c9c5      0x19b /home/ryan/Documents/Gitlab/embedded-systems-development-milestones/libopencm3/lib/libopencm3_stm32l4.a(rng_common_v1.o)
                                       0x5090 (size before relaxing)
 .debug_str     0x000000000000cb60     0x1e91 /home/ryan/Documents/Gitlab/embedded-systems-development-milestones/libopencm3/lib/libopencm3_stm32l4.a(usart_common_all.o)
                                       0xa679 (size before relaxing)
 .debug_str     0x000000000000e9f1      0x190 /home/ryan/Documents/Gitlab/embedded-systems-development-milestones/libopencm3/lib/libopencm3_stm32l4.a(usart_common_v2.o)
                                       0x6dbf (size before relaxing)
 .debug_str     0x000000000000eb81     0x2c88 /home/ryan/Documents/Gitlab/embedded-systems-development-milestones/libopencm3/lib/libopencm3_stm32l4.a(vector.o)
                                       0x6dd6 (size before relaxing)
 .debug_str     0x0000000000011809      0x2eb /home/ryan/Documents/Gitlab/embedded-systems-development-milestones/libopencm3/lib/libopencm3_stm32l4.a(systick.o)
                                       0x44b8 (size before relaxing)
 .debug_str     0x0000000000011af4       0xc4 /home/ryan/Documents/Gitlab/embedded-systems-development-milestones/libopencm3/lib/libopencm3_stm32l4.a(nvic.o)
                                       0x60a8 (size before relaxing)

.comment        0x0000000000000000       0x49
 .comment       0x0000000000000000       0x49 Build/barrier.o
                                         0x4a (size before relaxing)
 .comment       0x0000000000000049       0x4a Build/esos.o
 .comment       0x0000000000000049       0x4a Build/esos_cb.o
 .comment       0x0000000000000049       0x4a Build/esos_utils.o
 .comment       0x0000000000000049       0x4a Build/esos_comm.o
 .comment       0x0000000000000049       0x4a Build/esos_mail.o
 .comment       0x0000000000000049       0x4a Build/esos_stm32l4_tick.o
 .comment       0x0000000000000049       0x4a Build/esos_stm32l4_utils.o
 .comment       0x0000000000000049       0x4a Build/esos_stm32l4_rs232.o
 .comment       0x0000000000000049       0x4a /home/ryan/Documents/Gitlab/embedded-systems-development-milestones/libopencm3/lib/libopencm3_stm32l4.a(flash_common_all.o)
 .comment       0x0000000000000049       0x4a /home/ryan/Documents/Gitlab/embedded-systems-development-milestones/libopencm3/lib/libopencm3_stm32l4.a(flash_common_idcache.o)
 .comment       0x0000000000000049       0x4a /home/ryan/Documents/Gitlab/embedded-systems-development-milestones/libopencm3/lib/libopencm3_stm32l4.a(gpio_common_all.o)
 .comment       0x0000000000000049       0x4a /home/ryan/Documents/Gitlab/embedded-systems-development-milestones/libopencm3/lib/libopencm3_stm32l4.a(gpio_common_f0234.o)
 .comment       0x0000000000000049       0x4a /home/ryan/Documents/Gitlab/embedded-systems-development-milestones/libopencm3/lib/libopencm3_stm32l4.a(rcc.o)
 .comment       0x0000000000000049       0x4a /home/ryan/Documents/Gitlab/embedded-systems-development-milestones/libopencm3/lib/libopencm3_stm32l4.a(rcc_common_all.o)
 .comment       0x0000000000000049       0x4a /home/ryan/Documents/Gitlab/embedded-systems-development-milestones/libopencm3/lib/libopencm3_stm32l4.a(rng_common_v1.o)
 .comment       0x0000000000000049       0x4a /home/ryan/Documents/Gitlab/embedded-systems-development-milestones/libopencm3/lib/libopencm3_stm32l4.a(usart_common_all.o)
 .comment       0x0000000000000049       0x4a /home/ryan/Documents/Gitlab/embedded-systems-development-milestones/libopencm3/lib/libopencm3_stm32l4.a(usart_common_v2.o)
 .comment       0x0000000000000049       0x4a /home/ryan/Documents/Gitlab/embedded-systems-development-milestones/libopencm3/lib/libopencm3_stm32l4.a(vector.o)
 .comment       0x0000000000000049       0x4a /home/ryan/Documents/Gitlab/embedded-systems-development-milestones/libopencm3/lib/libopencm3_stm32l4.a(systick.o)
 .comment       0x0000000000000049       0x4a /home/ryan/Documents/Gitlab/embedded-systems-development-milestones/libopencm3/lib/libopencm3_stm32l4.a(nvic.o)

.ARM.attributes
                0x0000000000000000       0x34
 .ARM.attributes
                0x0000000000000000       0x34 Build/barrier.o
 .ARM.attributes
                0x0000000000000034       0x34 Build/esos.o
 .ARM.attributes
                0x0000000000000068       0x34 Build/esos_cb.o
 .ARM.attributes
                0x000000000000009c       0x34 Build/esos_utils.o
 .ARM.attributes
                0x00000000000000d0       0x34 Build/esos_comm.o
 .ARM.attributes
                0x0000000000000104       0x34 Build/esos_mail.o
 .ARM.attributes
                0x0000000000000138       0x34 Build/esos_stm32l4_tick.o
 .ARM.attributes
                0x000000000000016c       0x34 Build/esos_stm32l4_utils.o
 .ARM.attributes
                0x00000000000001a0       0x34 Build/esos_stm32l4_rs232.o
 .ARM.attributes
                0x00000000000001d4       0x34 /home/ryan/Documents/Gitlab/embedded-systems-development-milestones/libopencm3/lib/libopencm3_stm32l4.a(flash_common_all.o)
 .ARM.attributes
                0x0000000000000208       0x34 /home/ryan/Documents/Gitlab/embedded-systems-development-milestones/libopencm3/lib/libopencm3_stm32l4.a(flash_common_idcache.o)
 .ARM.attributes
                0x000000000000023c       0x34 /home/ryan/Documents/Gitlab/embedded-systems-development-milestones/libopencm3/lib/libopencm3_stm32l4.a(gpio_common_all.o)
 .ARM.attributes
                0x0000000000000270       0x34 /home/ryan/Documents/Gitlab/embedded-systems-development-milestones/libopencm3/lib/libopencm3_stm32l4.a(gpio_common_f0234.o)
 .ARM.attributes
                0x00000000000002a4       0x34 /home/ryan/Documents/Gitlab/embedded-systems-development-milestones/libopencm3/lib/libopencm3_stm32l4.a(rcc.o)
 .ARM.attributes
                0x00000000000002d8       0x34 /home/ryan/Documents/Gitlab/embedded-systems-development-milestones/libopencm3/lib/libopencm3_stm32l4.a(rcc_common_all.o)
 .ARM.attributes
                0x000000000000030c       0x34 /home/ryan/Documents/Gitlab/embedded-systems-development-milestones/libopencm3/lib/libopencm3_stm32l4.a(rng_common_v1.o)
 .ARM.attributes
                0x0000000000000340       0x34 /home/ryan/Documents/Gitlab/embedded-systems-development-milestones/libopencm3/lib/libopencm3_stm32l4.a(usart_common_all.o)
 .ARM.attributes
                0x0000000000000374       0x34 /home/ryan/Documents/Gitlab/embedded-systems-development-milestones/libopencm3/lib/libopencm3_stm32l4.a(usart_common_v2.o)
 .ARM.attributes
                0x00000000000003a8       0x34 /home/ryan/Documents/Gitlab/embedded-systems-development-milestones/libopencm3/lib/libopencm3_stm32l4.a(vector.o)
 .ARM.attributes
                0x00000000000003dc       0x34 /home/ryan/Documents/Gitlab/embedded-systems-development-milestones/libopencm3/lib/libopencm3_stm32l4.a(systick.o)
 .ARM.attributes
                0x0000000000000410       0x34 /home/ryan/Documents/Gitlab/embedded-systems-development-milestones/libopencm3/lib/libopencm3_stm32l4.a(nvic.o)

.debug_frame    0x0000000000000000     0x1134
 .debug_frame   0x0000000000000000      0x140 Build/barrier.o
 .debug_frame   0x0000000000000140      0x154 Build/esos.o
 .debug_frame   0x0000000000000294       0xec Build/esos_cb.o
 .debug_frame   0x0000000000000380       0x88 Build/esos_utils.o
 .debug_frame   0x0000000000000408      0x170 Build/esos_comm.o
 .debug_frame   0x0000000000000578       0x68 Build/esos_mail.o
 .debug_frame   0x00000000000005e0       0x78 Build/esos_stm32l4_tick.o
 .debug_frame   0x0000000000000658       0x50 Build/esos_stm32l4_utils.o
 .debug_frame   0x00000000000006a8       0xb4 Build/esos_stm32l4_rs232.o
 .debug_frame   0x000000000000075c       0x50 /home/ryan/Documents/Gitlab/embedded-systems-development-milestones/libopencm3/lib/libopencm3_stm32l4.a(flash_common_all.o)
 .debug_frame   0x00000000000007ac       0x70 /home/ryan/Documents/Gitlab/embedded-systems-development-milestones/libopencm3/lib/libopencm3_stm32l4.a(flash_common_idcache.o)
 .debug_frame   0x000000000000081c       0x80 /home/ryan/Documents/Gitlab/embedded-systems-development-milestones/libopencm3/lib/libopencm3_stm32l4.a(gpio_common_all.o)
 .debug_frame   0x000000000000089c       0x70 /home/ryan/Documents/Gitlab/embedded-systems-development-milestones/libopencm3/lib/libopencm3_stm32l4.a(gpio_common_f0234.o)
 .debug_frame   0x000000000000090c      0x228 /home/ryan/Documents/Gitlab/embedded-systems-development-milestones/libopencm3/lib/libopencm3_stm32l4.a(rcc.o)
 .debug_frame   0x0000000000000b34       0xe0 /home/ryan/Documents/Gitlab/embedded-systems-development-milestones/libopencm3/lib/libopencm3_stm32l4.a(rcc_common_all.o)
 .debug_frame   0x0000000000000c14       0x78 /home/ryan/Documents/Gitlab/embedded-systems-development-milestones/libopencm3/lib/libopencm3_stm32l4.a(rng_common_v1.o)
 .debug_frame   0x0000000000000c8c      0x1b4 /home/ryan/Documents/Gitlab/embedded-systems-development-milestones/libopencm3/lib/libopencm3_stm32l4.a(usart_common_all.o)
 .debug_frame   0x0000000000000e40      0x130 /home/ryan/Documents/Gitlab/embedded-systems-development-milestones/libopencm3/lib/libopencm3_stm32l4.a(usart_common_v2.o)
 .debug_frame   0x0000000000000f70       0x4c /home/ryan/Documents/Gitlab/embedded-systems-development-milestones/libopencm3/lib/libopencm3_stm32l4.a(vector.o)
 .debug_frame   0x0000000000000fbc       0xd8 /home/ryan/Documents/Gitlab/embedded-systems-development-milestones/libopencm3/lib/libopencm3_stm32l4.a(systick.o)
 .debug_frame   0x0000000000001094       0xa0 /home/ryan/Documents/Gitlab/embedded-systems-development-milestones/libopencm3/lib/libopencm3_stm32l4.a(nvic.o)

.debug_macro    0x0000000000000000     0x433f
 .debug_macro   0x0000000000000000       0xc8 /home/ryan/Documents/Gitlab/embedded-systems-development-milestones/libopencm3/lib/libopencm3_stm32l4.a(flash_common_all.o)
 .debug_macro   0x00000000000000c8      0xa6c /home/ryan/Documents/Gitlab/embedded-systems-development-milestones/libopencm3/lib/libopencm3_stm32l4.a(flash_common_all.o)
 .debug_macro   0x0000000000000b34       0x1c /home/ryan/Documents/Gitlab/embedded-systems-development-milestones/libopencm3/lib/libopencm3_stm32l4.a(flash_common_all.o)
 .debug_macro   0x0000000000000b50       0x22 /home/ryan/Documents/Gitlab/embedded-systems-development-milestones/libopencm3/lib/libopencm3_stm32l4.a(flash_common_all.o)
 .debug_macro   0x0000000000000b72       0x56 /home/ryan/Documents/Gitlab/embedded-systems-development-milestones/libopencm3/lib/libopencm3_stm32l4.a(flash_common_all.o)
 .debug_macro   0x0000000000000bc8       0x51 /home/ryan/Documents/Gitlab/embedded-systems-development-milestones/libopencm3/lib/libopencm3_stm32l4.a(flash_common_all.o)
 .debug_macro   0x0000000000000c19      0x103 /home/ryan/Documents/Gitlab/embedded-systems-development-milestones/libopencm3/lib/libopencm3_stm32l4.a(flash_common_all.o)
 .debug_macro   0x0000000000000d1c       0x6a /home/ryan/Documents/Gitlab/embedded-systems-development-milestones/libopencm3/lib/libopencm3_stm32l4.a(flash_common_all.o)
 .debug_macro   0x0000000000000d86      0x1df /home/ryan/Documents/Gitlab/embedded-systems-development-milestones/libopencm3/lib/libopencm3_stm32l4.a(flash_common_all.o)
 .debug_macro   0x0000000000000f65       0x22 /home/ryan/Documents/Gitlab/embedded-systems-development-milestones/libopencm3/lib/libopencm3_stm32l4.a(flash_common_all.o)
 .debug_macro   0x0000000000000f87       0xe8 /home/ryan/Documents/Gitlab/embedded-systems-development-milestones/libopencm3/lib/libopencm3_stm32l4.a(flash_common_all.o)
 .debug_macro   0x000000000000106f       0x76 /home/ryan/Documents/Gitlab/embedded-systems-development-milestones/libopencm3/lib/libopencm3_stm32l4.a(flash_common_all.o)
 .debug_macro   0x00000000000010e5      0x217 /home/ryan/Documents/Gitlab/embedded-systems-development-milestones/libopencm3/lib/libopencm3_stm32l4.a(flash_common_all.o)
 .debug_macro   0x00000000000012fc       0x1c /home/ryan/Documents/Gitlab/embedded-systems-development-milestones/libopencm3/lib/libopencm3_stm32l4.a(flash_common_all.o)
 .debug_macro   0x0000000000001318      0x2f3 /home/ryan/Documents/Gitlab/embedded-systems-development-milestones/libopencm3/lib/libopencm3_stm32l4.a(flash_common_all.o)
 .debug_macro   0x000000000000160b       0xc8 /home/ryan/Documents/Gitlab/embedded-systems-development-milestones/libopencm3/lib/libopencm3_stm32l4.a(flash_common_idcache.o)
 .debug_macro   0x00000000000016d3       0xd6 /home/ryan/Documents/Gitlab/embedded-systems-development-milestones/libopencm3/lib/libopencm3_stm32l4.a(gpio_common_all.o)
 .debug_macro   0x00000000000017a9       0x76 /home/ryan/Documents/Gitlab/embedded-systems-development-milestones/libopencm3/lib/libopencm3_stm32l4.a(gpio_common_all.o)
 .debug_macro   0x000000000000181f      0x37e /home/ryan/Documents/Gitlab/embedded-systems-development-milestones/libopencm3/lib/libopencm3_stm32l4.a(gpio_common_all.o)
 .debug_macro   0x0000000000001b9d       0xca /home/ryan/Documents/Gitlab/embedded-systems-development-milestones/libopencm3/lib/libopencm3_stm32l4.a(gpio_common_all.o)
 .debug_macro   0x0000000000001c67       0x88 /home/ryan/Documents/Gitlab/embedded-systems-development-milestones/libopencm3/lib/libopencm3_stm32l4.a(gpio_common_all.o)
 .debug_macro   0x0000000000001cef       0xd6 /home/ryan/Documents/Gitlab/embedded-systems-development-milestones/libopencm3/lib/libopencm3_stm32l4.a(gpio_common_f0234.o)
 .debug_macro   0x0000000000001dc5       0xc3 /home/ryan/Documents/Gitlab/embedded-systems-development-milestones/libopencm3/lib/libopencm3_stm32l4.a(rcc.o)
 .debug_macro   0x0000000000001e88       0x16 /home/ryan/Documents/Gitlab/embedded-systems-development-milestones/libopencm3/lib/libopencm3_stm32l4.a(rcc.o)
 .debug_macro   0x0000000000001e9e      0xcfc /home/ryan/Documents/Gitlab/embedded-systems-development-milestones/libopencm3/lib/libopencm3_stm32l4.a(rcc.o)
 .debug_macro   0x0000000000002b9a       0xce /home/ryan/Documents/Gitlab/embedded-systems-development-milestones/libopencm3/lib/libopencm3_stm32l4.a(rcc_common_all.o)
 .debug_macro   0x0000000000002c68       0xb3 /home/ryan/Documents/Gitlab/embedded-systems-development-milestones/libopencm3/lib/libopencm3_stm32l4.a(rng_common_v1.o)
 .debug_macro   0x0000000000002d1b       0x46 /home/ryan/Documents/Gitlab/embedded-systems-development-milestones/libopencm3/lib/libopencm3_stm32l4.a(rng_common_v1.o)
 .debug_macro   0x0000000000002d61       0xd9 /home/ryan/Documents/Gitlab/embedded-systems-development-milestones/libopencm3/lib/libopencm3_stm32l4.a(usart_common_all.o)
 .debug_macro   0x0000000000002e3a       0x94 /home/ryan/Documents/Gitlab/embedded-systems-development-milestones/libopencm3/lib/libopencm3_stm32l4.a(usart_common_all.o)
 .debug_macro   0x0000000000002ece      0x55b /home/ryan/Documents/Gitlab/embedded-systems-development-milestones/libopencm3/lib/libopencm3_stm32l4.a(usart_common_all.o)
 .debug_macro   0x0000000000003429       0x28 /home/ryan/Documents/Gitlab/embedded-systems-development-milestones/libopencm3/lib/libopencm3_stm32l4.a(usart_common_all.o)
 .debug_macro   0x0000000000003451       0xc1 /home/ryan/Documents/Gitlab/embedded-systems-development-milestones/libopencm3/lib/libopencm3_stm32l4.a(usart_common_v2.o)
 .debug_macro   0x0000000000003512       0xd3 /home/ryan/Documents/Gitlab/embedded-systems-development-milestones/libopencm3/lib/libopencm3_stm32l4.a(vector.o)
 .debug_macro   0x00000000000035e5      0x452 /home/ryan/Documents/Gitlab/embedded-systems-development-milestones/libopencm3/lib/libopencm3_stm32l4.a(vector.o)
 .debug_macro   0x0000000000003a37       0x6e /home/ryan/Documents/Gitlab/embedded-systems-development-milestones/libopencm3/lib/libopencm3_stm32l4.a(vector.o)
 .debug_macro   0x0000000000003aa5      0x22c /home/ryan/Documents/Gitlab/embedded-systems-development-milestones/libopencm3/lib/libopencm3_stm32l4.a(vector.o)
 .debug_macro   0x0000000000003cd1       0x92 /home/ryan/Documents/Gitlab/embedded-systems-development-milestones/libopencm3/lib/libopencm3_stm32l4.a(systick.o)
 .debug_macro   0x0000000000003d63       0x69 /home/ryan/Documents/Gitlab/embedded-systems-development-milestones/libopencm3/lib/libopencm3_stm32l4.a(systick.o)
 .debug_macro   0x0000000000003dcc       0xb3 /home/ryan/Documents/Gitlab/embedded-systems-development-milestones/libopencm3/lib/libopencm3_stm32l4.a(nvic.o)
 .debug_macro   0x0000000000003e7f       0x68 /home/ryan/Documents/Gitlab/embedded-systems-development-milestones/libopencm3/lib/libopencm3_stm32l4.a(nvic.o)
 .debug_macro   0x0000000000003ee7      0x458 /home/ryan/Documents/Gitlab/embedded-systems-development-milestones/libopencm3/lib/libopencm3_stm32l4.a(nvic.o)

Cross Reference Table

Symbol                                            File
Consumer1                                         Build/barrier.o
Consumer2                                         Build/barrier.o
Consumer3                                         Build/barrier.o
Consumer4                                         Build/barrier.o
Consumer5                                         Build/barrier.o
Consumer6                                         Build/barrier.o
Default_Handler                                   Build/esos_stm32l4_tick.o
Error_Handler                                     Build/esos_stm32l4_tick.o
Initialize                                        Build/barrier.o
__astChildTaskPool                                Build/esos.o
__astCircularBuffers                              Build/esos.o
__astMailbox                                      Build/esos.o
__astTmrSvcs                                      Build/esos.o
__astUserTaskPool                                 Build/esos.o
__au8UserTaskStructIndex                          Build/esos.o
__au8_MBData                                      Build/esos.o
__esosInit                                        Build/esos.o
__esos_CB_Init                                    Build/esos_cb.o
                                                  Build/esos_mail.o
                                                  Build/esos_comm.o
__esos_CB_OverwriteUINT8                          Build/esos_cb.o
                                                  Build/esos_stm32l4_rs232.o
__esos_CB_ReadUINT16                              Build/esos_cb.o
                                                  Build/esos_mail.o
__esos_CB_ReadUINT32                              Build/esos_cb.o
                                                  Build/esos_mail.o
__esos_CB_ReadUINT8                               Build/esos_cb.o
                                                  Build/esos_stm32l4_rs232.o
                                                  Build/esos_mail.o
                                                  Build/esos_comm.o
__esos_CB_ReadUINT8Buffer                         Build/esos_cb.o
__esos_CB_WriteUINT16                             Build/esos_cb.o
                                                  Build/esos_mail.o
__esos_CB_WriteUINT32                             Build/esos_cb.o
                                                  Build/esos_mail.o
__esos_CB_WriteUINT8                              Build/esos_cb.o
                                                  Build/esos_mail.o
                                                  Build/esos_comm.o
__esos_CB_WriteUINT8Buffer                        Build/esos_cb.o
                                                  Build/esos_comm.o
__esos_InitCommSystem                             Build/esos_comm.o
                                                  Build/esos.o
__esos_InitMailbox                                Build/esos_mail.o
                                                  Build/esos.o
__esos_OutChar                                    Build/esos_comm.o
                                                  Build/barrier.o
__esos_OutCharBuffer                              Build/esos_comm.o
__esos_OutString                                  Build/esos_comm.o
                                                  Build/barrier.o
__esos_OutUint32AsHexString                       Build/esos_comm.o
__esos_OutUint8AsDecString                        Build/esos_comm.o
__esos_OutUint8AsHexString                        Build/esos_comm.o
__esos_ReadMailMessage                            Build/esos_mail.o
__esos_SendMailMessage                            Build/esos_mail.o
__esos_comm_rx_buff                               Build/esos_comm.o
__esos_comm_tx_buff                               Build/esos_comm.o
__esos_configUART1                                Build/esos_stm32l4_rs232.o
__esos_getBuffer                                  Build/esos_comm.o
                                                  Build/barrier.o
__esos_getString                                  Build/esos_comm.o
__esos_get_PRNG_RandomUint32                      Build/esos_utils.o
                                                  Build/esos_stm32l4_utils.o
__esos_hasTickDurationPassed                      Build/esos.o
                                                  Build/barrier.o
__esos_hw_GetSystemTickCount                      Build/esos_stm32l4_tick.o
                                                  Build/esos_mail.o
                                                  Build/esos.o
                                                  Build/barrier.o
__esos_hw_InitCommSystem                          Build/esos_stm32l4_rs232.o
                                                  Build/esos_comm.o
__esos_hw_InitSystemTick                          Build/esos_stm32l4_tick.o
                                                  Build/esos.o
__esos_hw_PRNG_u32                                Build/esos_stm32l4_utils.o
                                                  Build/esos_utils.o
__esos_hw_config_PRNG                             Build/esos_stm32l4_utils.o
                                                  Build/esos.o
__esos_hw_set_PRNG_Seed                           Build/esos_stm32l4_utils.o
__esos_hw_signal_start_tx                         Build/esos_stm32l4_rs232.o
                                                  Build/esos_comm.o
__esos_hw_signal_stop_tx                          Build/esos_stm32l4_rs232.o
__esos_set_PRNG_U32Seed                           Build/esos_utils.o
                                                  Build/esos.o
__esos_tmrSvcsExecute                             Build/esos.o
                                                  Build/esos_stm32l4_tick.o
__esos_u32FNVHash                                 Build/esos_utils.o
__esos_u32SystemFlags                             Build/esos.o
                                                  Build/esos_stm32l4_rs232.o
                                                  Build/barrier.o
__esos_u32TmrActiveFlags                          Build/esos.o
__esos_u32UserFlags                               Build/esos.o
__esos_u8TmrSvcsRegistered                        Build/esos.o
__esos_u8_GetLSBHexCharFromUint8                  Build/esos_comm.o
__esos_u8_GetMSBHexCharFromUint8                  Build/esos_comm.o
__esos_unsafe_GetUint8                            Build/esos_comm.o
__esos_unsafe_PutString                           Build/esos_comm.o
__esos_unsafe_PutUint8                            Build/esos_comm.o
__fini_array_end                                  /home/ryan/Documents/Gitlab/embedded-systems-development-milestones/libopencm3/lib/libopencm3_stm32l4.a(vector.o)
__fini_array_start                                /home/ryan/Documents/Gitlab/embedded-systems-development-milestones/libopencm3/lib/libopencm3_stm32l4.a(vector.o)
__init_array_end                                  /home/ryan/Documents/Gitlab/embedded-systems-development-milestones/libopencm3/lib/libopencm3_stm32l4.a(vector.o)
__init_array_start                                /home/ryan/Documents/Gitlab/embedded-systems-development-milestones/libopencm3/lib/libopencm3_stm32l4.a(vector.o)
__preinit_array_end                               /home/ryan/Documents/Gitlab/embedded-systems-development-milestones/libopencm3/lib/libopencm3_stm32l4.a(vector.o)
__preinit_array_start                             /home/ryan/Documents/Gitlab/embedded-systems-development-milestones/libopencm3/lib/libopencm3_stm32l4.a(vector.o)
__pst_CB_Rx                                       Build/esos_comm.o
                                                  Build/esos_stm32l4_rs232.o
__pst_CB_Tx                                       Build/esos_comm.o
                                                  Build/esos_stm32l4_rs232.o
__stChildTaskRx                                   Build/esos_comm.o
                                                  Build/barrier.o
__stChildTaskTx                                   Build/esos_comm.o
                                                  Build/barrier.o
__st_CB_Rx                                        Build/esos_comm.o
__st_CB_Tx                                        Build/esos_comm.o
__u16NumTasksEverCreated                          Build/esos.o
__u32_esos_PRNG_Seed                              Build/esos_utils.o
__u8ChildTasksRegistered                          Build/esos.o
__u8UserTasksRegistered                           Build/esos.o
__u8_esos_mail_routines_dummy_uint8               Build/esos_mail.o
_data                                             /home/ryan/Documents/Gitlab/embedded-systems-development-milestones/libopencm3/lib/libopencm3_stm32l4.a(vector.o)
_data_loadaddr                                    /home/ryan/Documents/Gitlab/embedded-systems-development-milestones/libopencm3/lib/libopencm3_stm32l4.a(vector.o)
_ebss                                             /home/ryan/Documents/Gitlab/embedded-systems-development-milestones/libopencm3/lib/libopencm3_stm32l4.a(vector.o)
_edata                                            /home/ryan/Documents/Gitlab/embedded-systems-development-milestones/libopencm3/lib/libopencm3_stm32l4.a(vector.o)
_esos_hw_GetSerialUartVersion                     Build/esos_stm32l4_rs232.o
_stack                                            /home/ryan/Documents/Gitlab/embedded-systems-development-milestones/libopencm3/lib/libopencm3_stm32l4.a(vector.o)
adc1_2_isr                                        /home/ryan/Documents/Gitlab/embedded-systems-development-milestones/libopencm3/lib/libopencm3_stm32l4.a(vector.o)
adc3_isr                                          /home/ryan/Documents/Gitlab/embedded-systems-development-milestones/libopencm3/lib/libopencm3_stm32l4.a(vector.o)
aes_isr                                           /home/ryan/Documents/Gitlab/embedded-systems-development-milestones/libopencm3/lib/libopencm3_stm32l4.a(vector.o)
blocking_handler                                  /home/ryan/Documents/Gitlab/embedded-systems-development-milestones/libopencm3/lib/libopencm3_stm32l4.a(vector.o)
bus_fault_handler                                 /home/ryan/Documents/Gitlab/embedded-systems-development-milestones/libopencm3/lib/libopencm3_stm32l4.a(vector.o)
can1_rx0_isr                                      /home/ryan/Documents/Gitlab/embedded-systems-development-milestones/libopencm3/lib/libopencm3_stm32l4.a(vector.o)
can1_rx1_isr                                      /home/ryan/Documents/Gitlab/embedded-systems-development-milestones/libopencm3/lib/libopencm3_stm32l4.a(vector.o)
can1_sce_isr                                      /home/ryan/Documents/Gitlab/embedded-systems-development-milestones/libopencm3/lib/libopencm3_stm32l4.a(vector.o)
can1_tx_isr                                       /home/ryan/Documents/Gitlab/embedded-systems-development-milestones/libopencm3/lib/libopencm3_stm32l4.a(vector.o)
can2_rx0_isr                                      /home/ryan/Documents/Gitlab/embedded-systems-development-milestones/libopencm3/lib/libopencm3_stm32l4.a(vector.o)
can2_rx1_isr                                      /home/ryan/Documents/Gitlab/embedded-systems-development-milestones/libopencm3/lib/libopencm3_stm32l4.a(vector.o)
can2_sce_isr                                      /home/ryan/Documents/Gitlab/embedded-systems-development-milestones/libopencm3/lib/libopencm3_stm32l4.a(vector.o)
can2_tx_isr                                       /home/ryan/Documents/Gitlab/embedded-systems-development-milestones/libopencm3/lib/libopencm3_stm32l4.a(vector.o)
cm3_assert_failed                                 /home/ryan/Documents/Gitlab/embedded-systems-development-milestones/libopencm3/lib/libopencm3_stm32l4.a(assert.o)
                                                  /home/ryan/Documents/Gitlab/embedded-systems-development-milestones/libopencm3/lib/libopencm3_stm32l4.a(rcc.o)
cm3_assert_failed_verbose                         /home/ryan/Documents/Gitlab/embedded-systems-development-milestones/libopencm3/lib/libopencm3_stm32l4.a(assert.o)
comp_isr                                          /home/ryan/Documents/Gitlab/embedded-systems-development-milestones/libopencm3/lib/libopencm3_stm32l4.a(vector.o)
consumer1                                         Build/barrier.o
consumer2                                         Build/barrier.o
consumer3                                         Build/barrier.o
consumer4                                         Build/barrier.o
consumer5                                         Build/barrier.o
consumer6                                         Build/barrier.o
count                                             Build/esos_stm32l4_tick.o
create_consumer_producers                         Build/barrier.o
dcmi_isr                                          /home/ryan/Documents/Gitlab/embedded-systems-development-milestones/libopencm3/lib/libopencm3_stm32l4.a(vector.o)
debug_monitor_handler                             /home/ryan/Documents/Gitlab/embedded-systems-development-milestones/libopencm3/lib/libopencm3_stm32l4.a(vector.o)
dfsdm0_isr                                        /home/ryan/Documents/Gitlab/embedded-systems-development-milestones/libopencm3/lib/libopencm3_stm32l4.a(vector.o)
dfsdm1_isr                                        /home/ryan/Documents/Gitlab/embedded-systems-development-milestones/libopencm3/lib/libopencm3_stm32l4.a(vector.o)
dfsdm2_isr                                        /home/ryan/Documents/Gitlab/embedded-systems-development-milestones/libopencm3/lib/libopencm3_stm32l4.a(vector.o)
dfsdm3_isr                                        /home/ryan/Documents/Gitlab/embedded-systems-development-milestones/libopencm3/lib/libopencm3_stm32l4.a(vector.o)
dma1_channel1_isr                                 /home/ryan/Documents/Gitlab/embedded-systems-development-milestones/libopencm3/lib/libopencm3_stm32l4.a(vector.o)
dma1_channel2_isr                                 /home/ryan/Documents/Gitlab/embedded-systems-development-milestones/libopencm3/lib/libopencm3_stm32l4.a(vector.o)
dma1_channel3_isr                                 /home/ryan/Documents/Gitlab/embedded-systems-development-milestones/libopencm3/lib/libopencm3_stm32l4.a(vector.o)
dma1_channel4_isr                                 /home/ryan/Documents/Gitlab/embedded-systems-development-milestones/libopencm3/lib/libopencm3_stm32l4.a(vector.o)
dma1_channel5_isr                                 /home/ryan/Documents/Gitlab/embedded-systems-development-milestones/libopencm3/lib/libopencm3_stm32l4.a(vector.o)
dma1_channel6_isr                                 /home/ryan/Documents/Gitlab/embedded-systems-development-milestones/libopencm3/lib/libopencm3_stm32l4.a(vector.o)
dma1_channel7_isr                                 /home/ryan/Documents/Gitlab/embedded-systems-development-milestones/libopencm3/lib/libopencm3_stm32l4.a(vector.o)
dma2_channel1_isr                                 /home/ryan/Documents/Gitlab/embedded-systems-development-milestones/libopencm3/lib/libopencm3_stm32l4.a(vector.o)
dma2_channel2_isr                                 /home/ryan/Documents/Gitlab/embedded-systems-development-milestones/libopencm3/lib/libopencm3_stm32l4.a(vector.o)
dma2_channel3_isr                                 /home/ryan/Documents/Gitlab/embedded-systems-development-milestones/libopencm3/lib/libopencm3_stm32l4.a(vector.o)
dma2_channel4_isr                                 /home/ryan/Documents/Gitlab/embedded-systems-development-milestones/libopencm3/lib/libopencm3_stm32l4.a(vector.o)
dma2_channel5_isr                                 /home/ryan/Documents/Gitlab/embedded-systems-development-milestones/libopencm3/lib/libopencm3_stm32l4.a(vector.o)
dma2_channel6_isr                                 /home/ryan/Documents/Gitlab/embedded-systems-development-milestones/libopencm3/lib/libopencm3_stm32l4.a(vector.o)
dma2_channel7_isr                                 /home/ryan/Documents/Gitlab/embedded-systems-development-milestones/libopencm3/lib/libopencm3_stm32l4.a(vector.o)
dma2d_isr                                         /home/ryan/Documents/Gitlab/embedded-systems-development-milestones/libopencm3/lib/libopencm3_stm32l4.a(vector.o)
esos_ChangeTimerPeriod                            Build/esos.o
esos_GetCommSystemMaxInDataLen                    Build/esos_stm32l4_rs232.o
esos_GetCommSystemMaxOutDataLen                   Build/esos_stm32l4_rs232.o
esos_GetFreeChildTaskStruct                       Build/esos.o
                                                  Build/barrier.o
esos_GetMaxNumberTasks                            Build/esos.o
esos_GetRandomUint32                              Build/esos_utils.o
                                                  Build/barrier.o
esos_GetTaskHandle                                Build/esos.o
esos_GetTaskHandleFromID                          Build/esos.o
                                                  Build/esos_mail.o
esos_GetTimerHandle                               Build/esos.o
esos_RegisterTask                                 Build/esos.o
                                                  Build/barrier.o
esos_RegisterTimer                                Build/esos.o
esos_UnregisterTask                               Build/esos.o
esos_UnregisterTimer                              Build/esos.o
esos_buffer_hash_u32                              Build/esos_utils.o
esos_hash_u32_to_u16                              Build/esos_utils.o
esos_string_hash_u32                              Build/esos_utils.o
esos_taskname_hash_u16                            Build/esos_utils.o
esos_tick_count                                   Build/esos_stm32l4_tick.o
exti0_isr                                         /home/ryan/Documents/Gitlab/embedded-systems-development-milestones/libopencm3/lib/libopencm3_stm32l4.a(vector.o)
exti15_10_isr                                     /home/ryan/Documents/Gitlab/embedded-systems-development-milestones/libopencm3/lib/libopencm3_stm32l4.a(vector.o)
exti1_isr                                         /home/ryan/Documents/Gitlab/embedded-systems-development-milestones/libopencm3/lib/libopencm3_stm32l4.a(vector.o)
exti2_isr                                         /home/ryan/Documents/Gitlab/embedded-systems-development-milestones/libopencm3/lib/libopencm3_stm32l4.a(vector.o)
exti3_isr                                         /home/ryan/Documents/Gitlab/embedded-systems-development-milestones/libopencm3/lib/libopencm3_stm32l4.a(vector.o)
exti4_isr                                         /home/ryan/Documents/Gitlab/embedded-systems-development-milestones/libopencm3/lib/libopencm3_stm32l4.a(vector.o)
exti9_5_isr                                       /home/ryan/Documents/Gitlab/embedded-systems-development-milestones/libopencm3/lib/libopencm3_stm32l4.a(vector.o)
flash_dcache_disable                              /home/ryan/Documents/Gitlab/embedded-systems-development-milestones/libopencm3/lib/libopencm3_stm32l4.a(flash_common_idcache.o)
flash_dcache_enable                               /home/ryan/Documents/Gitlab/embedded-systems-development-milestones/libopencm3/lib/libopencm3_stm32l4.a(flash_common_idcache.o)
                                                  Build/esos_stm32l4_tick.o
flash_dcache_reset                                /home/ryan/Documents/Gitlab/embedded-systems-development-milestones/libopencm3/lib/libopencm3_stm32l4.a(flash_common_idcache.o)
flash_icache_disable                              /home/ryan/Documents/Gitlab/embedded-systems-development-milestones/libopencm3/lib/libopencm3_stm32l4.a(flash_common_idcache.o)
flash_icache_enable                               /home/ryan/Documents/Gitlab/embedded-systems-development-milestones/libopencm3/lib/libopencm3_stm32l4.a(flash_common_idcache.o)
                                                  Build/esos_stm32l4_tick.o
flash_icache_reset                                /home/ryan/Documents/Gitlab/embedded-systems-development-milestones/libopencm3/lib/libopencm3_stm32l4.a(flash_common_idcache.o)
flash_isr                                         /home/ryan/Documents/Gitlab/embedded-systems-development-milestones/libopencm3/lib/libopencm3_stm32l4.a(vector.o)
flash_prefetch_disable                            /home/ryan/Documents/Gitlab/embedded-systems-development-milestones/libopencm3/lib/libopencm3_stm32l4.a(flash_common_all.o)
flash_prefetch_enable                             /home/ryan/Documents/Gitlab/embedded-systems-development-milestones/libopencm3/lib/libopencm3_stm32l4.a(flash_common_all.o)
                                                  Build/esos_stm32l4_tick.o
flash_set_ws                                      /home/ryan/Documents/Gitlab/embedded-systems-development-milestones/libopencm3/lib/libopencm3_stm32l4.a(flash_common_all.o)
                                                  Build/esos_stm32l4_tick.o
flash_unlock_option_bytes                         /home/ryan/Documents/Gitlab/embedded-systems-development-milestones/libopencm3/lib/libopencm3_stm32l4.a(flash_common_all.o)
fmc_isr                                           /home/ryan/Documents/Gitlab/embedded-systems-development-milestones/libopencm3/lib/libopencm3_stm32l4.a(vector.o)
fpu_isr                                           /home/ryan/Documents/Gitlab/embedded-systems-development-milestones/libopencm3/lib/libopencm3_stm32l4.a(vector.o)
gpio_clear                                        /home/ryan/Documents/Gitlab/embedded-systems-development-milestones/libopencm3/lib/libopencm3_stm32l4.a(gpio_common_all.o)
gpio_get                                          /home/ryan/Documents/Gitlab/embedded-systems-development-milestones/libopencm3/lib/libopencm3_stm32l4.a(gpio_common_all.o)
gpio_mode_setup                                   /home/ryan/Documents/Gitlab/embedded-systems-development-milestones/libopencm3/lib/libopencm3_stm32l4.a(gpio_common_f0234.o)
                                                  Build/esos_stm32l4_rs232.o
                                                  Build/barrier.o
gpio_port_config_lock                             /home/ryan/Documents/Gitlab/embedded-systems-development-milestones/libopencm3/lib/libopencm3_stm32l4.a(gpio_common_all.o)
gpio_port_read                                    /home/ryan/Documents/Gitlab/embedded-systems-development-milestones/libopencm3/lib/libopencm3_stm32l4.a(gpio_common_all.o)
gpio_port_write                                   /home/ryan/Documents/Gitlab/embedded-systems-development-milestones/libopencm3/lib/libopencm3_stm32l4.a(gpio_common_all.o)
gpio_set                                          /home/ryan/Documents/Gitlab/embedded-systems-development-milestones/libopencm3/lib/libopencm3_stm32l4.a(gpio_common_all.o)
gpio_set_af                                       /home/ryan/Documents/Gitlab/embedded-systems-development-milestones/libopencm3/lib/libopencm3_stm32l4.a(gpio_common_f0234.o)
                                                  Build/esos_stm32l4_rs232.o
gpio_set_output_options                           /home/ryan/Documents/Gitlab/embedded-systems-development-milestones/libopencm3/lib/libopencm3_stm32l4.a(gpio_common_f0234.o)
                                                  Build/esos_stm32l4_rs232.o
gpio_toggle                                       /home/ryan/Documents/Gitlab/embedded-systems-development-milestones/libopencm3/lib/libopencm3_stm32l4.a(gpio_common_all.o)
                                                  Build/barrier.o
hard_fault_handler                                /home/ryan/Documents/Gitlab/embedded-systems-development-milestones/libopencm3/lib/libopencm3_stm32l4.a(vector.o)