Archive member included to satisfy reference by file (symbol)

/home/bdreed43/Documents/gcc/libopencm3/lib/libopencm3_stm32l4.a(flash_common_all.o)
                              build/esos_stm32l4_tick.o (flash_prefetch_enable)
/home/bdreed43/Documents/gcc/libopencm3/lib/libopencm3_stm32l4.a(flash_common_idcache.o)
                              build/esos_stm32l4_tick.o (flash_dcache_enable)
/home/bdreed43/Documents/gcc/libopencm3/lib/libopencm3_stm32l4.a(gpio_common_all.o)
                              build/m4_timer_uart_app.o (gpio_get)
/home/bdreed43/Documents/gcc/libopencm3/lib/libopencm3_stm32l4.a(gpio_common_f0234.o)
                              build/m4_timer_uart_app.o (gpio_mode_setup)
/home/bdreed43/Documents/gcc/libopencm3/lib/libopencm3_stm32l4.a(rcc.o)
                              build/esos_stm32l4_tick.o (rcc_wait_for_sysclk_status)
/home/bdreed43/Documents/gcc/libopencm3/lib/libopencm3_stm32l4.a(rcc_common_all.o)
                              build/m4_timer_uart_app.o (rcc_periph_clock_enable)
/home/bdreed43/Documents/gcc/libopencm3/lib/libopencm3_stm32l4.a(rng_common_v1.o)
                              build/esos_stm32l4_utils.o (rng_enable)
/home/bdreed43/Documents/gcc/libopencm3/lib/libopencm3_stm32l4.a(usart_common_all.o)
                              build/esos_stm32l4_rs232.o (usart_set_baudrate)
/home/bdreed43/Documents/gcc/libopencm3/lib/libopencm3_stm32l4.a(usart_common_v2.o)
                              build/esos_stm32l4_rs232.o (usart_send)
/home/bdreed43/Documents/gcc/libopencm3/lib/libopencm3_stm32l4.a(vector.o)
                              (reset_handler)
/home/bdreed43/Documents/gcc/libopencm3/lib/libopencm3_stm32l4.a(systick.o)
                              build/esos_stm32l4_tick.o (systick_set_reload)
/home/bdreed43/Documents/gcc/libopencm3/lib/libopencm3_stm32l4.a(nvic.o)
                              build/esos_stm32l4_rs232.o (nvic_enable_irq)
/home/bdreed43/Documents/gcc/libopencm3/lib/libopencm3_stm32l4.a(assert.o)
                              /home/bdreed43/Documents/gcc/libopencm3/lib/libopencm3_stm32l4.a(rcc.o) (cm3_assert_failed)

Discarded input sections

 .text          0x0000000000000000        0x0 build/m4_timer_uart_app.o
 .data          0x0000000000000000        0x0 build/m4_timer_uart_app.o
 .bss           0x0000000000000000        0x0 build/m4_timer_uart_app.o
 .text          0x0000000000000000        0x0 build/esos.o
 .data          0x0000000000000000        0x0 build/esos.o
 .bss           0x0000000000000000        0x0 build/esos.o
 .text.esos_GetTaskHandle
                0x0000000000000000       0x40 build/esos.o
 .text.esos_GetTaskHandleFromID
                0x0000000000000000       0x40 build/esos.o
 .text.esos_GetFreeChildTaskStruct
                0x0000000000000000       0x2c build/esos.o
 .text.esos_GetMaxNumberTasks
                0x0000000000000000        0x4 build/esos.o
 .text.esos_RegisterTimer
                0x0000000000000000       0x60 build/esos.o
 .text.esos_UnregisterTimer
                0x0000000000000000       0x44 build/esos.o
 .text.esos_GetTimerHandle
                0x0000000000000000       0x40 build/esos.o
 .text.esos_ChangeTimerPeriod
                0x0000000000000000       0x28 build/esos.o
 .bss.__esos_u32UserFlags
                0x0000000000000000        0x4 build/esos.o
 .text          0x0000000000000000        0x0 build/esos_cb.o
 .data          0x0000000000000000        0x0 build/esos_cb.o
 .bss           0x0000000000000000        0x0 build/esos_cb.o
 .text.__esos_CB_WriteUINT16
                0x0000000000000000       0x52 build/esos_cb.o
 .text.__esos_CB_WriteUINT32
                0x0000000000000000       0xa2 build/esos_cb.o
 .text.__esos_CB_WriteUINT8Buffer
                0x0000000000000000       0x44 build/esos_cb.o
 .text.__esos_CB_ReadUINT16
                0x0000000000000000       0x3c build/esos_cb.o
 .text.__esos_CB_ReadUINT32
                0x0000000000000000       0x70 build/esos_cb.o
 .text.__esos_CB_ReadUINT8Buffer
                0x0000000000000000       0x3c build/esos_cb.o
 .text          0x0000000000000000        0x0 build/esos_utils.o
 .data          0x0000000000000000        0x0 build/esos_utils.o
 .bss           0x0000000000000000        0x0 build/esos_utils.o
 .text.__esos_get_PRNG_RandomUint32
                0x0000000000000000       0x48 build/esos_utils.o
 .text.esos_GetRandomUint32
                0x0000000000000000        0x8 build/esos_utils.o
 .text.esos_taskname_hash_u16
                0x0000000000000000       0x30 build/esos_utils.o
 .text.esos_buffer_hash_u32
                0x0000000000000000       0x38 build/esos_utils.o
 .text.esos_string_hash_u32
                0x0000000000000000       0x34 build/esos_utils.o
 .text.esos_hash_u32_to_u16
                0x0000000000000000        0x8 build/esos_utils.o
 .data.__esos_u32FNVHash
                0x0000000000000000        0x4 build/esos_utils.o
 .text          0x0000000000000000        0x0 build/esos_comm.o
[...]
Memory Configuration

Name             Origin             Length             Attributes
rom              0x0000000008000000 0x000000000003e800 xr
ram              0x0000000020000000 0x0000000000028000 xrw
*default*        0x0000000000000000 0xffffffffffffffff

Linker script and memory map

LOAD build/m4_timer_uart_app.o
LOAD build/esos.o
LOAD build/esos_cb.o
LOAD build/esos_utils.o
LOAD build/esos_comm.o
LOAD build/esos_mail.o
LOAD build/esos_stm32l4_tick.o
LOAD build/esos_stm32l4_utils.o
LOAD build/esos_stm32l4_rs232.o
LOAD /home/bdreed43/Documents/gcc/gcc-arm-none-eabi-10.3-2021.10/bin/../lib/gcc/arm-none-eabi/10.3.1/../../../../arm-none-eabi/lib/thumb/v7e-m+fp/hard/libc_nano.a
LOAD /home/bdreed43/Documents/gcc/gcc-arm-none-eabi-10.3-2021.10/bin/../lib/gcc/arm-none-eabi/10.3.1/../../../../arm-none-eabi/lib/thumb/v7e-m+fp/hard/libm.a
LOAD /home/bdreed43/Documents/gcc/gcc-arm-none-eabi-10.3-2021.10/bin/../lib/gcc/arm-none-eabi/10.3.1/../../../../arm-none-eabi/lib/thumb/v7e-m+fp/hard/libnosys.a
LOAD /home/bdreed43/Documents/gcc/libopencm3/lib/libopencm3_stm32l4.a
START GROUP
LOAD /home/bdreed43/Documents/gcc/gcc-arm-none-eabi-10.3-2021.10/bin/../lib/gcc/arm-none-eabi/10.3.1/thumb/v7e-m+fp/hard/libgcc.a
LOAD /home/bdreed43/Documents/gcc/gcc-arm-none-eabi-10.3-2021.10/bin/../lib/gcc/arm-none-eabi/10.3.1/../../../../arm-none-eabi/lib/thumb/v7e-m+fp/hard/libc_nano.a
END GROUP
START GROUP
LOAD /home/bdreed43/Documents/gcc/gcc-arm-none-eabi-10.3-2021.10/bin/../lib/gcc/arm-none-eabi/10.3.1/thumb/v7e-m+fp/hard/libgcc.a
LOAD /home/bdreed43/Documents/gcc/gcc-arm-none-eabi-10.3-2021.10/bin/../lib/gcc/arm-none-eabi/10.3.1/../../../../arm-none-eabi/lib/thumb/v7e-m+fp/hard/libc_nano.a
LOAD /home/bdreed43/Documents/gcc/gcc-arm-none-eabi-10.3-2021.10/bin/../lib/gcc/arm-none-eabi/10.3.1/../../../../arm-none-eabi/lib/thumb/v7e-m+fp/hard/libnosys.a
END GROUP
START GROUP
LOAD /home/bdreed43/Documents/gcc/gcc-arm-none-eabi-10.3-2021.10/bin/../lib/gcc/arm-none-eabi/10.3.1/thumb/v7e-m+fp/hard/libgcc.a
LOAD /home/bdreed43/Documents/gcc/gcc-arm-none-eabi-10.3-2021.10/bin/../lib/gcc/arm-none-eabi/10.3.1/../../../../arm-none-eabi/lib/thumb/v7e-m+fp/hard/libc_nano.a
LOAD /home/bdreed43/Documents/gcc/gcc-arm-none-eabi-10.3-2021.10/bin/../lib/gcc/arm-none-eabi/10.3.1/../../../../arm-none-eabi/lib/thumb/v7e-m+fp/hard/libnosys.a
END GROUP

.text           0x0000000008000000     0x1050
 *(.vectors)
 .vectors       0x0000000008000000      0x1ac /home/bdreed43/Documents/gcc/libopencm3/lib/libopencm3_stm32l4.a(vector.o)
                0x0000000008000000                vector_table
 *(.text*)
 .text.TOGGLE_LD2
                0x00000000080001ac        0xe build/m4_timer_uart_app.o
 *fill*         0x00000000080001ba        0x2 
 .text.IS_B1_RELEASED
                0x00000000080001bc       0x1c build/m4_timer_uart_app.o
 .text.flash_LED
                0x00000000080001d8       0xba build/m4_timer_uart_app.o
                0x00000000080001d8                flash_LED
 *fill*         0x0000000008000292        0x2 
 .text.usart_comms
                0x0000000008000294      0x180 build/m4_timer_uart_app.o
                0x0000000008000294                usart_comms
 .text.__user_init_hw
                0x0000000008000414       0x34 build/m4_timer_uart_app.o
                0x0000000008000414                __user_init_hw
 .text.user_init
                0x0000000008000448       0x28 build/m4_timer_uart_app.o
                0x0000000008000448                user_init
 .text.esos_RegisterTask
                0x0000000008000470       0xe0 build/esos.o
                0x0000000008000470                esos_RegisterTask
 .text.esos_UnregisterTask
                0x0000000008000550       0x54 build/esos.o
                0x0000000008000550                esos_UnregisterTask
 .text.__esos_hasTickDurationPassed
                0x00000000080005a4       0x1e build/esos.o
                0x00000000080005a4                __esos_hasTickDurationPassed
 *fill*         0x00000000080005c2        0x2 
 .text.__esos_tmrSvcsExecute
                0x00000000080005c4       0x5c build/esos.o
                0x00000000080005c4                __esos_tmrSvcsExecute
 .text.__esosInit
                0x0000000008000620       0xc0 build/esos.o
                0x0000000008000620                __esosInit
 .text.main     0x00000000080006e0       0xa8 build/esos.o
                0x00000000080006e0                main
 .text.__esos_CB_Init
                0x0000000008000788        0xc build/esos_cb.o
                0x0000000008000788                __esos_CB_Init
 .text.__esos_CB_WriteUINT8
                0x0000000008000794       0x24 build/esos_cb.o
                0x0000000008000794                __esos_CB_WriteUINT8
 .text.__esos_CB_OverwriteUINT8
                0x00000000080007b8       0x34 build/esos_cb.o
                0x00000000080007b8                __esos_CB_OverwriteUINT8
 .text.__esos_CB_ReadUINT8
                0x00000000080007ec       0x1e build/esos_cb.o
                0x00000000080007ec                __esos_CB_ReadUINT8
 *fill*         0x000000000800080a        0x2 
 .text.__esos_set_PRNG_U32Seed
                0x000000000800080c        0xc build/esos_utils.o
                0x000000000800080c                __esos_set_PRNG_U32Seed
 .text.__esos_InitCommSystem
                0x0000000008000818       0x40 build/esos_comm.o
                0x0000000008000818                __esos_InitCommSystem
 .text.__esos_OutChar
                0x0000000008000858       0x74 build/esos_comm.o
                0x0000000008000858                __esos_OutChar
 .text.__esos_getBuffer
                0x00000000080008cc       0x98 build/esos_comm.o
                0x00000000080008cc                __esos_getBuffer
 .text.__esos_unsafe_PutString
                0x0000000008000964       0x28 build/esos_comm.o
                0x0000000008000964                __esos_unsafe_PutString
 .text.__esos_InitMailbox
                0x000000000800098c        0xc build/esos_mail.o
                0x000000000800098c                __esos_InitMailbox
 .text.__esos_hw_InitSystemTick
                0x0000000008000998       0xb4 build/esos_stm32l4_tick.o
                0x0000000008000998                __esos_hw_InitSystemTick
 .text.__esos_hw_GetSystemTickCount
                0x0000000008000a4c        0xc build/esos_stm32l4_tick.o
                0x0000000008000a4c                __esos_hw_GetSystemTickCount
 .text.sys_tick_handler
                0x0000000008000a58       0x14 build/esos_stm32l4_tick.o
                0x0000000008000a58                sys_tick_handler
 .text.__esos_hw_config_PRNG
                0x0000000008000a6c        0x8 build/esos_stm32l4_utils.o
                0x0000000008000a6c                __esos_hw_config_PRNG
 .text.__esos_hw_signal_start_tx
                0x0000000008000a74       0x44 build/esos_stm32l4_rs232.o
                0x0000000008000a74                __esos_hw_signal_start_tx
 .text.usart2_isr
                0x0000000008000ab8       0x9c build/esos_stm32l4_rs232.o
                0x0000000008000ab8                usart2_isr
 .text.__esos_configUART1
                0x0000000008000b54       0xa0 build/esos_stm32l4_rs232.o
                0x0000000008000b54                __esos_configUART1
 .text.__esos_hw_InitCommSystem
                0x0000000008000bf4        0xc build/esos_stm32l4_rs232.o
                0x0000000008000bf4                __esos_hw_InitCommSystem
 .text.flash_prefetch_enable
                0x0000000008000c00       0x10 /home/bdreed43/Documents/gcc/libopencm3/lib/libopencm3_stm32l4.a(flash_common_all.o)
                0x0000000008000c00                flash_prefetch_enable
 .text.flash_set_ws
                0x0000000008000c10       0x14 /home/bdreed43/Documents/gcc/libopencm3/lib/libopencm3_stm32l4.a(flash_common_all.o)
                0x0000000008000c10                flash_set_ws
 .text.flash_dcache_enable
                0x0000000008000c24       0x10 /home/bdreed43/Documents/gcc/libopencm3/lib/libopencm3_stm32l4.a(flash_common_idcache.o)
                0x0000000008000c24                flash_dcache_enable
 .text.flash_icache_enable
                0x0000000008000c34       0x10 /home/bdreed43/Documents/gcc/libopencm3/lib/libopencm3_stm32l4.a(flash_common_idcache.o)
                0x0000000008000c34                flash_icache_enable
 .text.gpio_get
                0x0000000008000c44        0x6 /home/bdreed43/Documents/gcc/libopencm3/lib/libopencm3_stm32l4.a(gpio_common_all.o)
                0x0000000008000c44                gpio_get
 .text.gpio_toggle
                0x0000000008000c4a       0x12 /home/bdreed43/Documents/gcc/libopencm3/lib/libopencm3_stm32l4.a(gpio_common_all.o)
                0x0000000008000c4a                gpio_toggle
 .text.gpio_mode_setup
                0x0000000008000c5c       0x40 /home/bdreed43/Documents/gcc/libopencm3/lib/libopencm3_stm32l4.a(gpio_common_f0234.o)
                0x0000000008000c5c                gpio_mode_setup
 .text.gpio_set_output_options
                0x0000000008000c9c       0x36 /home/bdreed43/Documents/gcc/libopencm3/lib/libopencm3_stm32l4.a(gpio_common_f0234.o)
                0x0000000008000c9c                gpio_set_output_options
 .text.gpio_set_af
                0x0000000008000cd2       0x58 /home/bdreed43/Documents/gcc/libopencm3/lib/libopencm3_stm32l4.a(gpio_common_f0234.o)
                0x0000000008000cd2                gpio_set_af
 *fill*         0x0000000008000d2a        0x2 
 .text.rcc_wait_for_sysclk_status
                0x0000000008000d2c       0x48 /home/bdreed43/Documents/gcc/libopencm3/lib/libopencm3_stm32l4.a(rcc.o)
                0x0000000008000d2c                rcc_wait_for_sysclk_status
 .text.rcc_osc_on
                0x0000000008000d74       0x70 /home/bdreed43/Documents/gcc/libopencm3/lib/libopencm3_stm32l4.a(rcc.o)
                0x0000000008000d74                rcc_osc_on
 .text.rcc_set_sysclk_source
                0x0000000008000de4       0x14 /home/bdreed43/Documents/gcc/libopencm3/lib/libopencm3_stm32l4.a(rcc.o)
                0x0000000008000de4                rcc_set_sysclk_source
 .text.rcc_set_main_pll
                0x0000000008000df8       0x28 /home/bdreed43/Documents/gcc/libopencm3/lib/libopencm3_stm32l4.a(rcc.o)
                0x0000000008000df8                rcc_set_main_pll
 .text.rcc_periph_clock_enable
                0x0000000008000e20       0x1c /home/bdreed43/Documents/gcc/libopencm3/lib/libopencm3_stm32l4.a(rcc_common_all.o)
                0x0000000008000e20                rcc_periph_clock_enable
 .text.rng_enable
                0x0000000008000e3c       0x14 /home/bdreed43/Documents/gcc/libopencm3/lib/libopencm3_stm32l4.a(rng_common_v1.o)
                0x0000000008000e3c                rng_enable
 .text.usart_set_baudrate
                0x0000000008000e50       0x4c /home/bdreed43/Documents/gcc/libopencm3/lib/libopencm3_stm32l4.a(usart_common_all.o)
                0x0000000008000e50                usart_set_baudrate
 .text.usart_set_databits
                0x0000000008000e9c       0x12 /home/bdreed43/Documents/gcc/libopencm3/lib/libopencm3_stm32l4.a(usart_common_all.o)
                0x0000000008000e9c                usart_set_databits
 .text.usart_set_stopbits
                0x0000000008000eae        0xc /home/bdreed43/Documents/gcc/libopencm3/lib/libopencm3_stm32l4.a(usart_common_all.o)
                0x0000000008000eae                usart_set_stopbits
 .text.usart_set_parity
                0x0000000008000eba        0xc /home/bdreed43/Documents/gcc/libopencm3/lib/libopencm3_stm32l4.a(usart_common_all.o)
                0x0000000008000eba                usart_set_parity
 .text.usart_set_mode
                0x0000000008000ec6        0xc /home/bdreed43/Documents/gcc/libopencm3/lib/libopencm3_stm32l4.a(usart_common_all.o)
                0x0000000008000ec6                usart_set_mode
 .text.usart_set_flow_control
                0x0000000008000ed2        0xc /home/bdreed43/Documents/gcc/libopencm3/lib/libopencm3_stm32l4.a(usart_common_all.o)
                0x0000000008000ed2                usart_set_flow_control
 .text.usart_enable
                0x0000000008000ede        0xa /home/bdreed43/Documents/gcc/libopencm3/lib/libopencm3_stm32l4.a(usart_common_all.o)
                0x0000000008000ede                usart_enable
 .text.usart_enable_rx_interrupt
                0x0000000008000ee8        0xa /home/bdreed43/Documents/gcc/libopencm3/lib/libopencm3_stm32l4.a(usart_common_all.o)
                0x0000000008000ee8                usart_enable_rx_interrupt
 .text.usart_enable_tx_interrupt
                0x0000000008000ef2        0xa /home/bdreed43/Documents/gcc/libopencm3/lib/libopencm3_stm32l4.a(usart_common_all.o)
                0x0000000008000ef2                usart_enable_tx_interrupt
 .text.usart_disable_tx_interrupt
                0x0000000008000efc        0xa /home/bdreed43/Documents/gcc/libopencm3/lib/libopencm3_stm32l4.a(usart_common_all.o)
                0x0000000008000efc                usart_disable_tx_interrupt
 .text.usart_send
                0x0000000008000f06        0x8 /home/bdreed43/Documents/gcc/libopencm3/lib/libopencm3_stm32l4.a(usart_common_v2.o)
                0x0000000008000f06                usart_send
 .text.usart_recv
                0x0000000008000f0e        0x8 /home/bdreed43/Documents/gcc/libopencm3/lib/libopencm3_stm32l4.a(usart_common_v2.o)
                0x0000000008000f0e                usart_recv
 .text.blocking_handler
                0x0000000008000f16        0x2 /home/bdreed43/Documents/gcc/libopencm3/lib/libopencm3_stm32l4.a(vector.o)
                0x0000000008000f16                i2c4_ev_isr
                0x0000000008000f16                usart3_isr
                0x0000000008000f16                swpmi1_isr
                0x0000000008000f16                tim7_isr
                0x0000000008000f16                dma2d_isr
                0x0000000008000f16                rng_isr
                0x0000000008000f16                adc1_2_isr
                0x0000000008000f16                i2c4_er_isr
                0x0000000008000f16                blocking_handler
                0x0000000008000f16                tsc_isr
                0x0000000008000f16                tim5_isr
                0x0000000008000f16                rtc_wkup_isr
                0x0000000008000f16                otg_fs_isr
                0x0000000008000f16                tim1_up_tim16_isr
                0x0000000008000f16                spi1_isr
                0x0000000008000f16                i2c3_er_isr
                0x0000000008000f16                dma2_channel7_isr
                0x0000000008000f16                exti2_isr
                0x0000000008000f16                dma1_channel6_isr
                0x0000000008000f16                dma1_channel5_isr
                0x0000000008000f16                dma2_channel5_isr
                0x0000000008000f16                tamp_stamp_isr
                0x0000000008000f16                fmc_isr
                0x0000000008000f16                can1_rx1_isr
                0x0000000008000f16                usart1_isr
                0x0000000008000f16                i2c3_ev_isr
                0x0000000008000f16                usage_fault_handler
                0x0000000008000f16                tim8_trg_com_isr
                0x0000000008000f16                can2_rx0_isr
                0x0000000008000f16                tim1_trg_com_tim17_isr
                0x0000000008000f16                can2_rx1_isr
                0x0000000008000f16                can1_sce_isr
                0x0000000008000f16                tim1_cc_isr
                0x0000000008000f16                can1_tx_isr
                0x0000000008000f16                dma1_channel4_isr
                0x0000000008000f16                tim8_brk_isr
                0x0000000008000f16                dma2_channel4_isr
                0x0000000008000f16                lptim1_isr
                0x0000000008000f16                lpuart1_isr
                0x0000000008000f16                can1_rx0_isr
                0x0000000008000f16                rcc_isr
                0x0000000008000f16                flash_isr
                0x0000000008000f16                uart4_isr
                0x0000000008000f16                rtc_alarm_isr
                0x0000000008000f16                exti15_10_isr
                0x0000000008000f16                hard_fault_handler
                0x0000000008000f16                exti1_isr
                0x0000000008000f16                i2c1_ev_isr
                0x0000000008000f16                dma2_channel1_isr
                0x0000000008000f16                dfsdm2_isr
                0x0000000008000f16                spi2_isr
                0x0000000008000f16                aes_isr
                0x0000000008000f16                tim8_up_isr
                0x0000000008000f16                tim6_dacunder_isr
                0x0000000008000f16                dma2_channel6_isr
                0x0000000008000f16                dma2_channel2_isr
                0x0000000008000f16                exti3_isr
                0x0000000008000f16                adc3_isr
                0x0000000008000f16                tim3_isr
                0x0000000008000f16                sai1_isr
                0x0000000008000f16                fpu_isr
                0x0000000008000f16                i2c2_er_isr
                0x0000000008000f16                i2c2_ev_isr
                0x0000000008000f16                uart5_isr
                0x0000000008000f16                dma1_channel1_isr
                0x0000000008000f16                exti4_isr
                0x0000000008000f16                dfsdm3_isr
                0x0000000008000f16                comp_isr
                0x0000000008000f16                mem_manage_handler
                0x0000000008000f16                can2_tx_isr
                0x0000000008000f16                lptim2_isr
                0x0000000008000f16                lcd_isr
                0x0000000008000f16                exti9_5_isr
                0x0000000008000f16                dma2_channel3_isr
                0x0000000008000f16                dfsdm1_isr
                0x0000000008000f16                dma1_channel7_isr
                0x0000000008000f16                pvd_pvm_isr
                0x0000000008000f16                can2_sce_isr
                0x0000000008000f16                tim4_isr
                0x0000000008000f16                sai2_isr
                0x0000000008000f16                dma1_channel2_isr
                0x0000000008000f16                i2c1_er_isr
                0x0000000008000f16                tim8_cc_isr
                0x0000000008000f16                dcmi_isr
                0x0000000008000f16                hash_crs_isr
                0x0000000008000f16                bus_fault_handler
                0x0000000008000f16                wwdg_isr
                0x0000000008000f16                tim1_brk_tim15_isr
                0x0000000008000f16                dma1_channel3_isr
                0x0000000008000f16                sdmmc1_isr
                0x0000000008000f16                spi3_isr
                0x0000000008000f16                quadspi_isr
                0x0000000008000f16                dfsdm0_isr
                0x0000000008000f16                tim2_isr
                0x0000000008000f16                exti0_isr
 .text.null_handler
                0x0000000008000f18        0x2 /home/bdreed43/Documents/gcc/libopencm3/lib/libopencm3_stm32l4.a(vector.o)
                0x0000000008000f18                null_handler
                0x0000000008000f18                sv_call_handler
                0x0000000008000f18                pend_sv_handler
                0x0000000008000f18                debug_monitor_handler
                0x0000000008000f18                nmi_handler
 *fill*         0x0000000008000f1a        0x2 
 .text.reset_handler
                0x0000000008000f1c       0xa0 /home/bdreed43/Documents/gcc/libopencm3/lib/libopencm3_stm32l4.a(vector.o)
                0x0000000008000f1c                reset_handler
 .text.systick_set_reload
                0x0000000008000fbc        0xc /home/bdreed43/Documents/gcc/libopencm3/lib/libopencm3_stm32l4.a(systick.o)
                0x0000000008000fbc                systick_set_reload
 .text.systick_set_clocksource
                0x0000000008000fc8       0x14 /home/bdreed43/Documents/gcc/libopencm3/lib/libopencm3_stm32l4.a(systick.o)
                0x0000000008000fc8                systick_set_clocksource
 .text.systick_interrupt_enable
                0x0000000008000fdc        0xe /home/bdreed43/Documents/gcc/libopencm3/lib/libopencm3_stm32l4.a(systick.o)
                0x0000000008000fdc                systick_interrupt_enable
 .text.systick_counter_enable
                0x0000000008000fea        0xe /home/bdreed43/Documents/gcc/libopencm3/lib/libopencm3_stm32l4.a(systick.o)
                0x0000000008000fea                systick_counter_enable
 .text.nvic_enable_irq
                0x0000000008000ff8       0x1c /home/bdreed43/Documents/gcc/libopencm3/lib/libopencm3_stm32l4.a(nvic.o)
                0x0000000008000ff8                nvic_enable_irq
                0x0000000008001014                . = ALIGN (0x4)
 *(.rodata*)
 .rodata.user_init.str1.4
                0x0000000008001014       0x3c build/m4_timer_uart_app.o
                0x0000000008001050                . = ALIGN (0x4)

.glue_7         0x0000000008001050        0x0
 .glue_7        0x0000000008001050        0x0 linker stubs

.glue_7t        0x0000000008001050        0x0
 .glue_7t       0x0000000008001050        0x0 linker stubs

.vfp11_veneer   0x0000000008001050        0x0
 .vfp11_veneer  0x0000000008001050        0x0 linker stubs

.v4_bx          0x0000000008001050        0x0
 .v4_bx         0x0000000008001050        0x0 linker stubs

.iplt           0x0000000008001050        0x0
 .iplt          0x0000000008001050        0x0 build/m4_timer_uart_app.o

.rel.dyn        0x0000000008001050        0x0
 .rel.iplt      0x0000000008001050        0x0 build/m4_timer_uart_app.o

.preinit_array  0x0000000008001050        0x0
                0x0000000008001050                . = ALIGN (0x4)
                0x0000000008001050                __preinit_array_start = .
 *(.preinit_array)
                0x0000000008001050                __preinit_array_end = .

.init_array     0x0000000008001050        0x0
                0x0000000008001050                . = ALIGN (0x4)
                0x0000000008001050                __init_array_start = .
 *(SORT_BY_NAME(.init_array.*))
 *(.init_array)
                0x0000000008001050                __init_array_end = .

.fini_array     0x0000000008001050        0x0
                0x0000000008001050                . = ALIGN (0x4)
                0x0000000008001050                __fini_array_start = .
 *(.fini_array)
 *(SORT_BY_NAME(.fini_array.*))
                0x0000000008001050                __fini_array_end = .

.ARM.extab
 *(.ARM.extab*)

.ARM.exidx      0x0000000008001050        0x0
                0x0000000008001050                __exidx_start = .
 *(.ARM.exidx*)
                0x0000000008001050                __exidx_end = .
                0x0000000008001050                . = ALIGN (0x4)
                0x0000000008001050                _etext = .

.noinit
 *(.noinit)
                0x0000000008001050                . = ALIGN (0x4)

.data           0x0000000020000000        0xc load address 0x0000000008001050
                0x0000000020000000                _data = .
 *(.data*)
 .data.rcc_ahb_frequency
                0x0000000020000000        0x4 /home/bdreed43/Documents/gcc/libopencm3/lib/libopencm3_stm32l4.a(rcc.o)
                0x0000000020000000                rcc_ahb_frequency
 .data.rcc_apb1_frequency
                0x0000000020000004        0x4 /home/bdreed43/Documents/gcc/libopencm3/lib/libopencm3_stm32l4.a(rcc.o)
                0x0000000020000004                rcc_apb1_frequency
 .data.rcc_apb2_frequency
                0x0000000020000008        0x4 /home/bdreed43/Documents/gcc/libopencm3/lib/libopencm3_stm32l4.a(rcc.o)
                0x0000000020000008                rcc_apb2_frequency
                0x000000002000000c                . = ALIGN (0x4)
 *(.ramfunctions)
                0x000000002000000c                _edata = .
                0x0000000008001050                _data_loadaddr = LOADADDR (.data)

.igot.plt       0x000000002000000c        0x0 load address 0x000000000800105c
 .igot.plt      0x000000002000000c        0x0 build/m4_timer_uart_app.o

.bss            0x000000002000000c     0x1958 load address 0x000000000800105c
 *(.bss*)
 .bss.u8_incoming.0
                0x000000002000000c        0x1 build/m4_timer_uart_app.o
 *fill*         0x000000002000000d        0x3 
 .bss.__astChildTaskPool
                0x0000000020000010      0x300 build/esos.o
                0x0000000020000010                __astChildTaskPool
 .bss.__astCircularBuffers
                0x0000000020000310      0x180 build/esos.o
                0x0000000020000310                __astCircularBuffers
 .bss.__astMailbox
                0x0000000020000490      0x100 build/esos.o
                0x0000000020000490                __astMailbox
 .bss.__astTmrSvcs
                0x0000000020000590       0xc0 build/esos.o
                0x0000000020000590                __astTmrSvcs
 .bss.__astUserTaskPool
                0x0000000020000650      0x300 build/esos.o
                0x0000000020000650                __astUserTaskPool
 .bss.__au8UserTaskStructIndex
                0x0000000020000950       0x20 build/esos.o
                0x0000000020000950                __au8UserTaskStructIndex
 .bss.__au8_MBData
                0x0000000020000970      0xf00 build/esos.o
                0x0000000020000970                __au8_MBData
 .bss.__esos_u32SystemFlags
                0x0000000020001870        0x4 build/esos.o
                0x0000000020001870                __esos_u32SystemFlags
 .bss.__esos_u32TmrActiveFlags
                0x0000000020001874        0x4 build/esos.o
                0x0000000020001874                __esos_u32TmrActiveFlags
 .bss.__esos_u8TmrSvcsRegistered
                0x0000000020001878        0x1 build/esos.o
                0x0000000020001878                __esos_u8TmrSvcsRegistered
 *fill*         0x0000000020001879        0x1 
 .bss.__u16NumTasksEverCreated
                0x000000002000187a        0x2 build/esos.o
                0x000000002000187a                __u16NumTasksEverCreated
 .bss.__u8ChildTasksRegistered
                0x000000002000187c        0x1 build/esos.o
                0x000000002000187c                __u8ChildTasksRegistered
 .bss.__u8UserTasksRegistered
                0x000000002000187d        0x1 build/esos.o
                0x000000002000187d                __u8UserTasksRegistered
 *fill*         0x000000002000187e        0x2 
 .bss.__u32_esos_PRNG_Seed
                0x0000000020001880        0x4 build/esos_utils.o
                0x0000000020001880                __u32_esos_PRNG_Seed
 .bss.__esos_comm_rx_buff
                0x0000000020001884       0x40 build/esos_comm.o
                0x0000000020001884                __esos_comm_rx_buff
 .bss.__esos_comm_tx_buff
                0x00000000200018c4       0x40 build/esos_comm.o
                0x00000000200018c4                __esos_comm_tx_buff
 .bss.__pst_CB_Rx
                0x0000000020001904        0x4 build/esos_comm.o
                0x0000000020001904                __pst_CB_Rx
 .bss.__pst_CB_Tx
                0x0000000020001908        0x4 build/esos_comm.o
                0x0000000020001908                __pst_CB_Tx
 .bss.__stChildTaskRx
                0x000000002000190c       0x18 build/esos_comm.o
                0x000000002000190c                __stChildTaskRx
 .bss.__stChildTaskTx
                0x0000000020001924       0x18 build/esos_comm.o
                0x0000000020001924                __stChildTaskTx
 .bss.__st_CB_Rx
                0x000000002000193c        0xc build/esos_comm.o
                0x000000002000193c                __st_CB_Rx
 .bss.__st_CB_Tx
                0x0000000020001948        0xc build/esos_comm.o
                0x0000000020001948                __st_CB_Tx
 .bss.pau8_LocalPtr.2
                0x0000000020001954        0x4 build/esos_comm.o
 .bss.u8_LocalSize.3
                0x0000000020001958        0x1 build/esos_comm.o
 .bss.u8_i.1    0x0000000020001959        0x1 build/esos_comm.o
 .bss.u8_localChar.11
                0x000000002000195a        0x1 build/esos_comm.o
 *fill*         0x000000002000195b        0x1 
 .bss.esos_tick_count
                0x000000002000195c        0x4 build/esos_stm32l4_tick.o
                0x000000002000195c                esos_tick_count
 .bss.u8_uartRXbuf
                0x0000000020001960        0x1 build/esos_stm32l4_rs232.o
                0x0000000020001960                u8_uartRXbuf
 .bss.u8_uartTXbuf
                0x0000000020001961        0x1 build/esos_stm32l4_rs232.o
                0x0000000020001961                u8_uartTXbuf
 *(COMMON)
                0x0000000020001964                . = ALIGN (0x4)
 *fill*         0x0000000020001962        0x2 
                0x0000000020001964                _ebss = .

/DISCARD/
 *(.eh_frame)
                0x0000000020001964                . = ALIGN (0x4)
                0x0000000020001964                end = .
                0x0000000020028000                PROVIDE (_stack = (ORIGIN (ram) + LENGTH (ram)))
OUTPUT(build/m4_timer_uart_app.elf elf32-littlearm)
LOAD linker stubs

.debug_info     0x0000000000000000     0x60e8
 .debug_info    0x0000000000000000      0x529 build/m4_timer_uart_app.o
 .debug_info    0x0000000000000529      0xa5b build/esos.o
 .debug_info    0x0000000000000f84      0x491 build/esos_cb.o
 .debug_info    0x0000000000001415      0x2f2 build/esos_utils.o
 .debug_info    0x0000000000001707      0x9b6 build/esos_comm.o
 .debug_info    0x00000000000020bd      0x52c build/esos_mail.o
 .debug_info    0x00000000000025e9      0x73b build/esos_stm32l4_tick.o
 .debug_info    0x0000000000002d24      0x129 build/esos_stm32l4_utils.o
 .debug_info    0x0000000000002e4d      0x92b build/esos_stm32l4_rs232.o
 .debug_info    0x0000000000003778       0xfc /home/bdreed43/Documents/gcc/libopencm3/lib/libopencm3_stm32l4.a(flash_common_all.o)
 .debug_info    0x0000000000003874       0xf4 /home/bdreed43/Documents/gcc/libopencm3/lib/libopencm3_stm32l4.a(flash_common_idcache.o)
 .debug_info    0x0000000000003968      0x266 /home/bdreed43/Documents/gcc/libopencm3/lib/libopencm3_stm32l4.a(gpio_common_all.o)
 .debug_info    0x0000000000003bce      0x233 /home/bdreed43/Documents/gcc/libopencm3/lib/libopencm3_stm32l4.a(gpio_common_f0234.o)
 .debug_info    0x0000000000003e01      0x7c7 /home/bdreed43/Documents/gcc/libopencm3/lib/libopencm3_stm32l4.a(rcc.o)
 .debug_info    0x00000000000045c8      0x847 /home/bdreed43/Documents/gcc/libopencm3/lib/libopencm3_stm32l4.a(rcc_common_all.o)
 .debug_info    0x0000000000004e0f      0x1a4 /home/bdreed43/Documents/gcc/libopencm3/lib/libopencm3_stm32l4.a(rng_common_v1.o)
 .debug_info    0x0000000000004fb3      0x5c4 /home/bdreed43/Documents/gcc/libopencm3/lib/libopencm3_stm32l4.a(usart_common_all.o)
 .debug_info    0x0000000000005577      0x3ae /home/bdreed43/Documents/gcc/libopencm3/lib/libopencm3_stm32l4.a(usart_common_v2.o)
 .debug_info    0x0000000000005925      0x2f2 /home/bdreed43/Documents/gcc/libopencm3/lib/libopencm3_stm32l4.a(vector.o)
 .debug_info    0x0000000000005c17      0x280 /home/bdreed43/Documents/gcc/libopencm3/lib/libopencm3_stm32l4.a(systick.o)
 .debug_info    0x0000000000005e97      0x251 /home/bdreed43/Documents/gcc/libopencm3/lib/libopencm3_stm32l4.a(nvic.o)

.debug_abbrev   0x0000000000000000     0x1bb3
 .debug_abbrev  0x0000000000000000      0x1ad build/m4_timer_uart_app.o
 .debug_abbrev  0x00000000000001ad      0x2c9 build/esos.o
 .debug_abbrev  0x0000000000000476      0x12d build/esos_cb.o
 .debug_abbrev  0x00000000000005a3      0x158 build/esos_utils.o
 .debug_abbrev  0x00000000000006fb      0x202 build/esos_comm.o
 .debug_abbrev  0x00000000000008fd      0x17f build/esos_mail.o
 .debug_abbrev  0x0000000000000a7c      0x150 build/esos_stm32l4_tick.o
 .debug_abbrev  0x0000000000000bcc       0xc1 build/esos_stm32l4_utils.o
 .debug_abbrev  0x0000000000000c8d      0x1b5 build/esos_stm32l4_rs232.o
 .debug_abbrev  0x0000000000000e42       0x9a /home/bdreed43/Documents/gcc/libopencm3/lib/libopencm3_stm32l4.a(flash_common_all.o)
 .debug_abbrev  0x0000000000000edc       0x56 /home/bdreed43/Documents/gcc/libopencm3/lib/libopencm3_stm32l4.a(flash_common_idcache.o)
 .debug_abbrev  0x0000000000000f32      0x116 /home/bdreed43/Documents/gcc/libopencm3/lib/libopencm3_stm32l4.a(gpio_common_all.o)
 .debug_abbrev  0x0000000000001048       0xbf /home/bdreed43/Documents/gcc/libopencm3/lib/libopencm3_stm32l4.a(gpio_common_f0234.o)
 .debug_abbrev  0x0000000000001107      0x251 /home/bdreed43/Documents/gcc/libopencm3/lib/libopencm3_stm32l4.a(rcc.o)
 .debug_abbrev  0x0000000000001358      0x177 /home/bdreed43/Documents/gcc/libopencm3/lib/libopencm3_stm32l4.a(rcc_common_all.o)
 .debug_abbrev  0x00000000000014cf      0x12e /home/bdreed43/Documents/gcc/libopencm3/lib/libopencm3_stm32l4.a(rng_common_v1.o)
 .debug_abbrev  0x00000000000015fd      0x129 /home/bdreed43/Documents/gcc/libopencm3/lib/libopencm3_stm32l4.a(usart_common_all.o)
 .debug_abbrev  0x0000000000001726      0x128 /home/bdreed43/Documents/gcc/libopencm3/lib/libopencm3_stm32l4.a(usart_common_v2.o)
 .debug_abbrev  0x000000000000184e      0x15b /home/bdreed43/Documents/gcc/libopencm3/lib/libopencm3_stm32l4.a(vector.o)
 .debug_abbrev  0x00000000000019a9      0x155 /home/bdreed43/Documents/gcc/libopencm3/lib/libopencm3_stm32l4.a(systick.o)
 .debug_abbrev  0x0000000000001afe       0xb5 /home/bdreed43/Documents/gcc/libopencm3/lib/libopencm3_stm32l4.a(nvic.o)

.debug_loc      0x0000000000000000     0x2f08
 .debug_loc     0x0000000000000000      0x12e build/m4_timer_uart_app.o
 .debug_loc     0x000000000000012e      0xa8c build/esos.o
 .debug_loc     0x0000000000000bba      0x3bf build/esos_cb.o
 .debug_loc     0x0000000000000f79      0x24d build/esos_utils.o
 .debug_loc     0x00000000000011c6      0x72c build/esos_comm.o
 .debug_loc     0x00000000000018f2      0x20d build/esos_mail.o
 .debug_loc     0x0000000000001aff       0x58 build/esos_stm32l4_tick.o
 .debug_loc     0x0000000000001b57       0x40 build/esos_stm32l4_utils.o
 .debug_loc     0x0000000000001b97       0xb2 build/esos_stm32l4_rs232.o
 .debug_loc     0x0000000000001c49       0x47 /home/bdreed43/Documents/gcc/libopencm3/lib/libopencm3_stm32l4.a(flash_common_all.o)
 .debug_loc     0x0000000000001c90       0xbe /home/bdreed43/Documents/gcc/libopencm3/lib/libopencm3_stm32l4.a(gpio_common_all.o)
 .debug_loc     0x0000000000001d4e      0x14f /home/bdreed43/Documents/gcc/libopencm3/lib/libopencm3_stm32l4.a(gpio_common_f0234.o)
 .debug_loc     0x0000000000001e9d      0x7c7 /home/bdreed43/Documents/gcc/libopencm3/lib/libopencm3_stm32l4.a(rcc.o)
 .debug_loc     0x0000000000002664      0x120 /home/bdreed43/Documents/gcc/libopencm3/lib/libopencm3_stm32l4.a(rcc_common_all.o)
 .debug_loc     0x0000000000002784       0xbb /home/bdreed43/Documents/gcc/libopencm3/lib/libopencm3_stm32l4.a(rng_common_v1.o)
 .debug_loc     0x000000000000283f      0x1e2 /home/bdreed43/Documents/gcc/libopencm3/lib/libopencm3_stm32l4.a(usart_common_all.o)
 .debug_loc     0x0000000000002a21       0xe0 /home/bdreed43/Documents/gcc/libopencm3/lib/libopencm3_stm32l4.a(usart_common_v2.o)
 .debug_loc     0x0000000000002b01      0x128 /home/bdreed43/Documents/gcc/libopencm3/lib/libopencm3_stm32l4.a(vector.o)
 .debug_loc     0x0000000000002c29      0x192 /home/bdreed43/Documents/gcc/libopencm3/lib/libopencm3_stm32l4.a(systick.o)
 .debug_loc     0x0000000000002dbb      0x14d /home/bdreed43/Documents/gcc/libopencm3/lib/libopencm3_stm32l4.a(nvic.o)

.debug_aranges  0x0000000000000000      0x850
 .debug_aranges
                0x0000000000000000       0x48 build/m4_timer_uart_app.o
 .debug_aranges
                0x0000000000000048       0x88 build/esos.o
 .debug_aranges
                0x00000000000000d0       0x68 build/esos_cb.o
 .debug_aranges
                0x0000000000000138       0x50 build/esos_utils.o
 .debug_aranges
                0x0000000000000188       0x88 build/esos_comm.o
 .debug_aranges
                0x0000000000000210       0x30 build/esos_mail.o
 .debug_aranges
                0x0000000000000240       0x40 build/esos_stm32l4_tick.o
 .debug_aranges
                0x0000000000000280       0x30 build/esos_stm32l4_utils.o
 .debug_aranges
                0x00000000000002b0       0x58 build/esos_stm32l4_rs232.o
 .debug_aranges
                0x0000000000000308       0x38 /home/bdreed43/Documents/gcc/libopencm3/lib/libopencm3_stm32l4.a(flash_common_all.o)
 .debug_aranges
                0x0000000000000340       0x48 /home/bdreed43/Documents/gcc/libopencm3/lib/libopencm3_stm32l4.a(flash_common_idcache.o)
 .debug_aranges
                0x0000000000000388       0x50 /home/bdreed43/Documents/gcc/libopencm3/lib/libopencm3_stm32l4.a(gpio_common_all.o)
 .debug_aranges
                0x00000000000003d8       0x30 /home/bdreed43/Documents/gcc/libopencm3/lib/libopencm3_stm32l4.a(gpio_common_f0234.o)
 .debug_aranges
                0x0000000000000408      0x118 /home/bdreed43/Documents/gcc/libopencm3/lib/libopencm3_stm32l4.a(rcc.o)
 .debug_aranges
                0x0000000000000520       0x60 /home/bdreed43/Documents/gcc/libopencm3/lib/libopencm3_stm32l4.a(rcc_common_all.o)
 .debug_aranges
                0x0000000000000580       0x48 /home/bdreed43/Documents/gcc/libopencm3/lib/libopencm3_stm32l4.a(rng_common_v1.o)
 .debug_aranges
                0x00000000000005c8       0xd8 /home/bdreed43/Documents/gcc/libopencm3/lib/libopencm3_stm32l4.a(usart_common_all.o)
 .debug_aranges
                0x00000000000006a0       0xa8 /home/bdreed43/Documents/gcc/libopencm3/lib/libopencm3_stm32l4.a(usart_common_v2.o)
 .debug_aranges
                0x0000000000000748       0x30 /home/bdreed43/Documents/gcc/libopencm3/lib/libopencm3_stm32l4.a(vector.o)
 .debug_aranges
                0x0000000000000778       0x78 /home/bdreed43/Documents/gcc/libopencm3/lib/libopencm3_stm32l4.a(systick.o)
 .debug_aranges
                0x00000000000007f0       0x60 /home/bdreed43/Documents/gcc/libopencm3/lib/libopencm3_stm32l4.a(nvic.o)

.debug_ranges   0x0000000000000000      0x760
 .debug_ranges  0x0000000000000000       0x38 build/m4_timer_uart_app.o
 .debug_ranges  0x0000000000000038       0x78 build/esos.o
 .debug_ranges  0x00000000000000b0       0x58 build/esos_cb.o
 .debug_ranges  0x0000000000000108       0x40 build/esos_utils.o
 .debug_ranges  0x0000000000000148       0x78 build/esos_comm.o
 .debug_ranges  0x00000000000001c0       0x20 build/esos_mail.o
 .debug_ranges  0x00000000000001e0       0x30 build/esos_stm32l4_tick.o
 .debug_ranges  0x0000000000000210       0x20 build/esos_stm32l4_utils.o
 .debug_ranges  0x0000000000000230       0x48 build/esos_stm32l4_rs232.o
 .debug_ranges  0x0000000000000278       0x28 /home/bdreed43/Documents/gcc/libopencm3/lib/libopencm3_stm32l4.a(flash_common_all.o)
 .debug_ranges  0x00000000000002a0       0x38 /home/bdreed43/Documents/gcc/libopencm3/lib/libopencm3_stm32l4.a(flash_common_idcache.o)
 .debug_ranges  0x00000000000002d8       0x40 /home/bdreed43/Documents/gcc/libopencm3/lib/libopencm3_stm32l4.a(gpio_common_all.o)
 .debug_ranges  0x0000000000000318       0x20 /home/bdreed43/Documents/gcc/libopencm3/lib/libopencm3_stm32l4.a(gpio_common_f0234.o)
 .debug_ranges  0x0000000000000338      0x138 /home/bdreed43/Documents/gcc/libopencm3/lib/libopencm3_stm32l4.a(rcc.o)
 .debug_ranges  0x0000000000000470       0x50 /home/bdreed43/Documents/gcc/libopencm3/lib/libopencm3_stm32l4.a(rcc_common_all.o)
 .debug_ranges  0x00000000000004c0       0x50 /home/bdreed43/Documents/gcc/libopencm3/lib/libopencm3_stm32l4.a(rng_common_v1.o)
 .debug_ranges  0x0000000000000510       0xc8 /home/bdreed43/Documents/gcc/libopencm3/lib/libopencm3_stm32l4.a(usart_common_all.o)
 .debug_ranges  0x00000000000005d8       0x98 /home/bdreed43/Documents/gcc/libopencm3/lib/libopencm3_stm32l4.a(usart_common_v2.o)
 .debug_ranges  0x0000000000000670       0x20 /home/bdreed43/Documents/gcc/libopencm3/lib/libopencm3_stm32l4.a(vector.o)
 .debug_ranges  0x0000000000000690       0x80 /home/bdreed43/Documents/gcc/libopencm3/lib/libopencm3_stm32l4.a(systick.o)
 .debug_ranges  0x0000000000000710       0x50 /home/bdreed43/Documents/gcc/libopencm3/lib/libopencm3_stm32l4.a(nvic.o)

.debug_line     0x0000000000000000     0x6c26
 .debug_line    0x0000000000000000      0x4f8 build/m4_timer_uart_app.o
 .debug_line    0x00000000000004f8      0x91b build/esos.o
 .debug_line    0x0000000000000e13      0x4f5 build/esos_cb.o
 .debug_line    0x0000000000001308      0x327 build/esos_utils.o
 .debug_line    0x000000000000162f      0xa54 build/esos_comm.o
 .debug_line    0x0000000000002083      0x468 build/esos_mail.o
 .debug_line    0x00000000000024eb      0x343 build/esos_stm32l4_tick.o
 .debug_line    0x000000000000282e      0x220 build/esos_stm32l4_utils.o
 .debug_line    0x0000000000002a4e      0x465 build/esos_stm32l4_rs232.o
 .debug_line    0x0000000000002eb3      0x3c6 /home/bdreed43/Documents/gcc/libopencm3/lib/libopencm3_stm32l4.a(flash_common_all.o)
 .debug_line    0x0000000000003279      0x3df /home/bdreed43/Documents/gcc/libopencm3/lib/libopencm3_stm32l4.a(flash_common_idcache.o)
 .debug_line    0x0000000000003658      0x43c /home/bdreed43/Documents/gcc/libopencm3/lib/libopencm3_stm32l4.a(gpio_common_all.o)
 .debug_line    0x0000000000003a94      0x524 /home/bdreed43/Documents/gcc/libopencm3/lib/libopencm3_stm32l4.a(gpio_common_f0234.o)
 .debug_line    0x0000000000003fb8      0xaa7 /home/bdreed43/Documents/gcc/libopencm3/lib/libopencm3_stm32l4.a(rcc.o)
 .debug_line    0x0000000000004a5f      0x476 /home/bdreed43/Documents/gcc/libopencm3/lib/libopencm3_stm32l4.a(rcc_common_all.o)
 .debug_line    0x0000000000004ed5      0x466 /home/bdreed43/Documents/gcc/libopencm3/lib/libopencm3_stm32l4.a(rng_common_v1.o)
 .debug_line    0x000000000000533b      0x6bb /home/bdreed43/Documents/gcc/libopencm3/lib/libopencm3_stm32l4.a(usart_common_all.o)
 .debug_line    0x00000000000059f6      0x55f /home/bdreed43/Documents/gcc/libopencm3/lib/libopencm3_stm32l4.a(usart_common_v2.o)
 .debug_line    0x0000000000005f55      0x4b8 /home/bdreed43/Documents/gcc/libopencm3/lib/libopencm3_stm32l4.a(vector.o)
 .debug_line    0x000000000000640d      0x404 /home/bdreed43/Documents/gcc/libopencm3/lib/libopencm3_stm32l4.a(systick.o)
 .debug_line    0x0000000000006811      0x415 /home/bdreed43/Documents/gcc/libopencm3/lib/libopencm3_stm32l4.a(nvic.o)

.debug_str      0x0000000000000000    0x11ab3
 .debug_str     0x0000000000000000      0x31d build/m4_timer_uart_app.o
                                        0x3d4 (size before relaxing)
 .debug_str     0x000000000000031d      0x3c4 build/esos.o
                                        0x689 (size before relaxing)
 .debug_str     0x00000000000006e1      0x16a build/esos_cb.o
                                        0x347 (size before relaxing)
 .debug_str     0x000000000000084b      0x11f build/esos_utils.o
                                        0x2ad (size before relaxing)
 .debug_str     0x000000000000096a      0x231 build/esos_comm.o
                                        0x54f (size before relaxing)
 .debug_str     0x0000000000000b9b      0x129 build/esos_mail.o
                                        0x45d (size before relaxing)
 .debug_str     0x0000000000000cc4      0x676 build/esos_stm32l4_tick.o
                                        0x84e (size before relaxing)
 .debug_str     0x000000000000133a       0x6d build/esos_stm32l4_utils.o
                                        0x22a (size before relaxing)
 .debug_str     0x00000000000013a7      0x21b build/esos_stm32l4_rs232.o
                                        0x922 (size before relaxing)
 .debug_str     0x00000000000015c2     0x5cd0 /home/bdreed43/Documents/gcc/libopencm3/lib/libopencm3_stm32l4.a(flash_common_all.o)
                                       0x5e62 (size before relaxing)
 .debug_str     0x0000000000007292       0x71 /home/bdreed43/Documents/gcc/libopencm3/lib/libopencm3_stm32l4.a(flash_common_idcache.o)
                                       0x5e84 (size before relaxing)
 .debug_str     0x0000000000007303     0x165b /home/bdreed43/Documents/gcc/libopencm3/lib/libopencm3_stm32l4.a(gpio_common_all.o)
                                       0x6551 (size before relaxing)
 .debug_str     0x000000000000895e       0x61 /home/bdreed43/Documents/gcc/libopencm3/lib/libopencm3_stm32l4.a(gpio_common_f0234.o)
                                       0x6573 (size before relaxing)
 .debug_str     0x00000000000089bf     0x3b3e /home/bdreed43/Documents/gcc/libopencm3/lib/libopencm3_stm32l4.a(rcc.o)
                                       0x8b0a (size before relaxing)
 .debug_str     0x000000000000c4fd      0x3c3 /home/bdreed43/Documents/gcc/libopencm3/lib/libopencm3_stm32l4.a(rcc_common_all.o)
                                       0x8f66 (size before relaxing)
 .debug_str     0x000000000000c8c0      0x19b /home/bdreed43/Documents/gcc/libopencm3/lib/libopencm3_stm32l4.a(rng_common_v1.o)
                                       0x5069 (size before relaxing)
 .debug_str     0x000000000000ca5b     0x1e91 /home/bdreed43/Documents/gcc/libopencm3/lib/libopencm3_stm32l4.a(usart_common_all.o)
                                       0xa652 (size before relaxing)
 .debug_str     0x000000000000e8ec      0x190 /home/bdreed43/Documents/gcc/libopencm3/lib/libopencm3_stm32l4.a(usart_common_v2.o)
                                       0x6d98 (size before relaxing)
 .debug_str     0x000000000000ea7c     0x2c88 /home/bdreed43/Documents/gcc/libopencm3/lib/libopencm3_stm32l4.a(vector.o)
                                       0x6daf (size before relaxing)
 .debug_str     0x0000000000011704      0x2eb /home/bdreed43/Documents/gcc/libopencm3/lib/libopencm3_stm32l4.a(systick.o)
                                       0x4491 (size before relaxing)
 .debug_str     0x00000000000119ef       0xc4 /home/bdreed43/Documents/gcc/libopencm3/lib/libopencm3_stm32l4.a(nvic.o)
                                       0x6081 (size before relaxing)

.comment        0x0000000000000000       0x49
 .comment       0x0000000000000000       0x49 build/m4_timer_uart_app.o
                                         0x4a (size before relaxing)
 .comment       0x0000000000000049       0x4a build/esos.o
 .comment       0x0000000000000049       0x4a build/esos_cb.o
 .comment       0x0000000000000049       0x4a build/esos_utils.o
 .comment       0x0000000000000049       0x4a build/esos_comm.o
 .comment       0x0000000000000049       0x4a build/esos_mail.o
 .comment       0x0000000000000049       0x4a build/esos_stm32l4_tick.o
 .comment       0x0000000000000049       0x4a build/esos_stm32l4_utils.o
 .comment       0x0000000000000049       0x4a build/esos_stm32l4_rs232.o
 .comment       0x0000000000000049       0x4a /home/bdreed43/Documents/gcc/libopencm3/lib/libopencm3_stm32l4.a(flash_common_all.o)
 .comment       0x0000000000000049       0x4a /home/bdreed43/Documents/gcc/libopencm3/lib/libopencm3_stm32l4.a(flash_common_idcache.o)
 .comment       0x0000000000000049       0x4a /home/bdreed43/Documents/gcc/libopencm3/lib/libopencm3_stm32l4.a(gpio_common_all.o)
 .comment       0x0000000000000049       0x4a /home/bdreed43/Documents/gcc/libopencm3/lib/libopencm3_stm32l4.a(gpio_common_f0234.o)
 .comment       0x0000000000000049       0x4a /home/bdreed43/Documents/gcc/libopencm3/lib/libopencm3_stm32l4.a(rcc.o)
 .comment       0x0000000000000049       0x4a /home/bdreed43/Documents/gcc/libopencm3/lib/libopencm3_stm32l4.a(rcc_common_all.o)
 .comment       0x0000000000000049       0x4a /home/bdreed43/Documents/gcc/libopencm3/lib/libopencm3_stm32l4.a(rng_common_v1.o)
 .comment       0x0000000000000049       0x4a /home/bdreed43/Documents/gcc/libopencm3/lib/libopencm3_stm32l4.a(usart_common_all.o)
 .comment       0x0000000000000049       0x4a /home/bdreed43/Documents/gcc/libopencm3/lib/libopencm3_stm32l4.a(usart_common_v2.o)
 .comment       0x0000000000000049       0x4a /home/bdreed43/Documents/gcc/libopencm3/lib/libopencm3_stm32l4.a(vector.o)
 .comment       0x0000000000000049       0x4a /home/bdreed43/Documents/gcc/libopencm3/lib/libopencm3_stm32l4.a(systick.o)
 .comment       0x0000000000000049       0x4a /home/bdreed43/Documents/gcc/libopencm3/lib/libopencm3_stm32l4.a(nvic.o)

.ARM.attributes
                0x0000000000000000       0x34
 .ARM.attributes
                0x0000000000000000       0x34 build/m4_timer_uart_app.o
 .ARM.attributes
                0x0000000000000034       0x34 build/esos.o
 .ARM.attributes
                0x0000000000000068       0x34 build/esos_cb.o
 .ARM.attributes
                0x000000000000009c       0x34 build/esos_utils.o
 .ARM.attributes
                0x00000000000000d0       0x34 build/esos_comm.o
 .ARM.attributes
                0x0000000000000104       0x34 build/esos_mail.o
 .ARM.attributes
                0x0000000000000138       0x34 build/esos_stm32l4_tick.o
 .ARM.attributes
                0x000000000000016c       0x34 build/esos_stm32l4_utils.o
 .ARM.attributes
                0x00000000000001a0       0x34 build/esos_stm32l4_rs232.o
 .ARM.attributes
                0x00000000000001d4       0x34 /home/bdreed43/Documents/gcc/libopencm3/lib/libopencm3_stm32l4.a(flash_common_all.o)
 .ARM.attributes
                0x0000000000000208       0x34 /home/bdreed43/Documents/gcc/libopencm3/lib/libopencm3_stm32l4.a(flash_common_idcache.o)
 .ARM.attributes
                0x000000000000023c       0x34 /home/bdreed43/Documents/gcc/libopencm3/lib/libopencm3_stm32l4.a(gpio_common_all.o)
 .ARM.attributes
                0x0000000000000270       0x34 /home/bdreed43/Documents/gcc/libopencm3/lib/libopencm3_stm32l4.a(gpio_common_f0234.o)
 .ARM.attributes
                0x00000000000002a4       0x34 /home/bdreed43/Documents/gcc/libopencm3/lib/libopencm3_stm32l4.a(rcc.o)
 .ARM.attributes
                0x00000000000002d8       0x34 /home/bdreed43/Documents/gcc/libopencm3/lib/libopencm3_stm32l4.a(rcc_common_all.o)
 .ARM.attributes
                0x000000000000030c       0x34 /home/bdreed43/Documents/gcc/libopencm3/lib/libopencm3_stm32l4.a(rng_common_v1.o)
 .ARM.attributes
                0x0000000000000340       0x34 /home/bdreed43/Documents/gcc/libopencm3/lib/libopencm3_stm32l4.a(usart_common_all.o)
 .ARM.attributes
                0x0000000000000374       0x34 /home/bdreed43/Documents/gcc/libopencm3/lib/libopencm3_stm32l4.a(usart_common_v2.o)
 .ARM.attributes
                0x00000000000003a8       0x34 /home/bdreed43/Documents/gcc/libopencm3/lib/libopencm3_stm32l4.a(vector.o)
 .ARM.attributes
                0x00000000000003dc       0x34 /home/bdreed43/Documents/gcc/libopencm3/lib/libopencm3_stm32l4.a(systick.o)
 .ARM.attributes
                0x0000000000000410       0x34 /home/bdreed43/Documents/gcc/libopencm3/lib/libopencm3_stm32l4.a(nvic.o)

.debug_frame    0x0000000000000000     0x109c
 .debug_frame   0x0000000000000000       0xa8 build/m4_timer_uart_app.o
 .debug_frame   0x00000000000000a8      0x154 build/esos.o
 .debug_frame   0x00000000000001fc       0xec build/esos_cb.o
 .debug_frame   0x00000000000002e8       0x88 build/esos_utils.o
 .debug_frame   0x0000000000000370      0x170 build/esos_comm.o
 .debug_frame   0x00000000000004e0       0x68 build/esos_mail.o
 .debug_frame   0x0000000000000548       0x78 build/esos_stm32l4_tick.o
 .debug_frame   0x00000000000005c0       0x50 build/esos_stm32l4_utils.o
 .debug_frame   0x0000000000000610       0xb4 build/esos_stm32l4_rs232.o
 .debug_frame   0x00000000000006c4       0x50 /home/bdreed43/Documents/gcc/libopencm3/lib/libopencm3_stm32l4.a(flash_common_all.o)
 .debug_frame   0x0000000000000714       0x70 /home/bdreed43/Documents/gcc/libopencm3/lib/libopencm3_stm32l4.a(flash_common_idcache.o)
 .debug_frame   0x0000000000000784       0x80 /home/bdreed43/Documents/gcc/libopencm3/lib/libopencm3_stm32l4.a(gpio_common_all.o)
 .debug_frame   0x0000000000000804       0x70 /home/bdreed43/Documents/gcc/libopencm3/lib/libopencm3_stm32l4.a(gpio_common_f0234.o)
 .debug_frame   0x0000000000000874      0x228 /home/bdreed43/Documents/gcc/libopencm3/lib/libopencm3_stm32l4.a(rcc.o)
 .debug_frame   0x0000000000000a9c       0xe0 /home/bdreed43/Documents/gcc/libopencm3/lib/libopencm3_stm32l4.a(rcc_common_all.o)
 .debug_frame   0x0000000000000b7c       0x78 /home/bdreed43/Documents/gcc/libopencm3/lib/libopencm3_stm32l4.a(rng_common_v1.o)
 .debug_frame   0x0000000000000bf4      0x1b4 /home/bdreed43/Documents/gcc/libopencm3/lib/libopencm3_stm32l4.a(usart_common_all.o)
 .debug_frame   0x0000000000000da8      0x130 /home/bdreed43/Documents/gcc/libopencm3/lib/libopencm3_stm32l4.a(usart_common_v2.o)
 .debug_frame   0x0000000000000ed8       0x4c /home/bdreed43/Documents/gcc/libopencm3/lib/libopencm3_stm32l4.a(vector.o)
 .debug_frame   0x0000000000000f24       0xd8 /home/bdreed43/Documents/gcc/libopencm3/lib/libopencm3_stm32l4.a(systick.o)
 .debug_frame   0x0000000000000ffc       0xa0 /home/bdreed43/Documents/gcc/libopencm3/lib/libopencm3_stm32l4.a(nvic.o)

.debug_macro    0x0000000000000000     0x433f
 .debug_macro   0x0000000000000000       0xc8 /home/bdreed43/Documents/gcc/libopencm3/lib/libopencm3_stm32l4.a(flash_common_all.o)
 .debug_macro   0x00000000000000c8      0xa6c /home/bdreed43/Documents/gcc/libopencm3/lib/libopencm3_stm32l4.a(flash_common_all.o)
 .debug_macro   0x0000000000000b34       0x1c /home/bdreed43/Documents/gcc/libopencm3/lib/libopencm3_stm32l4.a(flash_common_all.o)
 .debug_macro   0x0000000000000b50       0x22 /home/bdreed43/Documents/gcc/libopencm3/lib/libopencm3_stm32l4.a(flash_common_all.o)
 .debug_macro   0x0000000000000b72       0x56 /home/bdreed43/Documents/gcc/libopencm3/lib/libopencm3_stm32l4.a(flash_common_all.o)
 .debug_macro   0x0000000000000bc8       0x51 /home/bdreed43/Documents/gcc/libopencm3/lib/libopencm3_stm32l4.a(flash_common_all.o)
 .debug_macro   0x0000000000000c19      0x103 /home/bdreed43/Documents/gcc/libopencm3/lib/libopencm3_stm32l4.a(flash_common_all.o)
 .debug_macro   0x0000000000000d1c       0x6a /home/bdreed43/Documents/gcc/libopencm3/lib/libopencm3_stm32l4.a(flash_common_all.o)
 .debug_macro   0x0000000000000d86      0x1df /home/bdreed43/Documents/gcc/libopencm3/lib/libopencm3_stm32l4.a(flash_common_all.o)
 .debug_macro   0x0000000000000f65       0x22 /home/bdreed43/Documents/gcc/libopencm3/lib/libopencm3_stm32l4.a(flash_common_all.o)
 .debug_macro   0x0000000000000f87       0xe8 /home/bdreed43/Documents/gcc/libopencm3/lib/libopencm3_stm32l4.a(flash_common_all.o)
 .debug_macro   0x000000000000106f       0x76 /home/bdreed43/Documents/gcc/libopencm3/lib/libopencm3_stm32l4.a(flash_common_all.o)
 .debug_macro   0x00000000000010e5      0x217 /home/bdreed43/Documents/gcc/libopencm3/lib/libopencm3_stm32l4.a(flash_common_all.o)
 .debug_macro   0x00000000000012fc       0x1c /home/bdreed43/Documents/gcc/libopencm3/lib/libopencm3_stm32l4.a(flash_common_all.o)
 .debug_macro   0x0000000000001318      0x2f3 /home/bdreed43/Documents/gcc/libopencm3/lib/libopencm3_stm32l4.a(flash_common_all.o)
 .debug_macro   0x000000000000160b       0xc8 /home/bdreed43/Documents/gcc/libopencm3/lib/libopencm3_stm32l4.a(flash_common_idcache.o)
 .debug_macro   0x00000000000016d3       0xd6 /home/bdreed43/Documents/gcc/libopencm3/lib/libopencm3_stm32l4.a(gpio_common_all.o)
 .debug_macro   0x00000000000017a9       0x76 /home/bdreed43/Documents/gcc/libopencm3/lib/libopencm3_stm32l4.a(gpio_common_all.o)
 .debug_macro   0x000000000000181f      0x37e /home/bdreed43/Documents/gcc/libopencm3/lib/libopencm3_stm32l4.a(gpio_common_all.o)
 .debug_macro   0x0000000000001b9d       0xca /home/bdreed43/Documents/gcc/libopencm3/lib/libopencm3_stm32l4.a(gpio_common_all.o)
 .debug_macro   0x0000000000001c67       0x88 /home/bdreed43/Documents/gcc/libopencm3/lib/libopencm3_stm32l4.a(gpio_common_all.o)
 .debug_macro   0x0000000000001cef       0xd6 /home/bdreed43/Documents/gcc/libopencm3/lib/libopencm3_stm32l4.a(gpio_common_f0234.o)
 .debug_macro   0x0000000000001dc5       0xc3 /home/bdreed43/Documents/gcc/libopencm3/lib/libopencm3_stm32l4.a(rcc.o)
 .debug_macro   0x0000000000001e88       0x16 /home/bdreed43/Documents/gcc/libopencm3/lib/libopencm3_stm32l4.a(rcc.o)
 .debug_macro   0x0000000000001e9e      0xcfc /home/bdreed43/Documents/gcc/libopencm3/lib/libopencm3_stm32l4.a(rcc.o)
 .debug_macro   0x0000000000002b9a       0xce /home/bdreed43/Documents/gcc/libopencm3/lib/libopencm3_stm32l4.a(rcc_common_all.o)
 .debug_macro   0x0000000000002c68       0xb3 /home/bdreed43/Documents/gcc/libopencm3/lib/libopencm3_stm32l4.a(rng_common_v1.o)
 .debug_macro   0x0000000000002d1b       0x46 /home/bdreed43/Documents/gcc/libopencm3/lib/libopencm3_stm32l4.a(rng_common_v1.o)
 .debug_macro   0x0000000000002d61       0xd9 /home/bdreed43/Documents/gcc/libopencm3/lib/libopencm3_stm32l4.a(usart_common_all.o)
 .debug_macro   0x0000000000002e3a       0x94 /home/bdreed43/Documents/gcc/libopencm3/lib/libopencm3_stm32l4.a(usart_common_all.o)
 .debug_macro   0x0000000000002ece      0x55b /home/bdreed43/Documents/gcc/libopencm3/lib/libopencm3_stm32l4.a(usart_common_all.o)
 .debug_macro   0x0000000000003429       0x28 /home/bdreed43/Documents/gcc/libopencm3/lib/libopencm3_stm32l4.a(usart_common_all.o)
 .debug_macro   0x0000000000003451       0xc1 /home/bdreed43/Documents/gcc/libopencm3/lib/libopencm3_stm32l4.a(usart_common_v2.o)
 .debug_macro   0x0000000000003512       0xd3 /home/bdreed43/Documents/gcc/libopencm3/lib/libopencm3_stm32l4.a(vector.o)
 .debug_macro   0x00000000000035e5      0x452 /home/bdreed43/Documents/gcc/libopencm3/lib/libopencm3_stm32l4.a(vector.o)
 .debug_macro   0x0000000000003a37       0x6e /home/bdreed43/Documents/gcc/libopencm3/lib/libopencm3_stm32l4.a(vector.o)
 .debug_macro   0x0000000000003aa5      0x22c /home/bdreed43/Documents/gcc/libopencm3/lib/libopencm3_stm32l4.a(vector.o)
 .debug_macro   0x0000000000003cd1       0x92 /home/bdreed43/Documents/gcc/libopencm3/lib/libopencm3_stm32l4.a(systick.o)
 .debug_macro   0x0000000000003d63       0x69 /home/bdreed43/Documents/gcc/libopencm3/lib/libopencm3_stm32l4.a(systick.o)
 .debug_macro   0x0000000000003dcc       0xb3 /home/bdreed43/Documents/gcc/libopencm3/lib/libopencm3_stm32l4.a(nvic.o)
 .debug_macro   0x0000000000003e7f       0x68 /home/bdreed43/Documents/gcc/libopencm3/lib/libopencm3_stm32l4.a(nvic.o)
 .debug_macro   0x0000000000003ee7      0x458 /home/bdreed43/Documents/gcc/libopencm3/lib/libopencm3_stm32l4.a(nvic.o)

Cross Reference Table

Symbol                                            File
Default_Handler                                   build/esos_stm32l4_tick.o
Error_Handler                                     build/esos_stm32l4_tick.o
__astChildTaskPool                                build/esos.o
__astCircularBuffers                              build/esos.o
__astMailbox                                      build/esos.o
__astTmrSvcs                                      build/esos.o
__astUserTaskPool                                 build/esos.o
__au8UserTaskStructIndex                          build/esos.o
__au8_MBData                                      build/esos.o
__esosInit                                        build/esos.o
__esos_CB_Init                                    build/esos_cb.o
                                                  build/esos_mail.o
                                                  build/esos_comm.o
__esos_CB_OverwriteUINT8                          build/esos_cb.o
                                                  build/esos_stm32l4_rs232.o
__esos_CB_ReadUINT16                              build/esos_cb.o
                                                  build/esos_mail.o
__esos_CB_ReadUINT32                              build/esos_cb.o
                                                  build/esos_mail.o
__esos_CB_ReadUINT8                               build/esos_cb.o
                                                  build/esos_stm32l4_rs232.o
                                                  build/esos_mail.o
                                                  build/esos_comm.o
__esos_CB_ReadUINT8Buffer                         build/esos_cb.o
__esos_CB_WriteUINT16                             build/esos_cb.o
                                                  build/esos_mail.o
__esos_CB_WriteUINT32                             build/esos_cb.o
                                                  build/esos_mail.o
__esos_CB_WriteUINT8                              build/esos_cb.o
                                                  build/esos_mail.o
                                                  build/esos_comm.o
__esos_CB_WriteUINT8Buffer                        build/esos_cb.o
                                                  build/esos_comm.o
__esos_InitCommSystem                             build/esos_comm.o
                                                  build/esos.o
__esos_InitMailbox                                build/esos_mail.o
                                                  build/esos.o
__esos_OutChar                                    build/esos_comm.o
                                                  build/m4_timer_uart_app.o
__esos_OutCharBuffer                              build/esos_comm.o
__esos_OutString                                  build/esos_comm.o
__esos_OutUint32AsHexString                       build/esos_comm.o
__esos_OutUint8AsDecString                        build/esos_comm.o
__esos_OutUint8AsHexString                        build/esos_comm.o
__esos_ReadMailMessage                            build/esos_mail.o
__esos_SendMailMessage                            build/esos_mail.o
__esos_comm_rx_buff                               build/esos_comm.o
__esos_comm_tx_buff                               build/esos_comm.o
__esos_configUART1                                build/esos_stm32l4_rs232.o
__esos_getBuffer                                  build/esos_comm.o
                                                  build/m4_timer_uart_app.o
__esos_getString                                  build/esos_comm.o
__esos_get_PRNG_RandomUint32                      build/esos_utils.o
                                                  build/esos_stm32l4_utils.o
__esos_hasTickDurationPassed                      build/esos.o
                                                  build/m4_timer_uart_app.o
__esos_hw_GetSystemTickCount                      build/esos_stm32l4_tick.o
                                                  build/esos_mail.o
                                                  build/esos.o
                                                  build/m4_timer_uart_app.o
__esos_hw_InitCommSystem                          build/esos_stm32l4_rs232.o
                                                  build/esos_comm.o
__esos_hw_InitSystemTick                          build/esos_stm32l4_tick.o
                                                  build/esos.o
__esos_hw_PRNG_u32                                build/esos_stm32l4_utils.o
                                                  build/esos_utils.o
__esos_hw_config_PRNG                             build/esos_stm32l4_utils.o
                                                  build/esos.o
__esos_hw_set_PRNG_Seed                           build/esos_stm32l4_utils.o
__esos_hw_signal_start_tx                         build/esos_stm32l4_rs232.o
                                                  build/esos_comm.o
__esos_hw_signal_stop_tx                          build/esos_stm32l4_rs232.o
__esos_set_PRNG_U32Seed                           build/esos_utils.o
                                                  build/esos.o
__esos_tmrSvcsExecute                             build/esos.o
                                                  build/esos_stm32l4_tick.o
__esos_u32FNVHash                                 build/esos_utils.o
__esos_u32SystemFlags                             build/esos.o
                                                  build/esos_stm32l4_rs232.o
                                                  build/m4_timer_uart_app.o
__esos_u32TmrActiveFlags                          build/esos.o
__esos_u32UserFlags                               build/esos.o
__esos_u8TmrSvcsRegistered                        build/esos.o
__esos_u8_GetLSBHexCharFromUint8                  build/esos_comm.o
__esos_u8_GetMSBHexCharFromUint8                  build/esos_comm.o
__esos_unsafe_GetUint8                            build/esos_comm.o
__esos_unsafe_PutString                           build/esos_comm.o
                                                  build/m4_timer_uart_app.o
__esos_unsafe_PutUint8                            build/esos_comm.o
__fini_array_end                                  /home/bdreed43/Documents/gcc/libopencm3/lib/libopencm3_stm32l4.a(vector.o)
__fini_array_start                                /home/bdreed43/Documents/gcc/libopencm3/lib/libopencm3_stm32l4.a(vector.o)
__init_array_end                                  /home/bdreed43/Documents/gcc/libopencm3/lib/libopencm3_stm32l4.a(vector.o)
__init_array_start                                /home/bdreed43/Documents/gcc/libopencm3/lib/libopencm3_stm32l4.a(vector.o)
__preinit_array_end                               /home/bdreed43/Documents/gcc/libopencm3/lib/libopencm3_stm32l4.a(vector.o)
__preinit_array_start                             /home/bdreed43/Documents/gcc/libopencm3/lib/libopencm3_stm32l4.a(vector.o)
__pst_CB_Rx                                       build/esos_comm.o
                                                  build/esos_stm32l4_rs232.o
__pst_CB_Tx                                       build/esos_comm.o
                                                  build/esos_stm32l4_rs232.o
__stChildTaskRx                                   build/esos_comm.o
                                                  build/m4_timer_uart_app.o
__stChildTaskTx                                   build/esos_comm.o
                                                  build/m4_timer_uart_app.o
__st_CB_Rx                                        build/esos_comm.o
__st_CB_Tx                                        build/esos_comm.o
__u16NumTasksEverCreated                          build/esos.o
__u32_esos_PRNG_Seed                              build/esos_utils.o
__u8ChildTasksRegistered                          build/esos.o
__u8UserTasksRegistered                           build/esos.o
__u8_esos_mail_routines_dummy_uint8               build/esos_mail.o
__user_init_hw                                    build/m4_timer_uart_app.o
_data                                             /home/bdreed43/Documents/gcc/libopencm3/lib/libopencm3_stm32l4.a(vector.o)
_data_loadaddr                                    /home/bdreed43/Documents/gcc/libopencm3/lib/libopencm3_stm32l4.a(vector.o)
_ebss                                             /home/bdreed43/Documents/gcc/libopencm3/lib/libopencm3_stm32l4.a(vector.o)
_edata                                            /home/bdreed43/Documents/gcc/libopencm3/lib/libopencm3_stm32l4.a(vector.o)
_esos_hw_GetSerialUartVersion                     build/esos_stm32l4_rs232.o
_stack                                            /home/bdreed43/Documents/gcc/libopencm3/lib/libopencm3_stm32l4.a(vector.o)
adc1_2_isr                                        /home/bdreed43/Documents/gcc/libopencm3/lib/libopencm3_stm32l4.a(vector.o)
adc3_isr                                          /home/bdreed43/Documents/gcc/libopencm3/lib/libopencm3_stm32l4.a(vector.o)
aes_isr                                           /home/bdreed43/Documents/gcc/libopencm3/lib/libopencm3_stm32l4.a(vector.o)
blocking_handler                                  /home/bdreed43/Documents/gcc/libopencm3/lib/libopencm3_stm32l4.a(vector.o)
bus_fault_handler                                 /home/bdreed43/Documents/gcc/libopencm3/lib/libopencm3_stm32l4.a(vector.o)
can1_rx0_isr                                      /home/bdreed43/Documents/gcc/libopencm3/lib/libopencm3_stm32l4.a(vector.o)
can1_rx1_isr                                      /home/bdreed43/Documents/gcc/libopencm3/lib/libopencm3_stm32l4.a(vector.o)
can1_sce_isr                                      /home/bdreed43/Documents/gcc/libopencm3/lib/libopencm3_stm32l4.a(vector.o)
can1_tx_isr                                       /home/bdreed43/Documents/gcc/libopencm3/lib/libopencm3_stm32l4.a(vector.o)
can2_rx0_isr                                      /home/bdreed43/Documents/gcc/libopencm3/lib/libopencm3_stm32l4.a(vector.o)
can2_rx1_isr                                      /home/bdreed43/Documents/gcc/libopencm3/lib/libopencm3_stm32l4.a(vector.o)
can2_sce_isr                                      /home/bdreed43/Documents/gcc/libopencm3/lib/libopencm3_stm32l4.a(vector.o)
can2_tx_isr                                       /home/bdreed43/Documents/gcc/libopencm3/lib/libopencm3_stm32l4.a(vector.o)
cm3_assert_failed                                 /home/bdreed43/Documents/gcc/libopencm3/lib/libopencm3_stm32l4.a(assert.o)
                                                  /home/bdreed43/Documents/gcc/libopencm3/lib/libopencm3_stm32l4.a(rcc.o)
cm3_assert_failed_verbose                         /home/bdreed43/Documents/gcc/libopencm3/lib/libopencm3_stm32l4.a(assert.o)
comp_isr                                          /home/bdreed43/Documents/gcc/libopencm3/lib/libopencm3_stm32l4.a(vector.o)
count                                             build/esos_stm32l4_tick.o
dcmi_isr                                          /home/bdreed43/Documents/gcc/libopencm3/lib/libopencm3_stm32l4.a(vector.o)
debug_monitor_handler                             /home/bdreed43/Documents/gcc/libopencm3/lib/libopencm3_stm32l4.a(vector.o)
dfsdm0_isr                                        /home/bdreed43/Documents/gcc/libopencm3/lib/libopencm3_stm32l4.a(vector.o)
dfsdm1_isr                                        /home/bdreed43/Documents/gcc/libopencm3/lib/libopencm3_stm32l4.a(vector.o)
dfsdm2_isr                                        /home/bdreed43/Documents/gcc/libopencm3/lib/libopencm3_stm32l4.a(vector.o)
dfsdm3_isr                                        /home/bdreed43/Documents/gcc/libopencm3/lib/libopencm3_stm32l4.a(vector.o)
dma1_channel1_isr                                 /home/bdreed43/Documents/gcc/libopencm3/lib/libopencm3_stm32l4.a(vector.o)
dma1_channel2_isr                                 /home/bdreed43/Documents/gcc/libopencm3/lib/libopencm3_stm32l4.a(vector.o)
dma1_channel3_isr                                 /home/bdreed43/Documents/gcc/libopencm3/lib/libopencm3_stm32l4.a(vector.o)
dma1_channel4_isr                                 /home/bdreed43/Documents/gcc/libopencm3/lib/libopencm3_stm32l4.a(vector.o)
dma1_channel5_isr                                 /home/bdreed43/Documents/gcc/libopencm3/lib/libopencm3_stm32l4.a(vector.o)
dma1_channel6_isr                                 /home/bdreed43/Documents/gcc/libopencm3/lib/libopencm3_stm32l4.a(vector.o)
dma1_channel7_isr                                 /home/bdreed43/Documents/gcc/libopencm3/lib/libopencm3_stm32l4.a(vector.o)
dma2_channel1_isr                                 /home/bdreed43/Documents/gcc/libopencm3/lib/libopencm3_stm32l4.a(vector.o)
dma2_channel2_isr                                 /home/bdreed43/Documents/gcc/libopencm3/lib/libopencm3_stm32l4.a(vector.o)
dma2_channel3_isr                                 /home/bdreed43/Documents/gcc/libopencm3/lib/libopencm3_stm32l4.a(vector.o)
dma2_channel4_isr                                 /home/bdreed43/Documents/gcc/libopencm3/lib/libopencm3_stm32l4.a(vector.o)
dma2_channel5_isr                                 /home/bdreed43/Documents/gcc/libopencm3/lib/libopencm3_stm32l4.a(vector.o)
dma2_channel6_isr                                 /home/bdreed43/Documents/gcc/libopencm3/lib/libopencm3_stm32l4.a(vector.o)
dma2_channel7_isr                                 /home/bdreed43/Documents/gcc/libopencm3/lib/libopencm3_stm32l4.a(vector.o)
dma2d_isr                                         /home/bdreed43/Documents/gcc/libopencm3/lib/libopencm3_stm32l4.a(vector.o)
esos_ChangeTimerPeriod                            build/esos.o
esos_GetCommSystemMaxInDataLen                    build/esos_stm32l4_rs232.o
esos_GetCommSystemMaxOutDataLen                   build/esos_stm32l4_rs232.o
esos_GetFreeChildTaskStruct                       build/esos.o
esos_GetMaxNumberTasks                            build/esos.o
esos_GetRandomUint32                              build/esos_utils.o
esos_GetTaskHandle                                build/esos.o
esos_GetTaskHandleFromID                          build/esos.o
                                                  build/esos_mail.o
esos_GetTimerHandle                               build/esos.o
esos_RegisterTask                                 build/esos.o
                                                  build/m4_timer_uart_app.o
esos_RegisterTimer                                build/esos.o
esos_UnregisterTask                               build/esos.o
esos_UnregisterTimer                              build/esos.o
esos_buffer_hash_u32                              build/esos_utils.o
esos_hash_u32_to_u16                              build/esos_utils.o
esos_string_hash_u32                              build/esos_utils.o
esos_taskname_hash_u16                            build/esos_utils.o
esos_tick_count                                   build/esos_stm32l4_tick.o
exti0_isr                                         /home/bdreed43/Documents/gcc/libopencm3/lib/libopencm3_stm32l4.a(vector.o)
exti15_10_isr                                     /home/bdreed43/Documents/gcc/libopencm3/lib/libopencm3_stm32l4.a(vector.o)
exti1_isr                                         /home/bdreed43/Documents/gcc/libopencm3/lib/libopencm3_stm32l4.a(vector.o)
exti2_isr                                         /home/bdreed43/Documents/gcc/libopencm3/lib/libopencm3_stm32l4.a(vector.o)
exti3_isr                                         /home/bdreed43/Documents/gcc/libopencm3/lib/libopencm3_stm32l4.a(vector.o)
exti4_isr                                         /home/bdreed43/Documents/gcc/libopencm3/lib/libopencm3_stm32l4.a(vector.o)
exti9_5_isr                                       /home/bdreed43/Documents/gcc/libopencm3/lib/libopencm3_stm32l4.a(vector.o)
flash_LED                                         build/m4_timer_uart_app.o
flash_dcache_disable                              /home/bdreed43/Documents/gcc/libopencm3/lib/libopencm3_stm32l4.a(flash_common_idcache.o)
flash_dcache_enable                               /home/bdreed43/Documents/gcc/libopencm3/lib/libopencm3_stm32l4.a(flash_common_idcache.o)
                                                  build/esos_stm32l4_tick.o
flash_dcache_reset                                /home/bdreed43/Documents/gcc/libopencm3/lib/libopencm3_stm32l4.a(flash_common_idcache.o)
flash_icache_disable                              /home/bdreed43/Documents/gcc/libopencm3/lib/libopencm3_stm32l4.a(flash_common_idcache.o)
flash_icache_enable                               /home/bdreed43/Documents/gcc/libopencm3/lib/libopencm3_stm32l4.a(flash_common_idcache.o)
                                                  build/esos_stm32l4_tick.o
flash_icache_reset                                /home/bdreed43/Documents/gcc/libopencm3/lib/libopencm3_stm32l4.a(flash_common_idcache.o)
flash_isr                                         /home/bdreed43/Documents/gcc/libopencm3/lib/libopencm3_stm32l4.a(vector.o)
flash_prefetch_disable                            /home/bdreed43/Documents/gcc/libopencm3/lib/libopencm3_stm32l4.a(flash_common_all.o)
flash_prefetch_enable                             /home/bdreed43/Documents/gcc/libopencm3/lib/libopencm3_stm32l4.a(flash_common_all.o)
                                                  build/esos_stm32l4_tick.o
flash_set_ws                                      /home/bdreed43/Documents/gcc/libopencm3/lib/libopencm3_stm32l4.a(flash_common_all.o)
                                                  build/esos_stm32l4_tick.o
flash_unlock_option_bytes                         /home/bdreed43/Documents/gcc/libopencm3/lib/libopencm3_stm32l4.a(flash_common_all.o)
fmc_isr                                           /home/bdreed43/Documents/gcc/libopencm3/lib/libopencm3_stm32l4.a(vector.o)
fpu_isr                                           /home/bdreed43/Documents/gcc/libopencm3/lib/libopencm3_stm32l4.a(vector.o)
gpio_clear                                        /home/bdreed43/Documents/gcc/libopencm3/lib/libopencm3_stm32l4.a(gpio_common_all.o)
gpio_get                                          /home/bdreed43/Documents/gcc/libopencm3/lib/libopencm3_stm32l4.a(gpio_common_all.o)
                                                  build/m4_timer_uart_app.o
gpio_mode_setup                                   /home/bdreed43/Documents/gcc/libopencm3/lib/libopencm3_stm32l4.a(gpio_common_f0234.o)
                                                  build/esos_stm32l4_rs232.o
                                                  build/m4_timer_uart_app.o
gpio_port_config_lock                             /home/bdreed43/Documents/gcc/libopencm3/lib/libopencm3_stm32l4.a(gpio_common_all.o)
gpio_port_read                                    /home/bdreed43/Documents/gcc/libopencm3/lib/libopencm3_stm32l4.a(gpio_common_all.o)
gpio_port_write                                   /home/bdreed43/Documents/gcc/libopencm3/lib/libopencm3_stm32l4.a(gpio_common_all.o)
gpio_set                                          /home/bdreed43/Documents/gcc/libopencm3/lib/libopencm3_stm32l4.a(gpio_common_all.o)
gpio_set_af                                       /home/bdreed43/Documents/gcc/libopencm3/lib/libopencm3_stm32l4.a(gpio_common_f0234.o)
                                                  build/esos_stm32l4_rs232.o
gpio_set_output_options                           /home/bdreed43/Documents/gcc/libopencm3/lib/libopencm3_stm32l4.a(gpio_common_f0234.o)
                                                  build/esos_stm32l4_rs232.o
gpio_toggle                                       /home/bdreed43/Documents/gcc/libopencm3/lib/libopencm3_stm32l4.a(gpio_common_all.o)
                                                  build/m4_timer_uart_app.o
hard_fault_handler                                /home/bdreed43/Documents/gcc/libopencm3/lib/libopencm3_stm32l4.a(vector.o)
hash_crs_isr                                      /home/bdreed43/Documents/gcc/libopencm3/lib/libopencm3_stm32l4.a(vector.o)
i2c1_er_isr                                       /home/bdreed43/Documents/gcc/libopencm3/lib/libopencm3_stm32l4.a(vector.o)
i2c1_ev_isr                                       /home/bdreed43/Documents/gcc/libopencm3/lib/libopencm3_stm32l4.a(vector.o)
i2c2_er_isr                                       /home/bdreed43/Documents/gcc/libopencm3/lib/libopencm3_stm32l4.a(vector.o)
i2c2_ev_isr                                       /home/bdreed43/Documents/gcc/libopencm3/lib/libopencm3_stm32l4.a(vector.o)
i2c3_er_isr                                       /home/bdreed43/Documents/gcc/libopencm3/lib/libopencm3_stm32l4.a(vector.o)
i2c3_ev_isr                                       /home/bdreed43/Documents/gcc/libopencm3/lib/libopencm3_stm32l4.a(vector.o)
i2c4_er_isr                                       /home/bdreed43/Documents/gcc/libopencm3/lib/libopencm3_stm32l4.a(vector.o)
i2c4_ev_isr                                       /home/bdreed43/Documents/gcc/libopencm3/lib/libopencm3_stm32l4.a(vector.o)
lcd_isr                                           /home/bdreed43/Documents/gcc/libopencm3/lib/libopencm3_stm32l4.a(vector.o)
lptim1_isr                                        /home/bdreed43/Documents/gcc/libopencm3/lib/libopencm3_stm32l4.a(vector.o)
lptim2_isr                                        /home/bdreed43/Documents/gcc/libopencm3/lib/libopencm3_stm32l4.a(vector.o)
lpuart1_isr                                       /home/bdreed43/Documents/gcc/libopencm3/lib/libopencm3_stm32l4.a(vector.o)
main                                              build/esos.o
                                                  /home/bdreed43/Documents/gcc/libopencm3/lib/libopencm3_stm32l4.a(vector.o)
mem_manage_handler                                /home/bdreed43/Documents/gcc/libopencm3/lib/libopencm3_stm32l4.a(vector.o)
nmi_handler                                       /home/bdreed43/Documents/gcc/libopencm3/lib/libopencm3_stm32l4.a(vector.o)
null_handler                                      /home/bdreed43/Documents/gcc/libopencm3/lib/libopencm3_stm32l4.a(vector.o)
nvic_clear_pending_irq                            /home/bdreed43/Documents/gcc/libopencm3/lib/libopencm3_stm32l4.a(nvic.o)
nvic_disable_irq                                  /home/bdreed43/Documents/gcc/libopencm3/lib/libopencm3_stm32l4.a(nvic.o)
nvic_enable_irq                                   /home/bdreed43/Documents/gcc/libopencm3/lib/libopencm3_stm32l4.a(nvic.o)
                                                  build/esos_stm32l4_rs232.o
nvic_generate_software_interrupt                  /home/bdreed43/Documents/gcc/libopencm3/lib/libopencm3_stm32l4.a(nvic.o)
nvic_get_active_irq                               /home/bdreed43/Documents/gcc/libopencm3/lib/libopencm3_stm32l4.a(nvic.o)
nvic_get_irq_enabled                              /home/bdreed43/Documents/gcc/libopencm3/lib/libopencm3_stm32l4.a(nvic.o)
nvic_get_pending_irq                              /home/bdreed43/Documents/gcc/libopencm3/lib/libopencm3_stm32l4.a(nvic.o)
nvic_set_pending_irq                              /home/bdreed43/Documents/gcc/libopencm3/lib/libopencm3_stm32l4.a(nvic.o)
nvic_set_priority                                 /home/bdreed43/Documents/gcc/libopencm3/lib/libopencm3_stm32l4.a(nvic.o)
otg_fs_isr                                        /home/bdreed43/Documents/gcc/libopencm3/lib/libopencm3_stm32l4.a(vector.o)
pend_sv_handler                                   /home/bdreed43/Documents/gcc/libopencm3/lib/libopencm3_stm32l4.a(vector.o)
pvd_pvm_isr                                       /home/bdreed43/Documents/gcc/libopencm3/lib/libopencm3_stm32l4.a(vector.o)
quadspi_isr                                       /home/bdreed43/Documents/gcc/libopencm3/lib/libopencm3_stm32l4.a(vector.o)
rcc_ahb_frequency                                 /home/bdreed43/Documents/gcc/libopencm3/lib/libopencm3_stm32l4.a(rcc.o)
                                                  build/esos_stm32l4_tick.o
rcc_apb1_frequency                                /home/bdreed43/Documents/gcc/libopencm3/lib/libopencm3_stm32l4.a(rcc.o)
                                                  /home/bdreed43/Documents/gcc/libopencm3/lib/libopencm3_stm32l4.a(usart_common_all.o)
                                                  build/esos_stm32l4_tick.o
rcc_apb2_frequency                                /home/bdreed43/Documents/gcc/libopencm3/lib/libopencm3_stm32l4.a(rcc.o)
                                                  /home/bdreed43/Documents/gcc/libopencm3/lib/libopencm3_stm32l4.a(usart_common_all.o)
                                                  build/esos_stm32l4_tick.o
rcc_css_disable                                   /home/bdreed43/Documents/gcc/libopencm3/lib/libopencm3_stm32l4.a(rcc.o)
rcc_css_enable                                    /home/bdreed43/Documents/gcc/libopencm3/lib/libopencm3_stm32l4.a(rcc.o)
rcc_css_int_clear                                 /home/bdreed43/Documents/gcc/libopencm3/lib/libopencm3_stm32l4.a(rcc.o)
rcc_css_int_flag                                  /home/bdreed43/Documents/gcc/libopencm3/lib/libopencm3_stm32l4.a(rcc.o)
rcc_disable_rtc_clock                             /home/bdreed43/Documents/gcc/libopencm3/lib/libopencm3_stm32l4.a(rcc.o)
rcc_enable_rtc_clock                              /home/bdreed43/Documents/gcc/libopencm3/lib/libopencm3_stm32l4.a(rcc.o)
rcc_get_div_from_hpre                             /home/bdreed43/Documents/gcc/libopencm3/lib/libopencm3_stm32l4.a(rcc_common_all.o)
                                                  /home/bdreed43/Documents/gcc/libopencm3/lib/libopencm3_stm32l4.a(rcc.o)
rcc_get_i2c_clk_freq                              /home/bdreed43/Documents/gcc/libopencm3/lib/libopencm3_stm32l4.a(rcc.o)
rcc_get_spi_clk_freq                              /home/bdreed43/Documents/gcc/libopencm3/lib/libopencm3_stm32l4.a(rcc.o)
rcc_get_timer_clk_freq                            /home/bdreed43/Documents/gcc/libopencm3/lib/libopencm3_stm32l4.a(rcc.o)
rcc_get_usart_clk_freq                            /home/bdreed43/Documents/gcc/libopencm3/lib/libopencm3_stm32l4.a(rcc.o)
rcc_is_osc_ready                                  /home/bdreed43/Documents/gcc/libopencm3/lib/libopencm3_stm32l4.a(rcc.o)
rcc_isr                                           /home/bdreed43/Documents/gcc/libopencm3/lib/libopencm3_stm32l4.a(vector.o)
rcc_osc_bypass_disable                            /home/bdreed43/Documents/gcc/libopencm3/lib/libopencm3_stm32l4.a(rcc_common_all.o)
rcc_osc_bypass_enable                             /home/bdreed43/Documents/gcc/libopencm3/lib/libopencm3_stm32l4.a(rcc_common_all.o)
rcc_osc_off                                       /home/bdreed43/Documents/gcc/libopencm3/lib/libopencm3_stm32l4.a(rcc.o)
rcc_osc_on                                        /home/bdreed43/Documents/gcc/libopencm3/lib/libopencm3_stm32l4.a(rcc.o)
                                                  build/esos_stm32l4_tick.o
rcc_osc_ready_int_clear                           /home/bdreed43/Documents/gcc/libopencm3/lib/libopencm3_stm32l4.a(rcc.o)
rcc_osc_ready_int_disable                         /home/bdreed43/Documents/gcc/libopencm3/lib/libopencm3_stm32l4.a(rcc.o)
rcc_osc_ready_int_enable                          /home/bdreed43/Documents/gcc/libopencm3/lib/libopencm3_stm32l4.a(rcc.o)
rcc_osc_ready_int_flag                            /home/bdreed43/Documents/gcc/libopencm3/lib/libopencm3_stm32l4.a(rcc.o)
rcc_periph_clock_disable                          /home/bdreed43/Documents/gcc/libopencm3/lib/libopencm3_stm32l4.a(rcc_common_all.o)
rcc_periph_clock_enable                           /home/bdreed43/Documents/gcc/libopencm3/lib/libopencm3_stm32l4.a(rcc_common_all.o)
                                                  build/esos_stm32l4_rs232.o
                                                  build/esos_stm32l4_tick.o
                                                  build/m4_timer_uart_app.o
rcc_periph_reset_hold                             /home/bdreed43/Documents/gcc/libopencm3/lib/libopencm3_stm32l4.a(rcc_common_all.o)
rcc_periph_reset_pulse                            /home/bdreed43/Documents/gcc/libopencm3/lib/libopencm3_stm32l4.a(rcc_common_all.o)
rcc_periph_reset_release                          /home/bdreed43/Documents/gcc/libopencm3/lib/libopencm3_stm32l4.a(rcc_common_all.o)
rcc_peripheral_clear_reset                        /home/bdreed43/Documents/gcc/libopencm3/lib/libopencm3_stm32l4.a(rcc_common_all.o)
rcc_peripheral_disable_clock                      /home/bdreed43/Documents/gcc/libopencm3/lib/libopencm3_stm32l4.a(rcc_common_all.o)
rcc_peripheral_enable_clock                       /home/bdreed43/Documents/gcc/libopencm3/lib/libopencm3_stm32l4.a(rcc_common_all.o)
rcc_peripheral_reset                              /home/bdreed43/Documents/gcc/libopencm3/lib/libopencm3_stm32l4.a(rcc_common_all.o)
rcc_pll_output_enable                             /home/bdreed43/Documents/gcc/libopencm3/lib/libopencm3_stm32l4.a(rcc.o)
rcc_set_clock48_source                            /home/bdreed43/Documents/gcc/libopencm3/lib/libopencm3_stm32l4.a(rcc.o)
rcc_set_hpre                                      /home/bdreed43/Documents/gcc/libopencm3/lib/libopencm3_stm32l4.a(rcc.o)
rcc_set_main_pll                                  /home/bdreed43/Documents/gcc/libopencm3/lib/libopencm3_stm32l4.a(rcc.o)
                                                  build/esos_stm32l4_tick.o
rcc_set_mco                                       /home/bdreed43/Documents/gcc/libopencm3/lib/libopencm3_stm32l4.a(rcc_common_all.o)
rcc_set_msi_range                                 /home/bdreed43/Documents/gcc/libopencm3/lib/libopencm3_stm32l4.a(rcc.o)
rcc_set_msi_range_standby                         /home/bdreed43/Documents/gcc/libopencm3/lib/libopencm3_stm32l4.a(rcc.o)
rcc_set_pll_source                                /home/bdreed43/Documents/gcc/libopencm3/lib/libopencm3_stm32l4.a(rcc.o)
rcc_set_ppre1                                     /home/bdreed43/Documents/gcc/libopencm3/lib/libopencm3_stm32l4.a(rcc.o)
rcc_set_ppre2                                     /home/bdreed43/Documents/gcc/libopencm3/lib/libopencm3_stm32l4.a(rcc.o)
rcc_set_rtc_clock_source                          /home/bdreed43/Documents/gcc/libopencm3/lib/libopencm3_stm32l4.a(rcc.o)
rcc_set_sysclk_source                             /home/bdreed43/Documents/gcc/libopencm3/lib/libopencm3_stm32l4.a(rcc.o)
                                                  build/esos_stm32l4_tick.o
rcc_system_clock_source                           /home/bdreed43/Documents/gcc/libopencm3/lib/libopencm3_stm32l4.a(rcc.o)
rcc_wait_for_osc_ready                            /home/bdreed43/Documents/gcc/libopencm3/lib/libopencm3_stm32l4.a(rcc.o)
rcc_wait_for_sysclk_status                        /home/bdreed43/Documents/gcc/libopencm3/lib/libopencm3_stm32l4.a(rcc.o)
                                                  build/esos_stm32l4_tick.o
reset_handler                                     /home/bdreed43/Documents/gcc/libopencm3/lib/libopencm3_stm32l4.a(vector.o)
rng_disable                                       /home/bdreed43/Documents/gcc/libopencm3/lib/libopencm3_stm32l4.a(rng_common_v1.o)
rng_enable                                        /home/bdreed43/Documents/gcc/libopencm3/lib/libopencm3_stm32l4.a(rng_common_v1.o)
                                                  build/esos_stm32l4_utils.o
rng_get_random                                    /home/bdreed43/Documents/gcc/libopencm3/lib/libopencm3_stm32l4.a(rng_common_v1.o)
rng_get_random_blocking                           /home/bdreed43/Documents/gcc/libopencm3/lib/libopencm3_stm32l4.a(rng_common_v1.o)
rng_interrupt_disable                             /home/bdreed43/Documents/gcc/libopencm3/lib/libopencm3_stm32l4.a(rng_common_v1.o)
rng_interrupt_enable                              /home/bdreed43/Documents/gcc/libopencm3/lib/libopencm3_stm32l4.a(rng_common_v1.o)
rng_isr                                           /home/bdreed43/Documents/gcc/libopencm3/lib/libopencm3_stm32l4.a(vector.o)
rtc_alarm_isr                                     /home/bdreed43/Documents/gcc/libopencm3/lib/libopencm3_stm32l4.a(vector.o)
rtc_wkup_isr                                      /home/bdreed43/Documents/gcc/libopencm3/lib/libopencm3_stm32l4.a(vector.o)
sai1_isr                                          /home/bdreed43/Documents/gcc/libopencm3/lib/libopencm3_stm32l4.a(vector.o)
sai2_isr                                          /home/bdreed43/Documents/gcc/libopencm3/lib/libopencm3_stm32l4.a(vector.o)
sdmmc1_isr                                        /home/bdreed43/Documents/gcc/libopencm3/lib/libopencm3_stm32l4.a(vector.o)
spi1_isr                                          /home/bdreed43/Documents/gcc/libopencm3/lib/libopencm3_stm32l4.a(vector.o)
spi2_isr                                          /home/bdreed43/Documents/gcc/libopencm3/lib/libopencm3_stm32l4.a(vector.o)
spi3_isr                                          /home/bdreed43/Documents/gcc/libopencm3/lib/libopencm3_stm32l4.a(vector.o)
sv_call_handler                                   /home/bdreed43/Documents/gcc/libopencm3/lib/libopencm3_stm32l4.a(vector.o)
swpmi1_isr                                        /home/bdreed43/Documents/gcc/libopencm3/lib/libopencm3_stm32l4.a(vector.o)
sys_tick_handler                                  build/esos_stm32l4_tick.o
systick_clear                                     /home/bdreed43/Documents/gcc/libopencm3/lib/libopencm3_stm32l4.a(systick.o)
systick_counter_disable                           /home/bdreed43/Documents/gcc/libopencm3/lib/libopencm3_stm32l4.a(systick.o)
systick_counter_enable                            /home/bdreed43/Documents/gcc/libopencm3/lib/libopencm3_stm32l4.a(systick.o)
                                                  build/esos_stm32l4_tick.o
systick_get_calib                                 /home/bdreed43/Documents/gcc/libopencm3/lib/libopencm3_stm32l4.a(systick.o)
systick_get_countflag                             /home/bdreed43/Documents/gcc/libopencm3/lib/libopencm3_stm32l4.a(systick.o)
systick_get_reload                                /home/bdreed43/Documents/gcc/libopencm3/lib/libopencm3_stm32l4.a(systick.o)
systick_get_value                                 /home/bdreed43/Documents/gcc/libopencm3/lib/libopencm3_stm32l4.a(systick.o)
systick_interrupt_disable                         /home/bdreed43/Documents/gcc/libopencm3/lib/libopencm3_stm32l4.a(systick.o)
systick_interrupt_enable                          /home/bdreed43/Documents/gcc/libopencm3/lib/libopencm3_stm32l4.a(systick.o)
                                                  build/esos_stm32l4_tick.o
systick_set_clocksource                           /home/bdreed43/Documents/gcc/libopencm3/lib/libopencm3_stm32l4.a(systick.o)
                                                  build/esos_stm32l4_tick.o
systick_set_frequency                             /home/bdreed43/Documents/gcc/libopencm3/lib/libopencm3_stm32l4.a(systick.o)
systick_set_reload                                /home/bdreed43/Documents/gcc/libopencm3/lib/libopencm3_stm32l4.a(systick.o)
                                                  build/esos_stm32l4_tick.o
tamp_stamp_isr                                    /home/bdreed43/Documents/gcc/libopencm3/lib/libopencm3_stm32l4.a(vector.o)
tim1_brk_tim15_isr                                /home/bdreed43/Documents/gcc/libopencm3/lib/libopencm3_stm32l4.a(vector.o)
tim1_cc_isr                                       /home/bdreed43/Documents/gcc/libopencm3/lib/libopencm3_stm32l4.a(vector.o)
tim1_trg_com_tim17_isr                            /home/bdreed43/Documents/gcc/libopencm3/lib/libopencm3_stm32l4.a(vector.o)
tim1_up_tim16_isr                                 /home/bdreed43/Documents/gcc/libopencm3/lib/libopencm3_stm32l4.a(vector.o)