Archive member included to satisfy reference by file (symbol)

/home/ryan/Documents/Gitlab/embedded-systems-development-milestones/ARM/gcc-arm-none-eabi-10.3-2021.10/bin/../lib/gcc/arm-none-eabi/10.3.1/../../../../arm-none-eabi/lib/thumb/v7e-m+fp/hard/libc_nano.a(lib_a-itoa.o)
                              build/m4_timer_uart_app.o (itoa)
/home/ryan/Documents/Gitlab/embedded-systems-development-milestones/ARM/gcc-arm-none-eabi-10.3-2021.10/bin/../lib/gcc/arm-none-eabi/10.3.1/../../../../arm-none-eabi/lib/thumb/v7e-m+fp/hard/libc_nano.a(lib_a-utoa.o)
                              /home/ryan/Documents/Gitlab/embedded-systems-development-milestones/ARM/gcc-arm-none-eabi-10.3-2021.10/bin/../lib/gcc/arm-none-eabi/10.3.1/../../../../arm-none-eabi/lib/thumb/v7e-m+fp/hard/libc_nano.a(lib_a-itoa.o) (__utoa)
/home/ryan/Documents/Gitlab/embedded-systems-development-milestones/libopencm3/lib/libopencm3_stm32l4.a(flash_common_all.o)
                              build/esos_stm32l4_tick.o (flash_prefetch_enable)
/home/ryan/Documents/Gitlab/embedded-systems-development-milestones/libopencm3/lib/libopencm3_stm32l4.a(flash_common_idcache.o)
                              build/esos_stm32l4_tick.o (flash_dcache_enable)
/home/ryan/Documents/Gitlab/embedded-systems-development-milestones/libopencm3/lib/libopencm3_stm32l4.a(gpio_common_all.o)
                              build/m4_timer_uart_app.o (gpio_get)
/home/ryan/Documents/Gitlab/embedded-systems-development-milestones/libopencm3/lib/libopencm3_stm32l4.a(gpio_common_f0234.o)
                              build/m4_timer_uart_app.o (gpio_mode_setup)
/home/ryan/Documents/Gitlab/embedded-systems-development-milestones/libopencm3/lib/libopencm3_stm32l4.a(rcc.o)
                              build/esos_stm32l4_tick.o (rcc_wait_for_sysclk_status)
/home/ryan/Documents/Gitlab/embedded-systems-development-milestones/libopencm3/lib/libopencm3_stm32l4.a(rcc_common_all.o)
                              build/m4_timer_uart_app.o (rcc_periph_clock_enable)
/home/ryan/Documents/Gitlab/embedded-systems-development-milestones/libopencm3/lib/libopencm3_stm32l4.a(rng_common_v1.o)
                              build/esos_stm32l4_utils.o (rng_enable)
/home/ryan/Documents/Gitlab/embedded-systems-development-milestones/libopencm3/lib/libopencm3_stm32l4.a(usart_common_all.o)
                              build/esos_stm32l4_rs232.o (usart_set_baudrate)
/home/ryan/Documents/Gitlab/embedded-systems-development-milestones/libopencm3/lib/libopencm3_stm32l4.a(usart_common_v2.o)
                              build/esos_stm32l4_rs232.o (usart_send)
/home/ryan/Documents/Gitlab/embedded-systems-development-milestones/libopencm3/lib/libopencm3_stm32l4.a(vector.o)
                              (reset_handler)
/home/ryan/Documents/Gitlab/embedded-systems-development-milestones/libopencm3/lib/libopencm3_stm32l4.a(systick.o)
                              build/esos_stm32l4_tick.o (systick_set_reload)
/home/ryan/Documents/Gitlab/embedded-systems-development-milestones/libopencm3/lib/libopencm3_stm32l4.a(nvic.o)
                              build/esos_stm32l4_rs232.o (nvic_enable_irq)
/home/ryan/Documents/Gitlab/embedded-systems-development-milestones/libopencm3/lib/libopencm3_stm32l4.a(assert.o)
                              /home/ryan/Documents/Gitlab/embedded-systems-development-milestones/libopencm3/lib/libopencm3_stm32l4.a(rcc.o) (cm3_assert_failed)

Discarded input sections

 .text          0x0000000000000000        0x0 build/m4_timer_uart_app.o
 .data          0x0000000000000000        0x0 build/m4_timer_uart_app.o
 .bss           0x0000000000000000        0x0 build/m4_timer_uart_app.o
 .text          0x0000000000000000        0x0 build/esos.o
 .data          0x0000000000000000        0x0 build/esos.o
 .bss           0x0000000000000000        0x0 build/esos.o
 .text.esos_GetTaskHandle
                0x0000000000000000       0x40 build/esos.o
 .text.esos_GetTaskHandleFromID
                0x0000000000000000       0x40 build/esos.o
 .text.esos_GetFreeChildTaskStruct
                0x0000000000000000       0x2c build/esos.o
 .text.esos_GetMaxNumberTasks
                0x0000000000000000        0x4 build/esos.o
 .text.esos_RegisterTimer
                0x0000000000000000       0x60 build/esos.o
 .text.esos_UnregisterTimer
                0x0000000000000000       0x44 build/esos.o
 .text.esos_GetTimerHandle
                0x0000000000000000       0x40 build/esos.o
 .text.esos_ChangeTimerPeriod
                0x0000000000000000       0x28 build/esos.o
 .bss.__esos_u32UserFlags
                0x0000000000000000        0x4 build/esos.o
 .text          0x0000000000000000        0x0 build/esos_cb.o
 .data          0x0000000000000000        0x0 build/esos_cb.o
 .bss           0x0000000000000000        0x0 build/esos_cb.o
 .text.__esos_CB_WriteUINT16
                0x0000000000000000       0x52 build/esos_cb.o
 .text.__esos_CB_WriteUINT32
                0x0000000000000000       0xa2 build/esos_cb.o
[...]
Memory Configuration

Name             Origin             Length             Attributes
rom              0x0000000008000000 0x000000000003e800 xr
ram              0x0000000020000000 0x0000000000028000 xrw
*default*        0x0000000000000000 0xffffffffffffffff

Linker script and memory map

LOAD build/m4_timer_uart_app.o
LOAD build/esos.o
LOAD build/esos_cb.o
LOAD build/esos_utils.o
LOAD build/esos_comm.o
LOAD build/esos_mail.o
LOAD build/esos_stm32l4_tick.o
LOAD build/esos_stm32l4_utils.o
LOAD build/esos_stm32l4_rs232.o
LOAD /home/ryan/Documents/Gitlab/embedded-systems-development-milestones/ARM/gcc-arm-none-eabi-10.3-2021.10/bin/../lib/gcc/arm-none-eabi/10.3.1/../../../../arm-none-eabi/lib/thumb/v7e-m+fp/hard/libc_nano.a
LOAD /home/ryan/Documents/Gitlab/embedded-systems-development-milestones/ARM/gcc-arm-none-eabi-10.3-2021.10/bin/../lib/gcc/arm-none-eabi/10.3.1/../../../../arm-none-eabi/lib/thumb/v7e-m+fp/hard/libm.a
LOAD /home/ryan/Documents/Gitlab/embedded-systems-development-milestones/ARM/gcc-arm-none-eabi-10.3-2021.10/bin/../lib/gcc/arm-none-eabi/10.3.1/../../../../arm-none-eabi/lib/thumb/v7e-m+fp/hard/libnosys.a
LOAD /home/ryan/Documents/Gitlab/embedded-systems-development-milestones/libopencm3/lib/libopencm3_stm32l4.a
START GROUP
LOAD /home/ryan/Documents/Gitlab/embedded-systems-development-milestones/ARM/gcc-arm-none-eabi-10.3-2021.10/bin/../lib/gcc/arm-none-eabi/10.3.1/thumb/v7e-m+fp/hard/libgcc.a
LOAD /home/ryan/Documents/Gitlab/embedded-systems-development-milestones/ARM/gcc-arm-none-eabi-10.3-2021.10/bin/../lib/gcc/arm-none-eabi/10.3.1/../../../../arm-none-eabi/lib/thumb/v7e-m+fp/hard/libc_nano.a
END GROUP
START GROUP
LOAD /home/ryan/Documents/Gitlab/embedded-systems-development-milestones/ARM/gcc-arm-none-eabi-10.3-2021.10/bin/../lib/gcc/arm-none-eabi/10.3.1/thumb/v7e-m+fp/hard/libgcc.a
LOAD /home/ryan/Documents/Gitlab/embedded-systems-development-milestones/ARM/gcc-arm-none-eabi-10.3-2021.10/bin/../lib/gcc/arm-none-eabi/10.3.1/../../../../arm-none-eabi/lib/thumb/v7e-m+fp/hard/libc_nano.a
LOAD /home/ryan/Documents/Gitlab/embedded-systems-development-milestones/ARM/gcc-arm-none-eabi-10.3-2021.10/bin/../lib/gcc/arm-none-eabi/10.3.1/../../../../arm-none-eabi/lib/thumb/v7e-m+fp/hard/libnosys.a
END GROUP
START GROUP
LOAD /home/ryan/Documents/Gitlab/embedded-systems-development-milestones/ARM/gcc-arm-none-eabi-10.3-2021.10/bin/../lib/gcc/arm-none-eabi/10.3.1/thumb/v7e-m+fp/hard/libgcc.a
LOAD /home/ryan/Documents/Gitlab/embedded-systems-development-milestones/ARM/gcc-arm-none-eabi-10.3-2021.10/bin/../lib/gcc/arm-none-eabi/10.3.1/../../../../arm-none-eabi/lib/thumb/v7e-m+fp/hard/libc_nano.a
LOAD /home/ryan/Documents/Gitlab/embedded-systems-development-milestones/ARM/gcc-arm-none-eabi-10.3-2021.10/bin/../lib/gcc/arm-none-eabi/10.3.1/../../../../arm-none-eabi/lib/thumb/v7e-m+fp/hard/libnosys.a
END GROUP

.text           0x0000000008000000     0x1658
 *(.vectors)
 .vectors       0x0000000008000000      0x1ac /home/ryan/Documents/Gitlab/embedded-systems-development-milestones/libopencm3/lib/libopencm3_stm32l4.a(vector.o)
                0x0000000008000000                vector_table
 *(.text*)
 .text.TOGGLE_LD2
                0x00000000080001ac        0xe build/m4_timer_uart_app.o
 *fill*         0x00000000080001ba        0x2 
 .text.IS_B1_RELEASED
                0x00000000080001bc       0x1c build/m4_timer_uart_app.o
 .text.flash_LED
                0x00000000080001d8       0xc0 build/m4_timer_uart_app.o
                0x00000000080001d8                flash_LED
 .text.IS_B1_PRESSED
                0x0000000008000298       0x10 build/m4_timer_uart_app.o
 .text.usart_comms
                0x00000000080002a8      0x57c build/m4_timer_uart_app.o
                0x00000000080002a8                usart_comms
 .text.__user_init_hw
                0x0000000008000824       0x34 build/m4_timer_uart_app.o
                0x0000000008000824                __user_init_hw
 .text.user_init
                0x0000000008000858       0x28 build/m4_timer_uart_app.o
                0x0000000008000858                user_init
 .text.esos_RegisterTask
                0x0000000008000880       0xe0 build/esos.o
                0x0000000008000880                esos_RegisterTask
 .text.esos_UnregisterTask
                0x0000000008000960       0x54 build/esos.o
                0x0000000008000960                esos_UnregisterTask
 .text.__esos_hasTickDurationPassed
                0x00000000080009b4       0x1e build/esos.o
                0x00000000080009b4                __esos_hasTickDurationPassed
 *fill*         0x00000000080009d2        0x2 
 .text.__esos_tmrSvcsExecute
                0x00000000080009d4       0x5c build/esos.o
                0x00000000080009d4                __esos_tmrSvcsExecute
 .text.__esosInit
                0x0000000008000a30       0xc0 build/esos.o
                0x0000000008000a30                __esosInit
 .text.main     0x0000000008000af0       0xa8 build/esos.o
                0x0000000008000af0                main
 .text.__esos_CB_Init
                0x0000000008000b98        0xc build/esos_cb.o
                0x0000000008000b98                __esos_CB_Init
 .text.__esos_CB_WriteUINT8
                0x0000000008000ba4       0x24 build/esos_cb.o
                0x0000000008000ba4                __esos_CB_WriteUINT8
 .text.__esos_CB_OverwriteUINT8
                0x0000000008000bc8       0x34 build/esos_cb.o
                0x0000000008000bc8                __esos_CB_OverwriteUINT8
 .text.__esos_CB_ReadUINT8
                0x0000000008000bfc       0x1e build/esos_cb.o
                0x0000000008000bfc                __esos_CB_ReadUINT8
 *fill*         0x0000000008000c1a        0x2 
 .text.__esos_set_PRNG_U32Seed
                0x0000000008000c1c        0xc build/esos_utils.o
                0x0000000008000c1c                __esos_set_PRNG_U32Seed
 .text.__esos_InitCommSystem
                0x0000000008000c28       0x40 build/esos_comm.o
                0x0000000008000c28                __esos_InitCommSystem
 .text.__esos_OutChar
                0x0000000008000c68       0x74 build/esos_comm.o
                0x0000000008000c68                __esos_OutChar
 .text.__esos_OutUint8AsDecString
                0x0000000008000cdc      0x10c build/esos_comm.o
                0x0000000008000cdc                __esos_OutUint8AsDecString
 .text.__esos_getBuffer
                0x0000000008000de8       0x98 build/esos_comm.o
                0x0000000008000de8                __esos_getBuffer
 .text.__esos_unsafe_PutString
                0x0000000008000e80       0x28 build/esos_comm.o
                0x0000000008000e80                __esos_unsafe_PutString
 .text.__esos_InitMailbox
                0x0000000008000ea8        0xc build/esos_mail.o
                0x0000000008000ea8                __esos_InitMailbox
 .text.__esos_hw_InitSystemTick
                0x0000000008000eb4       0xb4 build/esos_stm32l4_tick.o
                0x0000000008000eb4                __esos_hw_InitSystemTick
 .text.__esos_hw_GetSystemTickCount
                0x0000000008000f68        0xc build/esos_stm32l4_tick.o
                0x0000000008000f68                __esos_hw_GetSystemTickCount
 .text.sys_tick_handler
                0x0000000008000f74       0x14 build/esos_stm32l4_tick.o
                0x0000000008000f74                sys_tick_handler
 .text.__esos_hw_config_PRNG
                0x0000000008000f88        0x8 build/esos_stm32l4_utils.o
                0x0000000008000f88                __esos_hw_config_PRNG
 .text.__esos_hw_signal_start_tx
                0x0000000008000f90       0x44 build/esos_stm32l4_rs232.o
                0x0000000008000f90                __esos_hw_signal_start_tx
 .text.usart2_isr
                0x0000000008000fd4       0x9c build/esos_stm32l4_rs232.o
                0x0000000008000fd4                usart2_isr
 .text.__esos_configUART1
                0x0000000008001070       0xa0 build/esos_stm32l4_rs232.o
                0x0000000008001070                __esos_configUART1
 .text.__esos_hw_InitCommSystem
                0x0000000008001110        0xc build/esos_stm32l4_rs232.o
                0x0000000008001110                __esos_hw_InitCommSystem
 .text.__itoa   0x000000000800111c       0x30 /home/ryan/Documents/Gitlab/embedded-systems-development-milestones/ARM/gcc-arm-none-eabi-10.3-2021.10/bin/../lib/gcc/arm-none-eabi/10.3.1/../../../../arm-none-eabi/lib/thumb/v7e-m+fp/hard/libc_nano.a(lib_a-itoa.o)
                0x000000000800111c                __itoa
 .text.itoa     0x000000000800114c        0x4 /home/ryan/Documents/Gitlab/embedded-systems-development-milestones/ARM/gcc-arm-none-eabi-10.3-2021.10/bin/../lib/gcc/arm-none-eabi/10.3.1/../../../../arm-none-eabi/lib/thumb/v7e-m+fp/hard/libc_nano.a(lib_a-itoa.o)
                0x000000000800114c                itoa
 .text.__utoa   0x0000000008001150       0x84 /home/ryan/Documents/Gitlab/embedded-systems-development-milestones/ARM/gcc-arm-none-eabi-10.3-2021.10/bin/../lib/gcc/arm-none-eabi/10.3.1/../../../../arm-none-eabi/lib/thumb/v7e-m+fp/hard/libc_nano.a(lib_a-utoa.o)
                0x0000000008001150                __utoa
 .text.flash_prefetch_enable
                0x00000000080011d4       0x10 /home/ryan/Documents/Gitlab/embedded-systems-development-milestones/libopencm3/lib/libopencm3_stm32l4.a(flash_common_all.o)
                0x00000000080011d4                flash_prefetch_enable
 .text.flash_set_ws
                0x00000000080011e4       0x14 /home/ryan/Documents/Gitlab/embedded-systems-development-milestones/libopencm3/lib/libopencm3_stm32l4.a(flash_common_all.o)
                0x00000000080011e4                flash_set_ws
 .text.flash_dcache_enable
                0x00000000080011f8       0x10 /home/ryan/Documents/Gitlab/embedded-systems-development-milestones/libopencm3/lib/libopencm3_stm32l4.a(flash_common_idcache.o)
                0x00000000080011f8                flash_dcache_enable
 .text.flash_icache_enable
                0x0000000008001208       0x10 /home/ryan/Documents/Gitlab/embedded-systems-development-milestones/libopencm3/lib/libopencm3_stm32l4.a(flash_common_idcache.o)
                0x0000000008001208                flash_icache_enable
 .text.gpio_get
                0x0000000008001218        0x6 /home/ryan/Documents/Gitlab/embedded-systems-development-milestones/libopencm3/lib/libopencm3_stm32l4.a(gpio_common_all.o)
                0x0000000008001218                gpio_get
 .text.gpio_toggle
                0x000000000800121e       0x12 /home/ryan/Documents/Gitlab/embedded-systems-development-milestones/libopencm3/lib/libopencm3_stm32l4.a(gpio_common_all.o)
                0x000000000800121e                gpio_toggle
 .text.gpio_mode_setup
                0x0000000008001230       0x40 /home/ryan/Documents/Gitlab/embedded-systems-development-milestones/libopencm3/lib/libopencm3_stm32l4.a(gpio_common_f0234.o)
                0x0000000008001230                gpio_mode_setup
 .text.gpio_set_output_options
                0x0000000008001270       0x36 /home/ryan/Documents/Gitlab/embedded-systems-development-milestones/libopencm3/lib/libopencm3_stm32l4.a(gpio_common_f0234.o)
                0x0000000008001270                gpio_set_output_options
 .text.gpio_set_af
                0x00000000080012a6       0x58 /home/ryan/Documents/Gitlab/embedded-systems-development-milestones/libopencm3/lib/libopencm3_stm32l4.a(gpio_common_f0234.o)
                0x00000000080012a6                gpio_set_af
 *fill*         0x00000000080012fe        0x2 
 .text.rcc_wait_for_sysclk_status
                0x0000000008001300       0x48 /home/ryan/Documents/Gitlab/embedded-systems-development-milestones/libopencm3/lib/libopencm3_stm32l4.a(rcc.o)
                0x0000000008001300                rcc_wait_for_sysclk_status
 .text.rcc_osc_on
                0x0000000008001348       0x70 /home/ryan/Documents/Gitlab/embedded-systems-development-milestones/libopencm3/lib/libopencm3_stm32l4.a(rcc.o)
                0x0000000008001348                rcc_osc_on
 .text.rcc_set_sysclk_source
                0x00000000080013b8       0x14 /home/ryan/Documents/Gitlab/embedded-systems-development-milestones/libopencm3/lib/libopencm3_stm32l4.a(rcc.o)
                0x00000000080013b8                rcc_set_sysclk_source
 .text.rcc_set_main_pll
                0x00000000080013cc       0x28 /home/ryan/Documents/Gitlab/embedded-systems-development-milestones/libopencm3/lib/libopencm3_stm32l4.a(rcc.o)
                0x00000000080013cc                rcc_set_main_pll
 .text.rcc_periph_clock_enable
                0x00000000080013f4       0x1c /home/ryan/Documents/Gitlab/embedded-systems-development-milestones/libopencm3/lib/libopencm3_stm32l4.a(rcc_common_all.o)
                0x00000000080013f4                rcc_periph_clock_enable
 .text.rng_enable
                0x0000000008001410       0x14 /home/ryan/Documents/Gitlab/embedded-systems-development-milestones/libopencm3/lib/libopencm3_stm32l4.a(rng_common_v1.o)
                0x0000000008001410                rng_enable
 .text.usart_set_baudrate
                0x0000000008001424       0x4c /home/ryan/Documents/Gitlab/embedded-systems-development-milestones/libopencm3/lib/libopencm3_stm32l4.a(usart_common_all.o)
                0x0000000008001424                usart_set_baudrate
 .text.usart_set_databits
                0x0000000008001470       0x12 /home/ryan/Documents/Gitlab/embedded-systems-development-milestones/libopencm3/lib/libopencm3_stm32l4.a(usart_common_all.o)
                0x0000000008001470                usart_set_databits
 .text.usart_set_stopbits
                0x0000000008001482        0xc /home/ryan/Documents/Gitlab/embedded-systems-development-milestones/libopencm3/lib/libopencm3_stm32l4.a(usart_common_all.o)
                0x0000000008001482                usart_set_stopbits
 .text.usart_set_parity
                0x000000000800148e        0xc /home/ryan/Documents/Gitlab/embedded-systems-development-milestones/libopencm3/lib/libopencm3_stm32l4.a(usart_common_all.o)
                0x000000000800148e                usart_set_parity
 .text.usart_set_mode
                0x000000000800149a        0xc /home/ryan/Documents/Gitlab/embedded-systems-development-milestones/libopencm3/lib/libopencm3_stm32l4.a(usart_common_all.o)
                0x000000000800149a                usart_set_mode
 .text.usart_set_flow_control
                0x00000000080014a6        0xc /home/ryan/Documents/Gitlab/embedded-systems-development-milestones/libopencm3/lib/libopencm3_stm32l4.a(usart_common_all.o)
                0x00000000080014a6                usart_set_flow_control
 .text.usart_enable
                0x00000000080014b2        0xa /home/ryan/Documents/Gitlab/embedded-systems-development-milestones/libopencm3/lib/libopencm3_stm32l4.a(usart_common_all.o)
                0x00000000080014b2                usart_enable
 .text.usart_enable_rx_interrupt
                0x00000000080014bc        0xa /home/ryan/Documents/Gitlab/embedded-systems-development-milestones/libopencm3/lib/libopencm3_stm32l4.a(usart_common_all.o)
                0x00000000080014bc                usart_enable_rx_interrupt
 .text.usart_enable_tx_interrupt
                0x00000000080014c6        0xa /home/ryan/Documents/Gitlab/embedded-systems-development-milestones/libopencm3/lib/libopencm3_stm32l4.a(usart_common_all.o)
                0x00000000080014c6                usart_enable_tx_interrupt
 .text.usart_disable_tx_interrupt
                0x00000000080014d0        0xa /home/ryan/Documents/Gitlab/embedded-systems-development-milestones/libopencm3/lib/libopencm3_stm32l4.a(usart_common_all.o)
                0x00000000080014d0                usart_disable_tx_interrupt
 .text.usart_send
                0x00000000080014da        0x8 /home/ryan/Documents/Gitlab/embedded-systems-development-milestones/libopencm3/lib/libopencm3_stm32l4.a(usart_common_v2.o)
                0x00000000080014da                usart_send
 .text.usart_recv
                0x00000000080014e2        0x8 /home/ryan/Documents/Gitlab/embedded-systems-development-milestones/libopencm3/lib/libopencm3_stm32l4.a(usart_common_v2.o)
                0x00000000080014e2                usart_recv
 .text.blocking_handler
                0x00000000080014ea        0x2 /home/ryan/Documents/Gitlab/embedded-systems-development-milestones/libopencm3/lib/libopencm3_stm32l4.a(vector.o)
                0x00000000080014ea                i2c4_ev_isr
                0x00000000080014ea                usart3_isr
                0x00000000080014ea                swpmi1_isr
                0x00000000080014ea                tim7_isr
                0x00000000080014ea                dma2d_isr
                0x00000000080014ea                rng_isr
                0x00000000080014ea                adc1_2_isr
                0x00000000080014ea                i2c4_er_isr
                0x00000000080014ea                blocking_handler
                0x00000000080014ea                tsc_isr
                0x00000000080014ea                tim5_isr
                0x00000000080014ea                rtc_wkup_isr
                0x00000000080014ea                otg_fs_isr
                0x00000000080014ea                tim1_up_tim16_isr
                0x00000000080014ea                spi1_isr
                0x00000000080014ea                i2c3_er_isr
                0x00000000080014ea                dma2_channel7_isr
                0x00000000080014ea                exti2_isr
                0x00000000080014ea                dma1_channel6_isr
                0x00000000080014ea                dma1_channel5_isr
                0x00000000080014ea                dma2_channel5_isr
                0x00000000080014ea                tamp_stamp_isr
                0x00000000080014ea                fmc_isr
                0x00000000080014ea                can1_rx1_isr
                0x00000000080014ea                usart1_isr
                0x00000000080014ea                i2c3_ev_isr
                0x00000000080014ea                usage_fault_handler
                0x00000000080014ea                tim8_trg_com_isr
                0x00000000080014ea                can2_rx0_isr
                0x00000000080014ea                tim1_trg_com_tim17_isr
                0x00000000080014ea                can2_rx1_isr
                0x00000000080014ea                can1_sce_isr
                0x00000000080014ea                tim1_cc_isr
                0x00000000080014ea                can1_tx_isr
                0x00000000080014ea                dma1_channel4_isr
                0x00000000080014ea                tim8_brk_isr
                0x00000000080014ea                dma2_channel4_isr
                0x00000000080014ea                lptim1_isr
                0x00000000080014ea                lpuart1_isr
                0x00000000080014ea                can1_rx0_isr
                0x00000000080014ea                rcc_isr
                0x00000000080014ea                flash_isr
                0x00000000080014ea                uart4_isr
                0x00000000080014ea                rtc_alarm_isr
                0x00000000080014ea                exti15_10_isr
                0x00000000080014ea                hard_fault_handler
                0x00000000080014ea                exti1_isr
                0x00000000080014ea                i2c1_ev_isr
                0x00000000080014ea                dma2_channel1_isr
                0x00000000080014ea                dfsdm2_isr
                0x00000000080014ea                spi2_isr
                0x00000000080014ea                aes_isr
                0x00000000080014ea                tim8_up_isr
                0x00000000080014ea                tim6_dacunder_isr
                0x00000000080014ea                dma2_channel6_isr
                0x00000000080014ea                dma2_channel2_isr
                0x00000000080014ea                exti3_isr
                0x00000000080014ea                adc3_isr
                0x00000000080014ea                tim3_isr
                0x00000000080014ea                sai1_isr
                0x00000000080014ea                fpu_isr
                0x00000000080014ea                i2c2_er_isr
                0x00000000080014ea                i2c2_ev_isr
                0x00000000080014ea                uart5_isr
                0x00000000080014ea                dma1_channel1_isr
                0x00000000080014ea                exti4_isr
                0x00000000080014ea                dfsdm3_isr
                0x00000000080014ea                comp_isr
                0x00000000080014ea                mem_manage_handler
                0x00000000080014ea                can2_tx_isr
                0x00000000080014ea                lptim2_isr
                0x00000000080014ea                lcd_isr
                0x00000000080014ea                exti9_5_isr
                0x00000000080014ea                dma2_channel3_isr
                0x00000000080014ea                dfsdm1_isr
                0x00000000080014ea                dma1_channel7_isr
                0x00000000080014ea                pvd_pvm_isr
                0x00000000080014ea                can2_sce_isr
                0x00000000080014ea                tim4_isr
                0x00000000080014ea                sai2_isr
                0x00000000080014ea                dma1_channel2_isr
                0x00000000080014ea                i2c1_er_isr
                0x00000000080014ea                tim8_cc_isr
                0x00000000080014ea                dcmi_isr
                0x00000000080014ea                hash_crs_isr
                0x00000000080014ea                bus_fault_handler
                0x00000000080014ea                wwdg_isr
                0x00000000080014ea                tim1_brk_tim15_isr
                0x00000000080014ea                dma1_channel3_isr
                0x00000000080014ea                sdmmc1_isr
                0x00000000080014ea                spi3_isr
                0x00000000080014ea                quadspi_isr
                0x00000000080014ea                dfsdm0_isr
                0x00000000080014ea                tim2_isr
                0x00000000080014ea                exti0_isr
 .text.null_handler
                0x00000000080014ec        0x2 /home/ryan/Documents/Gitlab/embedded-systems-development-milestones/libopencm3/lib/libopencm3_stm32l4.a(vector.o)
                0x00000000080014ec                null_handler
                0x00000000080014ec                sv_call_handler
                0x00000000080014ec                pend_sv_handler
                0x00000000080014ec                debug_monitor_handler
                0x00000000080014ec                nmi_handler
 *fill*         0x00000000080014ee        0x2 
 .text.reset_handler
                0x00000000080014f0       0xa0 /home/ryan/Documents/Gitlab/embedded-systems-development-milestones/libopencm3/lib/libopencm3_stm32l4.a(vector.o)
                0x00000000080014f0                reset_handler
 .text.systick_set_reload
                0x0000000008001590        0xc /home/ryan/Documents/Gitlab/embedded-systems-development-milestones/libopencm3/lib/libopencm3_stm32l4.a(systick.o)
                0x0000000008001590                systick_set_reload
 .text.systick_set_clocksource
                0x000000000800159c       0x14 /home/ryan/Documents/Gitlab/embedded-systems-development-milestones/libopencm3/lib/libopencm3_stm32l4.a(systick.o)
                0x000000000800159c                systick_set_clocksource
 .text.systick_interrupt_enable
                0x00000000080015b0        0xe /home/ryan/Documents/Gitlab/embedded-systems-development-milestones/libopencm3/lib/libopencm3_stm32l4.a(systick.o)
                0x00000000080015b0                systick_interrupt_enable
 .text.systick_counter_enable
                0x00000000080015be        0xe /home/ryan/Documents/Gitlab/embedded-systems-development-milestones/libopencm3/lib/libopencm3_stm32l4.a(systick.o)
                0x00000000080015be                systick_counter_enable
 .text.nvic_enable_irq
                0x00000000080015cc       0x1c /home/ryan/Documents/Gitlab/embedded-systems-development-milestones/libopencm3/lib/libopencm3_stm32l4.a(nvic.o)
                0x00000000080015cc                nvic_enable_irq
                0x00000000080015e8                . = ALIGN (0x4)
 *(.rodata*)
 .rodata.user_init.str1.4
                0x00000000080015e8       0x3c build/m4_timer_uart_app.o
 .rodata.au8_key.8
                0x0000000008001624        0xd build/m4_timer_uart_app.o
 .rodata.__utoa.str1.1
                0x0000000008001631       0x25 /home/ryan/Documents/Gitlab/embedded-systems-development-milestones/ARM/gcc-arm-none-eabi-10.3-2021.10/bin/../lib/gcc/arm-none-eabi/10.3.1/../../../../arm-none-eabi/lib/thumb/v7e-m+fp/hard/libc_nano.a(lib_a-utoa.o)
                0x0000000008001658                . = ALIGN (0x4)
 *fill*         0x0000000008001656        0x2 

.glue_7         0x0000000008001658        0x0
 .glue_7        0x0000000008001658        0x0 linker stubs

.glue_7t        0x0000000008001658        0x0
 .glue_7t       0x0000000008001658        0x0 linker stubs

.vfp11_veneer   0x0000000008001658        0x0
 .vfp11_veneer  0x0000000008001658        0x0 linker stubs

.v4_bx          0x0000000008001658        0x0
 .v4_bx         0x0000000008001658        0x0 linker stubs

.iplt           0x0000000008001658        0x0
 .iplt          0x0000000008001658        0x0 build/m4_timer_uart_app.o

.rel.dyn        0x0000000008001658        0x0
 .rel.iplt      0x0000000008001658        0x0 build/m4_timer_uart_app.o

.preinit_array  0x0000000008001658        0x0
                0x0000000008001658                . = ALIGN (0x4)
                0x0000000008001658                __preinit_array_start = .
 *(.preinit_array)
                0x0000000008001658                __preinit_array_end = .

.init_array     0x0000000008001658        0x0
                0x0000000008001658                . = ALIGN (0x4)
                0x0000000008001658                __init_array_start = .
 *(SORT_BY_NAME(.init_array.*))
 *(.init_array)
                0x0000000008001658                __init_array_end = .

.fini_array     0x0000000008001658        0x0
                0x0000000008001658                . = ALIGN (0x4)
                0x0000000008001658                __fini_array_start = .
 *(.fini_array)
 *(SORT_BY_NAME(.fini_array.*))
                0x0000000008001658                __fini_array_end = .

.ARM.extab
 *(.ARM.extab*)

.ARM.exidx      0x0000000008001658        0x0
                0x0000000008001658                __exidx_start = .
 *(.ARM.exidx*)
                0x0000000008001658                __exidx_end = .
                0x0000000008001658                . = ALIGN (0x4)
                0x0000000008001658                _etext = .

.noinit
 *(.noinit*)
                0x0000000008001658                . = ALIGN (0x4)

.data           0x0000000020000000       0x10 load address 0x0000000008001658
                0x0000000020000000                _data = .
 *(.data*)
 .data.u16_encode_periodHalf
                0x0000000020000000        0x2 build/m4_timer_uart_app.o
 *fill*         0x0000000020000002        0x2 
 .data.rcc_ahb_frequency
                0x0000000020000004        0x4 /home/ryan/Documents/Gitlab/embedded-systems-development-milestones/libopencm3/lib/libopencm3_stm32l4.a(rcc.o)
                0x0000000020000004                rcc_ahb_frequency
 .data.rcc_apb1_frequency
                0x0000000020000008        0x4 /home/ryan/Documents/Gitlab/embedded-systems-development-milestones/libopencm3/lib/libopencm3_stm32l4.a(rcc.o)
                0x0000000020000008                rcc_apb1_frequency
 .data.rcc_apb2_frequency
                0x000000002000000c        0x4 /home/ryan/Documents/Gitlab/embedded-systems-development-milestones/libopencm3/lib/libopencm3_stm32l4.a(rcc.o)
                0x000000002000000c                rcc_apb2_frequency
 *(.ramtext*)
                0x0000000020000010                . = ALIGN (0x4)
                0x0000000020000010                _edata = .
                0x0000000008001658                _data_loadaddr = LOADADDR (.data)

.igot.plt       0x0000000020000010        0x0 load address 0x0000000008001668
 .igot.plt      0x0000000020000010        0x0 build/m4_timer_uart_app.o

.bss            0x0000000020000010     0x1978 load address 0x0000000008001668
 *(.bss*)
 .bss.ac_charArr.6
                0x0000000020000010        0xa build/m4_timer_uart_app.o
 .bss.b_changeFlag.3
                0x000000002000001a        0x1 build/m4_timer_uart_app.o
 .bss.b_changeFlagSkip.2
                0x000000002000001b        0x1 build/m4_timer_uart_app.o
 .bss.b_skipPrint.4
                0x000000002000001c        0x1 build/m4_timer_uart_app.o
 *fill*         0x000000002000001d        0x1 
 .bss.u16_changePeriod.1
                0x000000002000001e        0x2 build/m4_timer_uart_app.o
 .bss.u8_charCount.5
                0x0000000020000020        0x1 build/m4_timer_uart_app.o
 .bss.u8_countDecode.9
                0x0000000020000021        0x1 build/m4_timer_uart_app.o
 .bss.u8_countEncode.10
                0x0000000020000022        0x1 build/m4_timer_uart_app.o
 .bss.u8_digitCount.0
                0x0000000020000023        0x1 build/m4_timer_uart_app.o
 .bss.u8_exclamCount.7
                0x0000000020000024        0x1 build/m4_timer_uart_app.o
 .bss.u8_incoming.11
                0x0000000020000025        0x1 build/m4_timer_uart_app.o
 *fill*         0x0000000020000026        0x2 
 .bss.__astChildTaskPool
                0x0000000020000028      0x300 build/esos.o
                0x0000000020000028                __astChildTaskPool
 .bss.__astCircularBuffers
                0x0000000020000328      0x180 build/esos.o
                0x0000000020000328                __astCircularBuffers
 .bss.__astMailbox
                0x00000000200004a8      0x100 build/esos.o
                0x00000000200004a8                __astMailbox
 .bss.__astTmrSvcs
                0x00000000200005a8       0xc0 build/esos.o
                0x00000000200005a8                __astTmrSvcs
 .bss.__astUserTaskPool
                0x0000000020000668      0x300 build/esos.o
                0x0000000020000668                __astUserTaskPool
 .bss.__au8UserTaskStructIndex
                0x0000000020000968       0x20 build/esos.o
                0x0000000020000968                __au8UserTaskStructIndex
 .bss.__au8_MBData
                0x0000000020000988      0xf00 build/esos.o
                0x0000000020000988                __au8_MBData
 .bss.__esos_u32SystemFlags
                0x0000000020001888        0x4 build/esos.o
                0x0000000020001888                __esos_u32SystemFlags
 .bss.__esos_u32TmrActiveFlags
                0x000000002000188c        0x4 build/esos.o
                0x000000002000188c                __esos_u32TmrActiveFlags
 .bss.__esos_u8TmrSvcsRegistered
                0x0000000020001890        0x1 build/esos.o
                0x0000000020001890                __esos_u8TmrSvcsRegistered
 *fill*         0x0000000020001891        0x1 
 .bss.__u16NumTasksEverCreated
                0x0000000020001892        0x2 build/esos.o
                0x0000000020001892                __u16NumTasksEverCreated
 .bss.__u8ChildTasksRegistered
                0x0000000020001894        0x1 build/esos.o
                0x0000000020001894                __u8ChildTasksRegistered
 .bss.__u8UserTasksRegistered
                0x0000000020001895        0x1 build/esos.o
                0x0000000020001895                __u8UserTasksRegistered
 *fill*         0x0000000020001896        0x2 
 .bss.__u32_esos_PRNG_Seed
                0x0000000020001898        0x4 build/esos_utils.o
                0x0000000020001898                __u32_esos_PRNG_Seed
 .bss.__esos_comm_rx_buff
                0x000000002000189c       0x40 build/esos_comm.o
                0x000000002000189c                __esos_comm_rx_buff
 .bss.__esos_comm_tx_buff
                0x00000000200018dc       0x40 build/esos_comm.o
                0x00000000200018dc                __esos_comm_tx_buff
 .bss.__pst_CB_Rx
                0x000000002000191c        0x4 build/esos_comm.o
                0x000000002000191c                __pst_CB_Rx
 .bss.__pst_CB_Tx
                0x0000000020001920        0x4 build/esos_comm.o
                0x0000000020001920                __pst_CB_Tx
 .bss.__stChildTaskRx
                0x0000000020001924       0x18 build/esos_comm.o
                0x0000000020001924                __stChildTaskRx
 .bss.__stChildTaskTx
                0x000000002000193c       0x18 build/esos_comm.o
                0x000000002000193c                __stChildTaskTx
 .bss.__st_CB_Rx
                0x0000000020001954        0xc build/esos_comm.o
                0x0000000020001954                __st_CB_Rx
 .bss.__st_CB_Tx
                0x0000000020001960        0xc build/esos_comm.o
                0x0000000020001960                __st_CB_Tx
 .bss.au8_String.8
                0x000000002000196c        0x5 build/esos_comm.o
 *fill*         0x0000000020001971        0x3 
 .bss.pau8_LocalPtr.2
                0x0000000020001974        0x4 build/esos_comm.o
 .bss.u8_LocalSize.3
                0x0000000020001978        0x1 build/esos_comm.o
 .bss.u8_c.7    0x0000000020001979        0x1 build/esos_comm.o
 .bss.u8_digit.9
                0x000000002000197a        0x1 build/esos_comm.o
 .bss.u8_i.1    0x000000002000197b        0x1 build/esos_comm.o
 .bss.u8_localChar.11
                0x000000002000197c        0x1 build/esos_comm.o
 *fill*         0x000000002000197d        0x3 
 .bss.esos_tick_count
                0x0000000020001980        0x4 build/esos_stm32l4_tick.o
                0x0000000020001980                esos_tick_count
 .bss.u8_uartRXbuf
                0x0000000020001984        0x1 build/esos_stm32l4_rs232.o
                0x0000000020001984                u8_uartRXbuf
 .bss.u8_uartTXbuf
                0x0000000020001985        0x1 build/esos_stm32l4_rs232.o
                0x0000000020001985                u8_uartTXbuf
 *(COMMON)
                0x0000000020001988                . = ALIGN (0x4)
 *fill*         0x0000000020001986        0x2 
                0x0000000020001988                _ebss = .

/DISCARD/
 *(.eh_frame)
                0x0000000020001988                . = ALIGN (0x4)
                0x0000000020001988                end = .
                0x0000000020028000                PROVIDE (_stack = (ORIGIN (ram) + LENGTH (ram)))
OUTPUT(build/m4_timer_uart_app.elf elf32-littlearm)
LOAD linker stubs

.debug_info     0x0000000000000000     0x62a7
 .debug_info    0x0000000000000000      0x6e8 build/m4_timer_uart_app.o
 .debug_info    0x00000000000006e8      0xa5b build/esos.o
 .debug_info    0x0000000000001143      0x491 build/esos_cb.o
 .debug_info    0x00000000000015d4      0x2f2 build/esos_utils.o
 .debug_info    0x00000000000018c6      0x9b6 build/esos_comm.o
 .debug_info    0x000000000000227c      0x52c build/esos_mail.o
 .debug_info    0x00000000000027a8      0x73b build/esos_stm32l4_tick.o
 .debug_info    0x0000000000002ee3      0x129 build/esos_stm32l4_utils.o
 .debug_info    0x000000000000300c      0x92b build/esos_stm32l4_rs232.o
 .debug_info    0x0000000000003937       0xfc /home/ryan/Documents/Gitlab/embedded-systems-development-milestones/libopencm3/lib/libopencm3_stm32l4.a(flash_common_all.o)
 .debug_info    0x0000000000003a33       0xf4 /home/ryan/Documents/Gitlab/embedded-systems-development-milestones/libopencm3/lib/libopencm3_stm32l4.a(flash_common_idcache.o)
 .debug_info    0x0000000000003b27      0x266 /home/ryan/Documents/Gitlab/embedded-systems-development-milestones/libopencm3/lib/libopencm3_stm32l4.a(gpio_common_all.o)
 .debug_info    0x0000000000003d8d      0x233 /home/ryan/Documents/Gitlab/embedded-systems-development-milestones/libopencm3/lib/libopencm3_stm32l4.a(gpio_common_f0234.o)
 .debug_info    0x0000000000003fc0      0x7c7 /home/ryan/Documents/Gitlab/embedded-systems-development-milestones/libopencm3/lib/libopencm3_stm32l4.a(rcc.o)
 .debug_info    0x0000000000004787      0x847 /home/ryan/Documents/Gitlab/embedded-systems-development-milestones/libopencm3/lib/libopencm3_stm32l4.a(rcc_common_all.o)
 .debug_info    0x0000000000004fce      0x1a4 /home/ryan/Documents/Gitlab/embedded-systems-development-milestones/libopencm3/lib/libopencm3_stm32l4.a(rng_common_v1.o)
 .debug_info    0x0000000000005172      0x5c4 /home/ryan/Documents/Gitlab/embedded-systems-development-milestones/libopencm3/lib/libopencm3_stm32l4.a(usart_common_all.o)
 .debug_info    0x0000000000005736      0x3ae /home/ryan/Documents/Gitlab/embedded-systems-development-milestones/libopencm3/lib/libopencm3_stm32l4.a(usart_common_v2.o)
 .debug_info    0x0000000000005ae4      0x2f2 /home/ryan/Documents/Gitlab/embedded-systems-development-milestones/libopencm3/lib/libopencm3_stm32l4.a(vector.o)
 .debug_info    0x0000000000005dd6      0x280 /home/ryan/Documents/Gitlab/embedded-systems-development-milestones/libopencm3/lib/libopencm3_stm32l4.a(systick.o)
 .debug_info    0x0000000000006056      0x251 /home/ryan/Documents/Gitlab/embedded-systems-development-milestones/libopencm3/lib/libopencm3_stm32l4.a(nvic.o)

.debug_abbrev   0x0000000000000000     0x1bf2
 .debug_abbrev  0x0000000000000000      0x1ec build/m4_timer_uart_app.o
 .debug_abbrev  0x00000000000001ec      0x2c9 build/esos.o
 .debug_abbrev  0x00000000000004b5      0x12d build/esos_cb.o
 .debug_abbrev  0x00000000000005e2      0x158 build/esos_utils.o
 .debug_abbrev  0x000000000000073a      0x202 build/esos_comm.o
 .debug_abbrev  0x000000000000093c      0x17f build/esos_mail.o
 .debug_abbrev  0x0000000000000abb      0x150 build/esos_stm32l4_tick.o
 .debug_abbrev  0x0000000000000c0b       0xc1 build/esos_stm32l4_utils.o
 .debug_abbrev  0x0000000000000ccc      0x1b5 build/esos_stm32l4_rs232.o
 .debug_abbrev  0x0000000000000e81       0x9a /home/ryan/Documents/Gitlab/embedded-systems-development-milestones/libopencm3/lib/libopencm3_stm32l4.a(flash_common_all.o)
 .debug_abbrev  0x0000000000000f1b       0x56 /home/ryan/Documents/Gitlab/embedded-systems-development-milestones/libopencm3/lib/libopencm3_stm32l4.a(flash_common_idcache.o)
 .debug_abbrev  0x0000000000000f71      0x116 /home/ryan/Documents/Gitlab/embedded-systems-development-milestones/libopencm3/lib/libopencm3_stm32l4.a(gpio_common_all.o)
 .debug_abbrev  0x0000000000001087       0xbf /home/ryan/Documents/Gitlab/embedded-systems-development-milestones/libopencm3/lib/libopencm3_stm32l4.a(gpio_common_f0234.o)
 .debug_abbrev  0x0000000000001146      0x251 /home/ryan/Documents/Gitlab/embedded-systems-development-milestones/libopencm3/lib/libopencm3_stm32l4.a(rcc.o)
 .debug_abbrev  0x0000000000001397      0x177 /home/ryan/Documents/Gitlab/embedded-systems-development-milestones/libopencm3/lib/libopencm3_stm32l4.a(rcc_common_all.o)
 .debug_abbrev  0x000000000000150e      0x12e /home/ryan/Documents/Gitlab/embedded-systems-development-milestones/libopencm3/lib/libopencm3_stm32l4.a(rng_common_v1.o)
 .debug_abbrev  0x000000000000163c      0x129 /home/ryan/Documents/Gitlab/embedded-systems-development-milestones/libopencm3/lib/libopencm3_stm32l4.a(usart_common_all.o)
 .debug_abbrev  0x0000000000001765      0x128 /home/ryan/Documents/Gitlab/embedded-systems-development-milestones/libopencm3/lib/libopencm3_stm32l4.a(usart_common_v2.o)
 .debug_abbrev  0x000000000000188d      0x15b /home/ryan/Documents/Gitlab/embedded-systems-development-milestones/libopencm3/lib/libopencm3_stm32l4.a(vector.o)
 .debug_abbrev  0x00000000000019e8      0x155 /home/ryan/Documents/Gitlab/embedded-systems-development-milestones/libopencm3/lib/libopencm3_stm32l4.a(systick.o)
 .debug_abbrev  0x0000000000001b3d       0xb5 /home/ryan/Documents/Gitlab/embedded-systems-development-milestones/libopencm3/lib/libopencm3_stm32l4.a(nvic.o)

.debug_loc      0x0000000000000000     0x2f5c
 .debug_loc     0x0000000000000000      0x182 build/m4_timer_uart_app.o
 .debug_loc     0x0000000000000182      0xa8c build/esos.o
 .debug_loc     0x0000000000000c0e      0x3bf build/esos_cb.o
 .debug_loc     0x0000000000000fcd      0x24d build/esos_utils.o
 .debug_loc     0x000000000000121a      0x72c build/esos_comm.o
 .debug_loc     0x0000000000001946      0x20d build/esos_mail.o
 .debug_loc     0x0000000000001b53       0x58 build/esos_stm32l4_tick.o
 .debug_loc     0x0000000000001bab       0x40 build/esos_stm32l4_utils.o
 .debug_loc     0x0000000000001beb       0xb2 build/esos_stm32l4_rs232.o
 .debug_loc     0x0000000000001c9d       0x47 /home/ryan/Documents/Gitlab/embedded-systems-development-milestones/libopencm3/lib/libopencm3_stm32l4.a(flash_common_all.o)
 .debug_loc     0x0000000000001ce4       0xbe /home/ryan/Documents/Gitlab/embedded-systems-development-milestones/libopencm3/lib/libopencm3_stm32l4.a(gpio_common_all.o)
 .debug_loc     0x0000000000001da2      0x14f /home/ryan/Documents/Gitlab/embedded-systems-development-milestones/libopencm3/lib/libopencm3_stm32l4.a(gpio_common_f0234.o)
 .debug_loc     0x0000000000001ef1      0x7c7 /home/ryan/Documents/Gitlab/embedded-systems-development-milestones/libopencm3/lib/libopencm3_stm32l4.a(rcc.o)
 .debug_loc     0x00000000000026b8      0x120 /home/ryan/Documents/Gitlab/embedded-systems-development-milestones/libopencm3/lib/libopencm3_stm32l4.a(rcc_common_all.o)
 .debug_loc     0x00000000000027d8       0xbb /home/ryan/Documents/Gitlab/embedded-systems-development-milestones/libopencm3/lib/libopencm3_stm32l4.a(rng_common_v1.o)
 .debug_loc     0x0000000000002893      0x1e2 /home/ryan/Documents/Gitlab/embedded-systems-development-milestones/libopencm3/lib/libopencm3_stm32l4.a(usart_common_all.o)
 .debug_loc     0x0000000000002a75       0xe0 /home/ryan/Documents/Gitlab/embedded-systems-development-milestones/libopencm3/lib/libopencm3_stm32l4.a(usart_common_v2.o)
 .debug_loc     0x0000000000002b55      0x128 /home/ryan/Documents/Gitlab/embedded-systems-development-milestones/libopencm3/lib/libopencm3_stm32l4.a(vector.o)
 .debug_loc     0x0000000000002c7d      0x192 /home/ryan/Documents/Gitlab/embedded-systems-development-milestones/libopencm3/lib/libopencm3_stm32l4.a(systick.o)
 .debug_loc     0x0000000000002e0f      0x14d /home/ryan/Documents/Gitlab/embedded-systems-development-milestones/libopencm3/lib/libopencm3_stm32l4.a(nvic.o)

.debug_aranges  0x0000000000000000      0x858
 .debug_aranges
                0x0000000000000000       0x50 build/m4_timer_uart_app.o
 .debug_aranges
                0x0000000000000050       0x88 build/esos.o
 .debug_aranges
                0x00000000000000d8       0x68 build/esos_cb.o
 .debug_aranges
                0x0000000000000140       0x50 build/esos_utils.o
 .debug_aranges
                0x0000000000000190       0x88 build/esos_comm.o
 .debug_aranges
                0x0000000000000218       0x30 build/esos_mail.o
 .debug_aranges
                0x0000000000000248       0x40 build/esos_stm32l4_tick.o
 .debug_aranges
                0x0000000000000288       0x30 build/esos_stm32l4_utils.o
 .debug_aranges
                0x00000000000002b8       0x58 build/esos_stm32l4_rs232.o
 .debug_aranges
                0x0000000000000310       0x38 /home/ryan/Documents/Gitlab/embedded-systems-development-milestones/libopencm3/lib/libopencm3_stm32l4.a(flash_common_all.o)
 .debug_aranges
                0x0000000000000348       0x48 /home/ryan/Documents/Gitlab/embedded-systems-development-milestones/libopencm3/lib/libopencm3_stm32l4.a(flash_common_idcache.o)
 .debug_aranges
                0x0000000000000390       0x50 /home/ryan/Documents/Gitlab/embedded-systems-development-milestones/libopencm3/lib/libopencm3_stm32l4.a(gpio_common_all.o)
 .debug_aranges
                0x00000000000003e0       0x30 /home/ryan/Documents/Gitlab/embedded-systems-development-milestones/libopencm3/lib/libopencm3_stm32l4.a(gpio_common_f0234.o)
 .debug_aranges
                0x0000000000000410      0x118 /home/ryan/Documents/Gitlab/embedded-systems-development-milestones/libopencm3/lib/libopencm3_stm32l4.a(rcc.o)
 .debug_aranges
                0x0000000000000528       0x60 /home/ryan/Documents/Gitlab/embedded-systems-development-milestones/libopencm3/lib/libopencm3_stm32l4.a(rcc_common_all.o)
 .debug_aranges
                0x0000000000000588       0x48 /home/ryan/Documents/Gitlab/embedded-systems-development-milestones/libopencm3/lib/libopencm3_stm32l4.a(rng_common_v1.o)
 .debug_aranges
                0x00000000000005d0       0xd8 /home/ryan/Documents/Gitlab/embedded-systems-development-milestones/libopencm3/lib/libopencm3_stm32l4.a(usart_common_all.o)
 .debug_aranges
                0x00000000000006a8       0xa8 /home/ryan/Documents/Gitlab/embedded-systems-development-milestones/libopencm3/lib/libopencm3_stm32l4.a(usart_common_v2.o)
 .debug_aranges
                0x0000000000000750       0x30 /home/ryan/Documents/Gitlab/embedded-systems-development-milestones/libopencm3/lib/libopencm3_stm32l4.a(vector.o)
 .debug_aranges
                0x0000000000000780       0x78 /home/ryan/Documents/Gitlab/embedded-systems-development-milestones/libopencm3/lib/libopencm3_stm32l4.a(systick.o)
 .debug_aranges
                0x00000000000007f8       0x60 /home/ryan/Documents/Gitlab/embedded-systems-development-milestones/libopencm3/lib/libopencm3_stm32l4.a(nvic.o)

.debug_ranges   0x0000000000000000      0x768
 .debug_ranges  0x0000000000000000       0x40 build/m4_timer_uart_app.o
 .debug_ranges  0x0000000000000040       0x78 build/esos.o
 .debug_ranges  0x00000000000000b8       0x58 build/esos_cb.o
 .debug_ranges  0x0000000000000110       0x40 build/esos_utils.o
 .debug_ranges  0x0000000000000150       0x78 build/esos_comm.o
 .debug_ranges  0x00000000000001c8       0x20 build/esos_mail.o
 .debug_ranges  0x00000000000001e8       0x30 build/esos_stm32l4_tick.o
 .debug_ranges  0x0000000000000218       0x20 build/esos_stm32l4_utils.o
 .debug_ranges  0x0000000000000238       0x48 build/esos_stm32l4_rs232.o
 .debug_ranges  0x0000000000000280       0x28 /home/ryan/Documents/Gitlab/embedded-systems-development-milestones/libopencm3/lib/libopencm3_stm32l4.a(flash_common_all.o)
 .debug_ranges  0x00000000000002a8       0x38 /home/ryan/Documents/Gitlab/embedded-systems-development-milestones/libopencm3/lib/libopencm3_stm32l4.a(flash_common_idcache.o)
 .debug_ranges  0x00000000000002e0       0x40 /home/ryan/Documents/Gitlab/embedded-systems-development-milestones/libopencm3/lib/libopencm3_stm32l4.a(gpio_common_all.o)
 .debug_ranges  0x0000000000000320       0x20 /home/ryan/Documents/Gitlab/embedded-systems-development-milestones/libopencm3/lib/libopencm3_stm32l4.a(gpio_common_f0234.o)
 .debug_ranges  0x0000000000000340      0x138 /home/ryan/Documents/Gitlab/embedded-systems-development-milestones/libopencm3/lib/libopencm3_stm32l4.a(rcc.o)
 .debug_ranges  0x0000000000000478       0x50 /home/ryan/Documents/Gitlab/embedded-systems-development-milestones/libopencm3/lib/libopencm3_stm32l4.a(rcc_common_all.o)
 .debug_ranges  0x00000000000004c8       0x50 /home/ryan/Documents/Gitlab/embedded-systems-development-milestones/libopencm3/lib/libopencm3_stm32l4.a(rng_common_v1.o)
 .debug_ranges  0x0000000000000518       0xc8 /home/ryan/Documents/Gitlab/embedded-systems-development-milestones/libopencm3/lib/libopencm3_stm32l4.a(usart_common_all.o)
 .debug_ranges  0x00000000000005e0       0x98 /home/ryan/Documents/Gitlab/embedded-systems-development-milestones/libopencm3/lib/libopencm3_stm32l4.a(usart_common_v2.o)
 .debug_ranges  0x0000000000000678       0x20 /home/ryan/Documents/Gitlab/embedded-systems-development-milestones/libopencm3/lib/libopencm3_stm32l4.a(vector.o)
 .debug_ranges  0x0000000000000698       0x80 /home/ryan/Documents/Gitlab/embedded-systems-development-milestones/libopencm3/lib/libopencm3_stm32l4.a(systick.o)
 .debug_ranges  0x0000000000000718       0x50 /home/ryan/Documents/Gitlab/embedded-systems-development-milestones/libopencm3/lib/libopencm3_stm32l4.a(nvic.o)

.debug_line     0x0000000000000000     0x7714
 .debug_line    0x0000000000000000      0x9c6 build/m4_timer_uart_app.o
 .debug_line    0x00000000000009c6      0x96f build/esos.o
 .debug_line    0x0000000000001335      0x549 build/esos_cb.o
 .debug_line    0x000000000000187e      0x37b build/esos_utils.o
 .debug_line    0x0000000000001bf9      0xaa8 build/esos_comm.o
 .debug_line    0x00000000000026a1      0x4bc build/esos_mail.o
 .debug_line    0x0000000000002b5d      0x40c build/esos_stm32l4_tick.o
 .debug_line    0x0000000000002f69      0x29b build/esos_stm32l4_utils.o
 .debug_line    0x0000000000003204      0x52d build/esos_stm32l4_rs232.o
 .debug_line    0x0000000000003731      0x3fa /home/ryan/Documents/Gitlab/embedded-systems-development-milestones/libopencm3/lib/libopencm3_stm32l4.a(flash_common_all.o)
 .debug_line    0x0000000000003b2b      0x413 /home/ryan/Documents/Gitlab/embedded-systems-development-milestones/libopencm3/lib/libopencm3_stm32l4.a(flash_common_idcache.o)
 .debug_line    0x0000000000003f3e      0x470 /home/ryan/Documents/Gitlab/embedded-systems-development-milestones/libopencm3/lib/libopencm3_stm32l4.a(gpio_common_all.o)
 .debug_line    0x00000000000043ae      0x558 /home/ryan/Documents/Gitlab/embedded-systems-development-milestones/libopencm3/lib/libopencm3_stm32l4.a(gpio_common_f0234.o)
 .debug_line    0x0000000000004906      0xadb /home/ryan/Documents/Gitlab/embedded-systems-development-milestones/libopencm3/lib/libopencm3_stm32l4.a(rcc.o)
 .debug_line    0x00000000000053e1      0x4aa /home/ryan/Documents/Gitlab/embedded-systems-development-milestones/libopencm3/lib/libopencm3_stm32l4.a(rcc_common_all.o)
 .debug_line    0x000000000000588b      0x49a /home/ryan/Documents/Gitlab/embedded-systems-development-milestones/libopencm3/lib/libopencm3_stm32l4.a(rng_common_v1.o)
 .debug_line    0x0000000000005d25      0x6ef /home/ryan/Documents/Gitlab/embedded-systems-development-milestones/libopencm3/lib/libopencm3_stm32l4.a(usart_common_all.o)
 .debug_line    0x0000000000006414      0x593 /home/ryan/Documents/Gitlab/embedded-systems-development-milestones/libopencm3/lib/libopencm3_stm32l4.a(usart_common_v2.o)
 .debug_line    0x00000000000069a7      0x4ec /home/ryan/Documents/Gitlab/embedded-systems-development-milestones/libopencm3/lib/libopencm3_stm32l4.a(vector.o)
 .debug_line    0x0000000000006e93      0x438 /home/ryan/Documents/Gitlab/embedded-systems-development-milestones/libopencm3/lib/libopencm3_stm32l4.a(systick.o)
 .debug_line    0x00000000000072cb      0x449 /home/ryan/Documents/Gitlab/embedded-systems-development-milestones/libopencm3/lib/libopencm3_stm32l4.a(nvic.o)

.debug_str      0x0000000000000000    0x11bb7
 .debug_str     0x0000000000000000      0x41d build/m4_timer_uart_app.o
                                        0x4d4 (size before relaxing)
 .debug_str     0x000000000000041d      0x3c3 build/esos.o
                                        0x6a1 (size before relaxing)
 .debug_str     0x00000000000007e0      0x169 build/esos_cb.o
                                        0x35f (size before relaxing)
 .debug_str     0x0000000000000949      0x11e build/esos_utils.o
                                        0x2c5 (size before relaxing)
 .debug_str     0x0000000000000a67      0x215 build/esos_comm.o
                                        0x567 (size before relaxing)
 .debug_str     0x0000000000000c7c      0x128 build/esos_mail.o
                                        0x475 (size before relaxing)
 .debug_str     0x0000000000000da4      0x675 build/esos_stm32l4_tick.o
                                        0x866 (size before relaxing)
 .debug_str     0x0000000000001419       0x6c build/esos_stm32l4_utils.o
                                        0x242 (size before relaxing)
 .debug_str     0x0000000000001485      0x21a build/esos_stm32l4_rs232.o
                                        0x93a (size before relaxing)
 .debug_str     0x000000000000169f     0x5cf7 /home/ryan/Documents/Gitlab/embedded-systems-development-milestones/libopencm3/lib/libopencm3_stm32l4.a(flash_common_all.o)
                                       0x5e89 (size before relaxing)
 .debug_str     0x0000000000007396       0x71 /home/ryan/Documents/Gitlab/embedded-systems-development-milestones/libopencm3/lib/libopencm3_stm32l4.a(flash_common_idcache.o)
                                       0x5eab (size before relaxing)
 .debug_str     0x0000000000007407     0x165b /home/ryan/Documents/Gitlab/embedded-systems-development-milestones/libopencm3/lib/libopencm3_stm32l4.a(gpio_common_all.o)
                                       0x6578 (size before relaxing)
 .debug_str     0x0000000000008a62       0x61 /home/ryan/Documents/Gitlab/embedded-systems-development-milestones/libopencm3/lib/libopencm3_stm32l4.a(gpio_common_f0234.o)
                                       0x659a (size before relaxing)
 .debug_str     0x0000000000008ac3     0x3b3e /home/ryan/Documents/Gitlab/embedded-systems-development-milestones/libopencm3/lib/libopencm3_stm32l4.a(rcc.o)
                                       0x8b31 (size before relaxing)
 .debug_str     0x000000000000c601      0x3c3 /home/ryan/Documents/Gitlab/embedded-systems-development-milestones/libopencm3/lib/libopencm3_stm32l4.a(rcc_common_all.o)
                                       0x8f8d (size before relaxing)
 .debug_str     0x000000000000c9c4      0x19b /home/ryan/Documents/Gitlab/embedded-systems-development-milestones/libopencm3/lib/libopencm3_stm32l4.a(rng_common_v1.o)
                                       0x5090 (size before relaxing)
 .debug_str     0x000000000000cb5f     0x1e91 /home/ryan/Documents/Gitlab/embedded-systems-development-milestones/libopencm3/lib/libopencm3_stm32l4.a(usart_common_all.o)
                                       0xa679 (size before relaxing)
 .debug_str     0x000000000000e9f0      0x190 /home/ryan/Documents/Gitlab/embedded-systems-development-milestones/libopencm3/lib/libopencm3_stm32l4.a(usart_common_v2.o)
                                       0x6dbf (size before relaxing)
 .debug_str     0x000000000000eb80     0x2c88 /home/ryan/Documents/Gitlab/embedded-systems-development-milestones/libopencm3/lib/libopencm3_stm32l4.a(vector.o)
                                       0x6dd6 (size before relaxing)
 .debug_str     0x0000000000011808      0x2eb /home/ryan/Documents/Gitlab/embedded-systems-development-milestones/libopencm3/lib/libopencm3_stm32l4.a(systick.o)
                                       0x44b8 (size before relaxing)
 .debug_str     0x0000000000011af3       0xc4 /home/ryan/Documents/Gitlab/embedded-systems-development-milestones/libopencm3/lib/libopencm3_stm32l4.a(nvic.o)
                                       0x60a8 (size before relaxing)

.comment        0x0000000000000000       0x49
 .comment       0x0000000000000000       0x49 build/m4_timer_uart_app.o
                                         0x4a (size before relaxing)
 .comment       0x0000000000000049       0x4a build/esos.o
 .comment       0x0000000000000049       0x4a build/esos_cb.o
 .comment       0x0000000000000049       0x4a build/esos_utils.o
 .comment       0x0000000000000049       0x4a build/esos_comm.o
 .comment       0x0000000000000049       0x4a build/esos_mail.o
 .comment       0x0000000000000049       0x4a build/esos_stm32l4_tick.o
 .comment       0x0000000000000049       0x4a build/esos_stm32l4_utils.o
 .comment       0x0000000000000049       0x4a build/esos_stm32l4_rs232.o
 .comment       0x0000000000000049       0x4a /home/ryan/Documents/Gitlab/embedded-systems-development-milestones/libopencm3/lib/libopencm3_stm32l4.a(flash_common_all.o)
 .comment       0x0000000000000049       0x4a /home/ryan/Documents/Gitlab/embedded-systems-development-milestones/libopencm3/lib/libopencm3_stm32l4.a(flash_common_idcache.o)
 .comment       0x0000000000000049       0x4a /home/ryan/Documents/Gitlab/embedded-systems-development-milestones/libopencm3/lib/libopencm3_stm32l4.a(gpio_common_all.o)
 .comment       0x0000000000000049       0x4a /home/ryan/Documents/Gitlab/embedded-systems-development-milestones/libopencm3/lib/libopencm3_stm32l4.a(gpio_common_f0234.o)
 .comment       0x0000000000000049       0x4a /home/ryan/Documents/Gitlab/embedded-systems-development-milestones/libopencm3/lib/libopencm3_stm32l4.a(rcc.o)
 .comment       0x0000000000000049       0x4a /home/ryan/Documents/Gitlab/embedded-systems-development-milestones/libopencm3/lib/libopencm3_stm32l4.a(rcc_common_all.o)
 .comment       0x0000000000000049       0x4a /home/ryan/Documents/Gitlab/embedded-systems-development-milestones/libopencm3/lib/libopencm3_stm32l4.a(rng_common_v1.o)
 .comment       0x0000000000000049       0x4a /home/ryan/Documents/Gitlab/embedded-systems-development-milestones/libopencm3/lib/libopencm3_stm32l4.a(usart_common_all.o)
 .comment       0x0000000000000049       0x4a /home/ryan/Documents/Gitlab/embedded-systems-development-milestones/libopencm3/lib/libopencm3_stm32l4.a(usart_common_v2.o)
 .comment       0x0000000000000049       0x4a /home/ryan/Documents/Gitlab/embedded-systems-development-milestones/libopencm3/lib/libopencm3_stm32l4.a(vector.o)
 .comment       0x0000000000000049       0x4a /home/ryan/Documents/Gitlab/embedded-systems-development-milestones/libopencm3/lib/libopencm3_stm32l4.a(systick.o)
 .comment       0x0000000000000049       0x4a /home/ryan/Documents/Gitlab/embedded-systems-development-milestones/libopencm3/lib/libopencm3_stm32l4.a(nvic.o)

.ARM.attributes
                0x0000000000000000       0x34
 .ARM.attributes
                0x0000000000000000       0x34 build/m4_timer_uart_app.o
 .ARM.attributes
                0x0000000000000034       0x34 build/esos.o
 .ARM.attributes
                0x0000000000000068       0x34 build/esos_cb.o
 .ARM.attributes
                0x000000000000009c       0x34 build/esos_utils.o
 .ARM.attributes
                0x00000000000000d0       0x34 build/esos_comm.o
 .ARM.attributes
                0x0000000000000104       0x34 build/esos_mail.o
 .ARM.attributes
                0x0000000000000138       0x34 build/esos_stm32l4_tick.o
 .ARM.attributes
                0x000000000000016c       0x34 build/esos_stm32l4_utils.o
 .ARM.attributes
                0x00000000000001a0       0x34 build/esos_stm32l4_rs232.o
 .ARM.attributes
                0x00000000000001d4       0x34 /home/ryan/Documents/Gitlab/embedded-systems-development-milestones/ARM/gcc-arm-none-eabi-10.3-2021.10/bin/../lib/gcc/arm-none-eabi/10.3.1/../../../../arm-none-eabi/lib/thumb/v7e-m+fp/hard/libc_nano.a(lib_a-itoa.o)
 .ARM.attributes
                0x0000000000000208       0x34 /home/ryan/Documents/Gitlab/embedded-systems-development-milestones/ARM/gcc-arm-none-eabi-10.3-2021.10/bin/../lib/gcc/arm-none-eabi/10.3.1/../../../../arm-none-eabi/lib/thumb/v7e-m+fp/hard/libc_nano.a(lib_a-utoa.o)
 .ARM.attributes
                0x000000000000023c       0x34 /home/ryan/Documents/Gitlab/embedded-systems-development-milestones/libopencm3/lib/libopencm3_stm32l4.a(flash_common_all.o)
 .ARM.attributes
                0x0000000000000270       0x34 /home/ryan/Documents/Gitlab/embedded-systems-development-milestones/libopencm3/lib/libopencm3_stm32l4.a(flash_common_idcache.o)
 .ARM.attributes
                0x00000000000002a4       0x34 /home/ryan/Documents/Gitlab/embedded-systems-development-milestones/libopencm3/lib/libopencm3_stm32l4.a(gpio_common_all.o)
 .ARM.attributes
                0x00000000000002d8       0x34 /home/ryan/Documents/Gitlab/embedded-systems-development-milestones/libopencm3/lib/libopencm3_stm32l4.a(gpio_common_f0234.o)
 .ARM.attributes
                0x000000000000030c       0x34 /home/ryan/Documents/Gitlab/embedded-systems-development-milestones/libopencm3/lib/libopencm3_stm32l4.a(rcc.o)
 .ARM.attributes
                0x0000000000000340       0x34 /home/ryan/Documents/Gitlab/embedded-systems-development-milestones/libopencm3/lib/libopencm3_stm32l4.a(rcc_common_all.o)
 .ARM.attributes
                0x0000000000000374       0x34 /home/ryan/Documents/Gitlab/embedded-systems-development-milestones/libopencm3/lib/libopencm3_stm32l4.a(rng_common_v1.o)
 .ARM.attributes
                0x00000000000003a8       0x34 /home/ryan/Documents/Gitlab/embedded-systems-development-milestones/libopencm3/lib/libopencm3_stm32l4.a(usart_common_all.o)
 .ARM.attributes
                0x00000000000003dc       0x34 /home/ryan/Documents/Gitlab/embedded-systems-development-milestones/libopencm3/lib/libopencm3_stm32l4.a(usart_common_v2.o)
 .ARM.attributes
                0x0000000000000410       0x34 /home/ryan/Documents/Gitlab/embedded-systems-development-milestones/libopencm3/lib/libopencm3_stm32l4.a(vector.o)
 .ARM.attributes
                0x0000000000000444       0x34 /home/ryan/Documents/Gitlab/embedded-systems-development-milestones/libopencm3/lib/libopencm3_stm32l4.a(systick.o)
 .ARM.attributes
                0x0000000000000478       0x34 /home/ryan/Documents/Gitlab/embedded-systems-development-milestones/libopencm3/lib/libopencm3_stm32l4.a(nvic.o)

.debug_frame    0x0000000000000000     0x1134
 .debug_frame   0x0000000000000000       0xc0 build/m4_timer_uart_app.o
 .debug_frame   0x00000000000000c0      0x154 build/esos.o
 .debug_frame   0x0000000000000214       0xec build/esos_cb.o
 .debug_frame   0x0000000000000300       0x88 build/esos_utils.o
 .debug_frame   0x0000000000000388      0x170 build/esos_comm.o
 .debug_frame   0x00000000000004f8       0x68 build/esos_mail.o
 .debug_frame   0x0000000000000560       0x78 build/esos_stm32l4_tick.o
 .debug_frame   0x00000000000005d8       0x50 build/esos_stm32l4_utils.o
 .debug_frame   0x0000000000000628       0xb4 build/esos_stm32l4_rs232.o
 .debug_frame   0x00000000000006dc       0x38 /home/ryan/Documents/Gitlab/embedded-systems-development-milestones/ARM/gcc-arm-none-eabi-10.3-2021.10/bin/../lib/gcc/arm-none-eabi/10.3.1/../../../../arm-none-eabi/lib/thumb/v7e-m+fp/hard/libc_nano.a(lib_a-itoa.o)
 .debug_frame   0x0000000000000714       0x48 /home/ryan/Documents/Gitlab/embedded-systems-development-milestones/ARM/gcc-arm-none-eabi-10.3-2021.10/bin/../lib/gcc/arm-none-eabi/10.3.1/../../../../arm-none-eabi/lib/thumb/v7e-m+fp/hard/libc_nano.a(lib_a-utoa.o)
 .debug_frame   0x000000000000075c       0x50 /home/ryan/Documents/Gitlab/embedded-systems-development-milestones/libopencm3/lib/libopencm3_stm32l4.a(flash_common_all.o)
 .debug_frame   0x00000000000007ac       0x70 /home/ryan/Documents/Gitlab/embedded-systems-development-milestones/libopencm3/lib/libopencm3_stm32l4.a(flash_common_idcache.o)
 .debug_frame   0x000000000000081c       0x80 /home/ryan/Documents/Gitlab/embedded-systems-development-milestones/libopencm3/lib/libopencm3_stm32l4.a(gpio_common_all.o)
 .debug_frame   0x000000000000089c       0x70 /home/ryan/Documents/Gitlab/embedded-systems-development-milestones/libopencm3/lib/libopencm3_stm32l4.a(gpio_common_f0234.o)
 .debug_frame   0x000000000000090c      0x228 /home/ryan/Documents/Gitlab/embedded-systems-development-milestones/libopencm3/lib/libopencm3_stm32l4.a(rcc.o)
 .debug_frame   0x0000000000000b34       0xe0 /home/ryan/Documents/Gitlab/embedded-systems-development-milestones/libopencm3/lib/libopencm3_stm32l4.a(rcc_common_all.o)
 .debug_frame   0x0000000000000c14       0x78 /home/ryan/Documents/Gitlab/embedded-systems-development-milestones/libopencm3/lib/libopencm3_stm32l4.a(rng_common_v1.o)
 .debug_frame   0x0000000000000c8c      0x1b4 /home/ryan/Documents/Gitlab/embedded-systems-development-milestones/libopencm3/lib/libopencm3_stm32l4.a(usart_common_all.o)
 .debug_frame   0x0000000000000e40      0x130 /home/ryan/Documents/Gitlab/embedded-systems-development-milestones/libopencm3/lib/libopencm3_stm32l4.a(usart_common_v2.o)
 .debug_frame   0x0000000000000f70       0x4c /home/ryan/Documents/Gitlab/embedded-systems-development-milestones/libopencm3/lib/libopencm3_stm32l4.a(vector.o)
 .debug_frame   0x0000000000000fbc       0xd8 /home/ryan/Documents/Gitlab/embedded-systems-development-milestones/libopencm3/lib/libopencm3_stm32l4.a(systick.o)
 .debug_frame   0x0000000000001094       0xa0 /home/ryan/Documents/Gitlab/embedded-systems-development-milestones/libopencm3/lib/libopencm3_stm32l4.a(nvic.o)

.debug_macro    0x0000000000000000     0x433f
 .debug_macro   0x0000000000000000       0xc8 /home/ryan/Documents/Gitlab/embedded-systems-development-milestones/libopencm3/lib/libopencm3_stm32l4.a(flash_common_all.o)
 .debug_macro   0x00000000000000c8      0xa6c /home/ryan/Documents/Gitlab/embedded-systems-development-milestones/libopencm3/lib/libopencm3_stm32l4.a(flash_common_all.o)
 .debug_macro   0x0000000000000b34       0x1c /home/ryan/Documents/Gitlab/embedded-systems-development-milestones/libopencm3/lib/libopencm3_stm32l4.a(flash_common_all.o)
 .debug_macro   0x0000000000000b50       0x22 /home/ryan/Documents/Gitlab/embedded-systems-development-milestones/libopencm3/lib/libopencm3_stm32l4.a(flash_common_all.o)
 .debug_macro   0x0000000000000b72       0x56 /home/ryan/Documents/Gitlab/embedded-systems-development-milestones/libopencm3/lib/libopencm3_stm32l4.a(flash_common_all.o)
 .debug_macro   0x0000000000000bc8       0x51 /home/ryan/Documents/Gitlab/embedded-systems-development-milestones/libopencm3/lib/libopencm3_stm32l4.a(flash_common_all.o)
 .debug_macro   0x0000000000000c19      0x103 /home/ryan/Documents/Gitlab/embedded-systems-development-milestones/libopencm3/lib/libopencm3_stm32l4.a(flash_common_all.o)
 .debug_macro   0x0000000000000d1c       0x6a /home/ryan/Documents/Gitlab/embedded-systems-development-milestones/libopencm3/lib/libopencm3_stm32l4.a(flash_common_all.o)
 .debug_macro   0x0000000000000d86      0x1df /home/ryan/Documents/Gitlab/embedded-systems-development-milestones/libopencm3/lib/libopencm3_stm32l4.a(flash_common_all.o)
 .debug_macro   0x0000000000000f65       0x22 /home/ryan/Documents/Gitlab/embedded-systems-development-milestones/libopencm3/lib/libopencm3_stm32l4.a(flash_common_all.o)
 .debug_macro   0x0000000000000f87       0xe8 /home/ryan/Documents/Gitlab/embedded-systems-development-milestones/libopencm3/lib/libopencm3_stm32l4.a(flash_common_all.o)
 .debug_macro   0x000000000000106f       0x76 /home/ryan/Documents/Gitlab/embedded-systems-development-milestones/libopencm3/lib/libopencm3_stm32l4.a(flash_common_all.o)
 .debug_macro   0x00000000000010e5      0x217 /home/ryan/Documents/Gitlab/embedded-systems-development-milestones/libopencm3/lib/libopencm3_stm32l4.a(flash_common_all.o)
 .debug_macro   0x00000000000012fc       0x1c /home/ryan/Documents/Gitlab/embedded-systems-development-milestones/libopencm3/lib/libopencm3_stm32l4.a(flash_common_all.o)
 .debug_macro   0x0000000000001318      0x2f3 /home/ryan/Documents/Gitlab/embedded-systems-development-milestones/libopencm3/lib/libopencm3_stm32l4.a(flash_common_all.o)
 .debug_macro   0x000000000000160b       0xc8 /home/ryan/Documents/Gitlab/embedded-systems-development-milestones/libopencm3/lib/libopencm3_stm32l4.a(flash_common_idcache.o)
 .debug_macro   0x00000000000016d3       0xd6 /home/ryan/Documents/Gitlab/embedded-systems-development-milestones/libopencm3/lib/libopencm3_stm32l4.a(gpio_common_all.o)
 .debug_macro   0x00000000000017a9       0x76 /home/ryan/Documents/Gitlab/embedded-systems-development-milestones/libopencm3/lib/libopencm3_stm32l4.a(gpio_common_all.o)
 .debug_macro   0x000000000000181f      0x37e /home/ryan/Documents/Gitlab/embedded-systems-development-milestones/libopencm3/lib/libopencm3_stm32l4.a(gpio_common_all.o)
 .debug_macro   0x0000000000001b9d       0xca /home/ryan/Documents/Gitlab/embedded-systems-development-milestones/libopencm3/lib/libopencm3_stm32l4.a(gpio_common_all.o)
 .debug_macro   0x0000000000001c67       0x88 /home/ryan/Documents/Gitlab/embedded-systems-development-milestones/libopencm3/lib/libopencm3_stm32l4.a(gpio_common_all.o)
 .debug_macro   0x0000000000001cef       0xd6 /home/ryan/Documents/Gitlab/embedded-systems-development-milestones/libopencm3/lib/libopencm3_stm32l4.a(gpio_common_f0234.o)
 .debug_macro   0x0000000000001dc5       0xc3 /home/ryan/Documents/Gitlab/embedded-systems-development-milestones/libopencm3/lib/libopencm3_stm32l4.a(rcc.o)
 .debug_macro   0x0000000000001e88       0x16 /home/ryan/Documents/Gitlab/embedded-systems-development-milestones/libopencm3/lib/libopencm3_stm32l4.a(rcc.o)
 .debug_macro   0x0000000000001e9e      0xcfc /home/ryan/Documents/Gitlab/embedded-systems-development-milestones/libopencm3/lib/libopencm3_stm32l4.a(rcc.o)
 .debug_macro   0x0000000000002b9a       0xce /home/ryan/Documents/Gitlab/embedded-systems-development-milestones/libopencm3/lib/libopencm3_stm32l4.a(rcc_common_all.o)
 .debug_macro   0x0000000000002c68       0xb3 /home/ryan/Documents/Gitlab/embedded-systems-development-milestones/libopencm3/lib/libopencm3_stm32l4.a(rng_common_v1.o)
 .debug_macro   0x0000000000002d1b       0x46 /home/ryan/Documents/Gitlab/embedded-systems-development-milestones/libopencm3/lib/libopencm3_stm32l4.a(rng_common_v1.o)
 .debug_macro   0x0000000000002d61       0xd9 /home/ryan/Documents/Gitlab/embedded-systems-development-milestones/libopencm3/lib/libopencm3_stm32l4.a(usart_common_all.o)
 .debug_macro   0x0000000000002e3a       0x94 /home/ryan/Documents/Gitlab/embedded-systems-development-milestones/libopencm3/lib/libopencm3_stm32l4.a(usart_common_all.o)
 .debug_macro   0x0000000000002ece      0x55b /home/ryan/Documents/Gitlab/embedded-systems-development-milestones/libopencm3/lib/libopencm3_stm32l4.a(usart_common_all.o)
 .debug_macro   0x0000000000003429       0x28 /home/ryan/Documents/Gitlab/embedded-systems-development-milestones/libopencm3/lib/libopencm3_stm32l4.a(usart_common_all.o)
 .debug_macro   0x0000000000003451       0xc1 /home/ryan/Documents/Gitlab/embedded-systems-development-milestones/libopencm3/lib/libopencm3_stm32l4.a(usart_common_v2.o)
 .debug_macro   0x0000000000003512       0xd3 /home/ryan/Documents/Gitlab/embedded-systems-development-milestones/libopencm3/lib/libopencm3_stm32l4.a(vector.o)
 .debug_macro   0x00000000000035e5      0x452 /home/ryan/Documents/Gitlab/embedded-systems-development-milestones/libopencm3/lib/libopencm3_stm32l4.a(vector.o)
 .debug_macro   0x0000000000003a37       0x6e /home/ryan/Documents/Gitlab/embedded-systems-development-milestones/libopencm3/lib/libopencm3_stm32l4.a(vector.o)
 .debug_macro   0x0000000000003aa5      0x22c /home/ryan/Documents/Gitlab/embedded-systems-development-milestones/libopencm3/lib/libopencm3_stm32l4.a(vector.o)
 .debug_macro   0x0000000000003cd1       0x92 /home/ryan/Documents/Gitlab/embedded-systems-development-milestones/libopencm3/lib/libopencm3_stm32l4.a(systick.o)
 .debug_macro   0x0000000000003d63       0x69 /home/ryan/Documents/Gitlab/embedded-systems-development-milestones/libopencm3/lib/libopencm3_stm32l4.a(systick.o)
 .debug_macro   0x0000000000003dcc       0xb3 /home/ryan/Documents/Gitlab/embedded-systems-development-milestones/libopencm3/lib/libopencm3_stm32l4.a(nvic.o)
 .debug_macro   0x0000000000003e7f       0x68 /home/ryan/Documents/Gitlab/embedded-systems-development-milestones/libopencm3/lib/libopencm3_stm32l4.a(nvic.o)
 .debug_macro   0x0000000000003ee7      0x458 /home/ryan/Documents/Gitlab/embedded-systems-development-milestones/libopencm3/lib/libopencm3_stm32l4.a(nvic.o)

Cross Reference Table

Symbol                                            File
Default_Handler                                   build/esos_stm32l4_tick.o
Error_Handler                                     build/esos_stm32l4_tick.o
__astChildTaskPool                                build/esos.o
__astCircularBuffers                              build/esos.o
__astMailbox                                      build/esos.o
__astTmrSvcs                                      build/esos.o
__astUserTaskPool                                 build/esos.o
__au8UserTaskStructIndex                          build/esos.o
__au8_MBData                                      build/esos.o
__esosInit                                        build/esos.o
__esos_CB_Init                                    build/esos_cb.o
                                                  build/esos_mail.o
                                                  build/esos_comm.o
__esos_CB_OverwriteUINT8                          build/esos_cb.o
                                                  build/esos_stm32l4_rs232.o
__esos_CB_ReadUINT16                              build/esos_cb.o
                                                  build/esos_mail.o
__esos_CB_ReadUINT32                              build/esos_cb.o
                                                  build/esos_mail.o
__esos_CB_ReadUINT8                               build/esos_cb.o
                                                  build/esos_stm32l4_rs232.o
                                                  build/esos_mail.o
                                                  build/esos_comm.o
__esos_CB_ReadUINT8Buffer                         build/esos_cb.o
__esos_CB_WriteUINT16                             build/esos_cb.o
                                                  build/esos_mail.o
__esos_CB_WriteUINT32                             build/esos_cb.o
                                                  build/esos_mail.o
__esos_CB_WriteUINT8                              build/esos_cb.o
                                                  build/esos_mail.o
                                                  build/esos_comm.o
__esos_CB_WriteUINT8Buffer                        build/esos_cb.o
                                                  build/esos_comm.o
__esos_InitCommSystem                             build/esos_comm.o
                                                  build/esos.o
__esos_InitMailbox                                build/esos_mail.o
                                                  build/esos.o
__esos_OutChar                                    build/esos_comm.o
                                                  build/m4_timer_uart_app.o
__esos_OutCharBuffer                              build/esos_comm.o
__esos_OutString                                  build/esos_comm.o
__esos_OutUint32AsHexString                       build/esos_comm.o
__esos_OutUint8AsDecString                        build/esos_comm.o
                                                  build/m4_timer_uart_app.o
__esos_OutUint8AsHexString                        build/esos_comm.o
__esos_ReadMailMessage                            build/esos_mail.o
__esos_SendMailMessage                            build/esos_mail.o
__esos_comm_rx_buff                               build/esos_comm.o
__esos_comm_tx_buff                               build/esos_comm.o
__esos_configUART1                                build/esos_stm32l4_rs232.o
__esos_getBuffer                                  build/esos_comm.o
                                                  build/m4_timer_uart_app.o
__esos_getString                                  build/esos_comm.o
__esos_get_PRNG_RandomUint32                      build/esos_utils.o
                                                  build/esos_stm32l4_utils.o
__esos_hasTickDurationPassed                      build/esos.o
                                                  build/m4_timer_uart_app.o
__esos_hw_GetSystemTickCount                      build/esos_stm32l4_tick.o
                                                  build/esos_mail.o
                                                  build/esos.o
                                                  build/m4_timer_uart_app.o
__esos_hw_InitCommSystem                          build/esos_stm32l4_rs232.o
                                                  build/esos_comm.o
__esos_hw_InitSystemTick                          build/esos_stm32l4_tick.o
                                                  build/esos.o
__esos_hw_PRNG_u32                                build/esos_stm32l4_utils.o
                                                  build/esos_utils.o
__esos_hw_config_PRNG                             build/esos_stm32l4_utils.o
                                                  build/esos.o
__esos_hw_set_PRNG_Seed                           build/esos_stm32l4_utils.o
__esos_hw_signal_start_tx                         build/esos_stm32l4_rs232.o
                                                  build/esos_comm.o
__esos_hw_signal_stop_tx                          build/esos_stm32l4_rs232.o
__esos_set_PRNG_U32Seed                           build/esos_utils.o
                                                  build/esos.o
__esos_tmrSvcsExecute                             build/esos.o
                                                  build/esos_stm32l4_tick.o
__esos_u32FNVHash                                 build/esos_utils.o
__esos_u32SystemFlags                             build/esos.o
                                                  build/esos_stm32l4_rs232.o
                                                  build/m4_timer_uart_app.o
__esos_u32TmrActiveFlags                          build/esos.o
__esos_u32UserFlags                               build/esos.o
__esos_u8TmrSvcsRegistered                        build/esos.o
__esos_u8_GetLSBHexCharFromUint8                  build/esos_comm.o
__esos_u8_GetMSBHexCharFromUint8                  build/esos_comm.o
__esos_unsafe_GetUint8                            build/esos_comm.o
__esos_unsafe_PutString                           build/esos_comm.o
                                                  build/m4_timer_uart_app.o
__esos_unsafe_PutUint8                            build/esos_comm.o
__fini_array_end                                  /home/ryan/Documents/Gitlab/embedded-systems-development-milestones/libopencm3/lib/libopencm3_stm32l4.a(vector.o)
__fini_array_start                                /home/ryan/Documents/Gitlab/embedded-systems-development-milestones/libopencm3/lib/libopencm3_stm32l4.a(vector.o)
__init_array_end                                  /home/ryan/Documents/Gitlab/embedded-systems-development-milestones/libopencm3/lib/libopencm3_stm32l4.a(vector.o)
__init_array_start                                /home/ryan/Documents/Gitlab/embedded-systems-development-milestones/libopencm3/lib/libopencm3_stm32l4.a(vector.o)
__itoa                                            /home/ryan/Documents/Gitlab/embedded-systems-development-milestones/ARM/gcc-arm-none-eabi-10.3-2021.10/bin/../lib/gcc/arm-none-eabi/10.3.1/../../../../arm-none-eabi/lib/thumb/v7e-m+fp/hard/libc_nano.a(lib_a-itoa.o)
__preinit_array_end                               /home/ryan/Documents/Gitlab/embedded-systems-development-milestones/libopencm3/lib/libopencm3_stm32l4.a(vector.o)
__preinit_array_start                             /home/ryan/Documents/Gitlab/embedded-systems-development-milestones/libopencm3/lib/libopencm3_stm32l4.a(vector.o)
__pst_CB_Rx                                       build/esos_comm.o
                                                  build/esos_stm32l4_rs232.o
__pst_CB_Tx                                       build/esos_comm.o
                                                  build/esos_stm32l4_rs232.o
__stChildTaskRx                                   build/esos_comm.o
                                                  build/m4_timer_uart_app.o
__stChildTaskTx                                   build/esos_comm.o
                                                  build/m4_timer_uart_app.o
__st_CB_Rx                                        build/esos_comm.o
__st_CB_Tx                                        build/esos_comm.o
__u16NumTasksEverCreated                          build/esos.o
__u32_esos_PRNG_Seed                              build/esos_utils.o
__u8ChildTasksRegistered                          build/esos.o
__u8UserTasksRegistered                           build/esos.o
__u8_esos_mail_routines_dummy_uint8               build/esos_mail.o
__user_init_hw                                    build/m4_timer_uart_app.o
__utoa                                            /home/ryan/Documents/Gitlab/embedded-systems-development-milestones/ARM/gcc-arm-none-eabi-10.3-2021.10/bin/../lib/gcc/arm-none-eabi/10.3.1/../../../../arm-none-eabi/lib/thumb/v7e-m+fp/hard/libc_nano.a(lib_a-utoa.o)
                                                  /home/ryan/Documents/Gitlab/embedded-systems-development-milestones/ARM/gcc-arm-none-eabi-10.3-2021.10/bin/../lib/gcc/arm-none-eabi/10.3.1/../../../../arm-none-eabi/lib/thumb/v7e-m+fp/hard/libc_nano.a(lib_a-itoa.o)
_data                                             /home/ryan/Documents/Gitlab/embedded-systems-development-milestones/libopencm3/lib/libopencm3_stm32l4.a(vector.o)
_data_loadaddr                                    /home/ryan/Documents/Gitlab/embedded-systems-development-milestones/libopencm3/lib/libopencm3_stm32l4.a(vector.o)
_ebss                                             /home/ryan/Documents/Gitlab/embedded-systems-development-milestones/libopencm3/lib/libopencm3_stm32l4.a(vector.o)
_edata                                            /home/ryan/Documents/Gitlab/embedded-systems-development-milestones/libopencm3/lib/libopencm3_stm32l4.a(vector.o)
_esos_hw_GetSerialUartVersion                     build/esos_stm32l4_rs232.o
_stack                                            /home/ryan/Documents/Gitlab/embedded-systems-development-milestones/libopencm3/lib/libopencm3_stm32l4.a(vector.o)
adc1_2_isr                                        /home/ryan/Documents/Gitlab/embedded-systems-development-milestones/libopencm3/lib/libopencm3_stm32l4.a(vector.o)
adc3_isr                                          /home/ryan/Documents/Gitlab/embedded-systems-development-milestones/libopencm3/lib/libopencm3_stm32l4.a(vector.o)
aes_isr                                           /home/ryan/Documents/Gitlab/embedded-systems-development-milestones/libopencm3/lib/libopencm3_stm32l4.a(vector.o)
blocking_handler                                  /home/ryan/Documents/Gitlab/embedded-systems-development-milestones/libopencm3/lib/libopencm3_stm32l4.a(vector.o)
bus_fault_handler                                 /home/ryan/Documents/Gitlab/embedded-systems-development-milestones/libopencm3/lib/libopencm3_stm32l4.a(vector.o)
can1_rx0_isr                                      /home/ryan/Documents/Gitlab/embedded-systems-development-milestones/libopencm3/lib/libopencm3_stm32l4.a(vector.o)
can1_rx1_isr                                      /home/ryan/Documents/Gitlab/embedded-systems-development-milestones/libopencm3/lib/libopencm3_stm32l4.a(vector.o)
can1_sce_isr                                      /home/ryan/Documents/Gitlab/embedded-systems-development-milestones/libopencm3/lib/libopencm3_stm32l4.a(vector.o)
can1_tx_isr                                       /home/ryan/Documents/Gitlab/embedded-systems-development-milestones/libopencm3/lib/libopencm3_stm32l4.a(vector.o)
can2_rx0_isr                                      /home/ryan/Documents/Gitlab/embedded-systems-development-milestones/libopencm3/lib/libopencm3_stm32l4.a(vector.o)
can2_rx1_isr                                      /home/ryan/Documents/Gitlab/embedded-systems-development-milestones/libopencm3/lib/libopencm3_stm32l4.a(vector.o)
can2_sce_isr                                      /home/ryan/Documents/Gitlab/embedded-systems-development-milestones/libopencm3/lib/libopencm3_stm32l4.a(vector.o)
can2_tx_isr                                       /home/ryan/Documents/Gitlab/embedded-systems-development-milestones/libopencm3/lib/libopencm3_stm32l4.a(vector.o)
cm3_assert_failed                                 /home/ryan/Documents/Gitlab/embedded-systems-development-milestones/libopencm3/lib/libopencm3_stm32l4.a(assert.o)
                                                  /home/ryan/Documents/Gitlab/embedded-systems-development-milestones/libopencm3/lib/libopencm3_stm32l4.a(rcc.o)
cm3_assert_failed_verbose                         /home/ryan/Documents/Gitlab/embedded-systems-development-milestones/libopencm3/lib/libopencm3_stm32l4.a(assert.o)
comp_isr                                          /home/ryan/Documents/Gitlab/embedded-systems-development-milestones/libopencm3/lib/libopencm3_stm32l4.a(vector.o)
count                                             build/esos_stm32l4_tick.o
dcmi_isr                                          /home/ryan/Documents/Gitlab/embedded-systems-development-milestones/libopencm3/lib/libopencm3_stm32l4.a(vector.o)
debug_monitor_handler                             /home/ryan/Documents/Gitlab/embedded-systems-development-milestones/libopencm3/lib/libopencm3_stm32l4.a(vector.o)
dfsdm0_isr                                        /home/ryan/Documents/Gitlab/embedded-systems-development-milestones/libopencm3/lib/libopencm3_stm32l4.a(vector.o)
dfsdm1_isr                                        /home/ryan/Documents/Gitlab/embedded-systems-development-milestones/libopencm3/lib/libopencm3_stm32l4.a(vector.o)
dfsdm2_isr                                        /home/ryan/Documents/Gitlab/embedded-systems-development-milestones/libopencm3/lib/libopencm3_stm32l4.a(vector.o)
dfsdm3_isr                                        /home/ryan/Documents/Gitlab/embedded-systems-development-milestones/libopencm3/lib/libopencm3_stm32l4.a(vector.o)
dma1_channel1_isr                                 /home/ryan/Documents/Gitlab/embedded-systems-development-milestones/libopencm3/lib/libopencm3_stm32l4.a(vector.o)
dma1_channel2_isr                                 /home/ryan/Documents/Gitlab/embedded-systems-development-milestones/libopencm3/lib/libopencm3_stm32l4.a(vector.o)
dma1_channel3_isr                                 /home/ryan/Documents/Gitlab/embedded-systems-development-milestones/libopencm3/lib/libopencm3_stm32l4.a(vector.o)
dma1_channel4_isr                                 /home/ryan/Documents/Gitlab/embedded-systems-development-milestones/libopencm3/lib/libopencm3_stm32l4.a(vector.o)
dma1_channel5_isr                                 /home/ryan/Documents/Gitlab/embedded-systems-development-milestones/libopencm3/lib/libopencm3_stm32l4.a(vector.o)
dma1_channel6_isr                                 /home/ryan/Documents/Gitlab/embedded-systems-development-milestones/libopencm3/lib/libopencm3_stm32l4.a(vector.o)
dma1_channel7_isr                                 /home/ryan/Documents/Gitlab/embedded-systems-development-milestones/libopencm3/lib/libopencm3_stm32l4.a(vector.o)
dma2_channel1_isr                                 /home/ryan/Documents/Gitlab/embedded-systems-development-milestones/libopencm3/lib/libopencm3_stm32l4.a(vector.o)
dma2_channel2_isr                                 /home/ryan/Documents/Gitlab/embedded-systems-development-milestones/libopencm3/lib/libopencm3_stm32l4.a(vector.o)
dma2_channel3_isr                                 /home/ryan/Documents/Gitlab/embedded-systems-development-milestones/libopencm3/lib/libopencm3_stm32l4.a(vector.o)
dma2_channel4_isr                                 /home/ryan/Documents/Gitlab/embedded-systems-development-milestones/libopencm3/lib/libopencm3_stm32l4.a(vector.o)
dma2_channel5_isr                                 /home/ryan/Documents/Gitlab/embedded-systems-development-milestones/libopencm3/lib/libopencm3_stm32l4.a(vector.o)
dma2_channel6_isr                                 /home/ryan/Documents/Gitlab/embedded-systems-development-milestones/libopencm3/lib/libopencm3_stm32l4.a(vector.o)
dma2_channel7_isr                                 /home/ryan/Documents/Gitlab/embedded-systems-development-milestones/libopencm3/lib/libopencm3_stm32l4.a(vector.o)
dma2d_isr                                         /home/ryan/Documents/Gitlab/embedded-systems-development-milestones/libopencm3/lib/libopencm3_stm32l4.a(vector.o)
esos_ChangeTimerPeriod                            build/esos.o
esos_GetCommSystemMaxInDataLen                    build/esos_stm32l4_rs232.o
esos_GetCommSystemMaxOutDataLen                   build/esos_stm32l4_rs232.o
esos_GetFreeChildTaskStruct                       build/esos.o
esos_GetMaxNumberTasks                            build/esos.o
esos_GetRandomUint32                              build/esos_utils.o
esos_GetTaskHandle                                build/esos.o
esos_GetTaskHandleFromID                          build/esos.o
                                                  build/esos_mail.o
esos_GetTimerHandle                               build/esos.o
esos_RegisterTask                                 build/esos.o
                                                  build/m4_timer_uart_app.o
esos_RegisterTimer                                build/esos.o
esos_UnregisterTask                               build/esos.o
esos_UnregisterTimer                              build/esos.o
esos_buffer_hash_u32                              build/esos_utils.o
esos_hash_u32_to_u16                              build/esos_utils.o
esos_string_hash_u32                              build/esos_utils.o
esos_taskname_hash_u16                            build/esos_utils.o
esos_tick_count                                   build/esos_stm32l4_tick.o
exti0_isr                                         /home/ryan/Documents/Gitlab/embedded-systems-development-milestones/libopencm3/lib/libopencm3_stm32l4.a(vector.o)
exti15_10_isr                                     /home/ryan/Documents/Gitlab/embedded-systems-development-milestones/libopencm3/lib/libopencm3_stm32l4.a(vector.o)
exti1_isr                                         /home/ryan/Documents/Gitlab/embedded-systems-development-milestones/libopencm3/lib/libopencm3_stm32l4.a(vector.o)
exti2_isr                                         /home/ryan/Documents/Gitlab/embedded-systems-development-milestones/libopencm3/lib/libopencm3_stm32l4.a(vector.o)
exti3_isr                                         /home/ryan/Documents/Gitlab/embedded-systems-development-milestones/libopencm3/lib/libopencm3_stm32l4.a(vector.o)
exti4_isr                                         /home/ryan/Documents/Gitlab/embedded-systems-development-milestones/libopencm3/lib/libopencm3_stm32l4.a(vector.o)
exti9_5_isr                                       /home/ryan/Documents/Gitlab/embedded-systems-development-milestones/libopencm3/lib/libopencm3_stm32l4.a(vector.o)
flash_LED                                         build/m4_timer_uart_app.o
flash_dcache_disable                              /home/ryan/Documents/Gitlab/embedded-systems-development-milestones/libopencm3/lib/libopencm3_stm32l4.a(flash_common_idcache.o)
flash_dcache_enable                               /home/ryan/Documents/Gitlab/embedded-systems-development-milestones/libopencm3/lib/libopencm3_stm32l4.a(flash_common_idcache.o)
                                                  build/esos_stm32l4_tick.o
flash_dcache_reset                                /home/ryan/Documents/Gitlab/embedded-systems-development-milestones/libopencm3/lib/libopencm3_stm32l4.a(flash_common_idcache.o)
flash_icache_disable                              /home/ryan/Documents/Gitlab/embedded-systems-development-milestones/libopencm3/lib/libopencm3_stm32l4.a(flash_common_idcache.o)
flash_icache_enable                               /home/ryan/Documents/Gitlab/embedded-systems-development-milestones/libopencm3/lib/libopencm3_stm32l4.a(flash_common_idcache.o)
                                                  build/esos_stm32l4_tick.o
flash_icache_reset                                /home/ryan/Documents/Gitlab/embedded-systems-development-milestones/libopencm3/lib/libopencm3_stm32l4.a(flash_common_idcache.o)
flash_isr                                         /home/ryan/Documents/Gitlab/embedded-systems-development-milestones/libopencm3/lib/libopencm3_stm32l4.a(vector.o)
flash_prefetch_disable                            /home/ryan/Documents/Gitlab/embedded-systems-development-milestones/libopencm3/lib/libopencm3_stm32l4.a(flash_common_all.o)
flash_prefetch_enable                             /home/ryan/Documents/Gitlab/embedded-systems-development-milestones/libopencm3/lib/libopencm3_stm32l4.a(flash_common_all.o)
                                                  build/esos_stm32l4_tick.o
flash_set_ws                                      /home/ryan/Documents/Gitlab/embedded-systems-development-milestones/libopencm3/lib/libopencm3_stm32l4.a(flash_common_all.o)
                                                  build/esos_stm32l4_tick.o
flash_unlock_option_bytes                         /home/ryan/Documents/Gitlab/embedded-systems-development-milestones/libopencm3/lib/libopencm3_stm32l4.a(flash_common_all.o)
fmc_isr                                           /home/ryan/Documents/Gitlab/embedded-systems-development-milestones/libopencm3/lib/libopencm3_stm32l4.a(vector.o)
fpu_isr                                           /home/ryan/Documents/Gitlab/embedded-systems-development-milestones/libopencm3/lib/libopencm3_stm32l4.a(vector.o)
gpio_clear                                        /home/ryan/Documents/Gitlab/embedded-systems-development-milestones/libopencm3/lib/libopencm3_stm32l4.a(gpio_common_all.o)
gpio_get                                          /home/ryan/Documents/Gitlab/embedded-systems-development-milestones/libopencm3/lib/libopencm3_stm32l4.a(gpio_common_all.o)
                                                  build/m4_timer_uart_app.o
gpio_mode_setup                                   /home/ryan/Documents/Gitlab/embedded-systems-development-milestones/libopencm3/lib/libopencm3_stm32l4.a(gpio_common_f0234.o)
                                                  build/esos_stm32l4_rs232.o
                                                  build/m4_timer_uart_app.o
gpio_port_config_lock                             /home/ryan/Documents/Gitlab/embedded-systems-development-milestones/libopencm3/lib/libopencm3_stm32l4.a(gpio_common_all.o)
gpio_port_read                                    /home/ryan/Documents/Gitlab/embedded-systems-development-milestones/libopencm3/lib/libopencm3_stm32l4.a(gpio_common_all.o)
gpio_port_write                                   /home/ryan/Documents/Gitlab/embedded-systems-development-milestones/libopencm3/lib/libopencm3_stm32l4.a(gpio_common_all.o)
gpio_set                                          /home/ryan/Documents/Gitlab/embedded-systems-development-milestones/libopencm3/lib/libopencm3_stm32l4.a(gpio_common_all.o)
gpio_set_af                                       /home/ryan/Documents/Gitlab/embedded-systems-development-milestones/libopencm3/lib/libopencm3_stm32l4.a(gpio_common_f0234.o)
                                                  build/esos_stm32l4_rs232.o
gpio_set_output_options                           /home/ryan/Documents/Gitlab/embedded-systems-development-milestones/libopencm3/lib/libopencm3_stm32l4.a(gpio_common_f0234.o)